<html>
<body>
<pre>
<h1>µVision Build Log</h1>
<h2>Tool Versions:</h2>
IDE-Version: ¦ÌVision V5.41.0.0
Copyright (C) 2024 ARM Ltd and ARM Germany GmbH. All rights reserved.
License Information: 1 discipline, 1, LIC=VGXG8-3BMQV-2ZMW4-FG5U6-UTX50-MT3N6
 
Tool Versions:
Toolchain:       MDK-ARM Plus  Version: 5.41.0.0
Toolchain Path:  C:\Users\discipline\AppData\Local\Keil_v5\ARM\ARMCLANG\Bin
C Compiler:      ArmClang.exe V6.22
Assembler:       Armasm.exe V6.22
Linker/Locator:  ArmLink.exe V6.22
Library Manager: ArmAr.exe V6.22
Hex Converter:   FromElf.exe V6.22
CPU DLL:         SARMCM3.DLL V5.41.0.0
Dialog DLL:      DCM.DLL V1.17.5.0
Target DLL:      CMSIS_AGDI.dll V1.33.21.0
Dialog DLL:      TCM.DLL V1.56.4.0
 
<h2>Project:</h2>
c:\Users\discipline\developer_workspace\code\rm\guard-lowcomputer-23\lowerComputer\MDK-ARM\standard_robot.uvprojx
Project File Date:  12/29/2024

<h2>Output:</h2>
*** Using Compiler 'V6.22', folder: 'C:\Users\discipline\AppData\Local\Keil_v5\ARM\ARMCLANG\Bin'
Build target 'standard_robot'
compiling vision_task.c...
compiling chassis_power_control.c...
compiling freertos.c...
compiling gimbal_behaviour.c...
compiling usbd_cdc_if.c...
compiling gimbal_task.c...
compiling main.c...
compiling chassis_behaviour.c...
compiling shoot_task.c...
compiling chassis_task.c...
linking...
Program Size: Code=122468 RO-data=7528 RW-data=660 ZI-data=59668  
"standard_tpye_c\standard_tpye_c.axf" - 0 Error(s), 0 Warning(s).

<h2>Software Packages used:</h2>

Package Vendor: ARM
                https://www.keil.com/pack/ARM.CMSIS.6.1.0.pack
                ARM::CMSIS@6.1.0
                CMSIS (Common Microcontroller Software Interface Standard)
   * Component: CORE Version: 6.1.0

Package Vendor: Keil
                https://www.keil.com/pack/Keil.STM32F4xx_DFP.2.17.1.pack
                Keil::STM32F4xx_DFP@2.17.1
                STMicroelectronics STM32F4 Series Device Support, Drivers and Examples

<h2>Collection of Component include folders:</h2>
  ./RTE/_standard_robot
  C:/Users/discipline/AppData/Local/arm/packs/ARM/CMSIS/6.1.0/CMSIS/Core/Include
  C:/Users/discipline/AppData/Local/arm/packs/Keil/STM32F4xx_DFP/2.17.1/Drivers/CMSIS/Device/ST/STM32F4xx/Include

<h2>Collection of Component Files used:</h2>

   * Component: ARM::CMSIS:CORE@6.1.0
Build Time Elapsed:  00:00:02
</pre>
</body>
</html>
