Component: ARM Compiler 5.06 update 7 (build 960) Tool: armlink [4d3601]

==============================================================================

Section Cross References

    startup_stm32f407xx.o(RESET) refers to startup_stm32f407xx.o(STACK) for __initial_sp
    startup_stm32f407xx.o(RESET) refers to startup_stm32f407xx.o(.text) for Reset_Handler
    startup_stm32f407xx.o(RESET) refers to stm32f4xx_it.o(i.NMI_Handler) for NMI_Handler
    startup_stm32f407xx.o(RESET) refers to stm32f4xx_it.o(i.HardFault_Handler) for HardFault_Handler
    startup_stm32f407xx.o(RESET) refers to stm32f4xx_it.o(i.MemManage_Handler) for MemManage_Handler
    startup_stm32f407xx.o(RESET) refers to stm32f4xx_it.o(i.BusFault_Handler) for BusFault_Handler
    startup_stm32f407xx.o(RESET) refers to stm32f4xx_it.o(i.UsageFault_Handler) for UsageFault_Handler
    startup_stm32f407xx.o(RESET) refers to port.o(.emb_text) for SVC_Handler
    startup_stm32f407xx.o(RESET) refers to stm32f4xx_it.o(i.DebugMon_Handler) for DebugMon_Handler
    startup_stm32f407xx.o(RESET) refers to stm32f4xx_it.o(i.SysTick_Handler) for SysTick_Handler
    startup_stm32f407xx.o(RESET) refers to stm32f4xx_it.o(i.EXTI0_IRQHandler) for EXTI0_IRQHandler
    startup_stm32f407xx.o(RESET) refers to stm32f4xx_it.o(i.EXTI3_IRQHandler) for EXTI3_IRQHandler
    startup_stm32f407xx.o(RESET) refers to stm32f4xx_it.o(i.EXTI4_IRQHandler) for EXTI4_IRQHandler
    startup_stm32f407xx.o(RESET) refers to stm32f4xx_it.o(i.CAN1_RX0_IRQHandler) for CAN1_RX0_IRQHandler
    startup_stm32f407xx.o(RESET) refers to stm32f4xx_it.o(i.EXTI9_5_IRQHandler) for EXTI9_5_IRQHandler
    startup_stm32f407xx.o(RESET) refers to vision_usart.o(i.USART1_IRQHandler) for USART1_IRQHandler
    startup_stm32f407xx.o(RESET) refers to remote_control.o(i.USART3_IRQHandler) for USART3_IRQHandler
    startup_stm32f407xx.o(RESET) refers to bsp_i2c.o(i.DMA1_Stream7_IRQHandler) for DMA1_Stream7_IRQHandler
    startup_stm32f407xx.o(RESET) refers to stm32f4xx_it.o(i.DMA2_Stream1_IRQHandler) for DMA2_Stream1_IRQHandler
    startup_stm32f407xx.o(RESET) refers to ins_task.o(i.DMA2_Stream2_IRQHandler) for DMA2_Stream2_IRQHandler
    startup_stm32f407xx.o(RESET) refers to stm32f4xx_it.o(i.CAN2_RX0_IRQHandler) for CAN2_RX0_IRQHandler
    startup_stm32f407xx.o(RESET) refers to stm32f4xx_it.o(i.OTG_FS_IRQHandler) for OTG_FS_IRQHandler
    startup_stm32f407xx.o(RESET) refers to stm32f4xx_it.o(i.DMA2_Stream5_IRQHandler) for DMA2_Stream5_IRQHandler
    startup_stm32f407xx.o(RESET) refers to stm32f4xx_it.o(i.DMA2_Stream6_IRQHandler) for DMA2_Stream6_IRQHandler
    startup_stm32f407xx.o(RESET) refers to stm32f4xx_it.o(i.DMA2_Stream7_IRQHandler) for DMA2_Stream7_IRQHandler
    startup_stm32f407xx.o(RESET) refers to referee_usart_task.o(i.USART6_IRQHandler) for USART6_IRQHandler
    startup_stm32f407xx.o(.text) refers to system_stm32f4xx.o(i.SystemInit) for SystemInit
    startup_stm32f407xx.o(.text) refers to entry.o(.ARM.Collect$$$$00000000) for __main
    main.o(i.SystemClock_Config) refers to memseta.o(.text) for __aeabi_memclr4
    main.o(i.SystemClock_Config) refers to stm32f4xx_hal_rcc.o(i.HAL_RCC_OscConfig) for HAL_RCC_OscConfig
    main.o(i.SystemClock_Config) refers to main.o(i.Error_Handler) for Error_Handler
    main.o(i.SystemClock_Config) refers to stm32f4xx_hal_rcc.o(i.HAL_RCC_ClockConfig) for HAL_RCC_ClockConfig
    main.o(i.SystemClock_Config) refers to stm32f4xx_hal_rcc_ex.o(i.HAL_RCCEx_PeriphCLKConfig) for HAL_RCCEx_PeriphCLKConfig
    main.o(i.main) refers to stm32f4xx_hal.o(i.HAL_Init) for HAL_Init
    main.o(i.main) refers to main.o(i.SystemClock_Config) for SystemClock_Config
    main.o(i.main) refers to gpio.o(i.MX_GPIO_Init) for MX_GPIO_Init
    main.o(i.main) refers to dma.o(i.MX_DMA_Init) for MX_DMA_Init
    main.o(i.main) refers to adc.o(i.MX_ADC1_Init) for MX_ADC1_Init
    main.o(i.main) refers to adc.o(i.MX_ADC3_Init) for MX_ADC3_Init
    main.o(i.main) refers to can.o(i.MX_CAN1_Init) for MX_CAN1_Init
    main.o(i.main) refers to can.o(i.MX_CAN2_Init) for MX_CAN2_Init
    main.o(i.main) refers to i2c.o(i.MX_I2C1_Init) for MX_I2C1_Init
    main.o(i.main) refers to spi.o(i.MX_SPI1_Init) for MX_SPI1_Init
    main.o(i.main) refers to tim.o(i.MX_TIM4_Init) for MX_TIM4_Init
    main.o(i.main) refers to tim.o(i.MX_TIM5_Init) for MX_TIM5_Init
    main.o(i.main) refers to usart.o(i.MX_USART3_UART_Init) for MX_USART3_UART_Init
    main.o(i.main) refers to tim.o(i.MX_TIM8_Init) for MX_TIM8_Init
    main.o(i.main) refers to crc.o(i.MX_CRC_Init) for MX_CRC_Init
    main.o(i.main) refers to rng.o(i.MX_RNG_Init) for MX_RNG_Init
    main.o(i.main) refers to i2c.o(i.MX_I2C2_Init) for MX_I2C2_Init
    main.o(i.main) refers to i2c.o(i.MX_I2C3_Init) for MX_I2C3_Init
    main.o(i.main) refers to rtc.o(i.MX_RTC_Init) for MX_RTC_Init
    main.o(i.main) refers to spi.o(i.MX_SPI2_Init) for MX_SPI2_Init
    main.o(i.main) refers to tim.o(i.MX_TIM1_Init) for MX_TIM1_Init
[...]
    0x080021b4   0x080021b4   0x00000010   Code   RO         1339    i.DMA2_Stream1_IRQHandler  stm32f4xx_it.o
    0x080021c4   0x080021c4   0x00000898   Code   RO         2994    i.DMA2_Stream2_IRQHandler  ins_task.o
    0x08002a5c   0x08002a5c   0x00000010   Code   RO         1340    i.DMA2_Stream5_IRQHandler  stm32f4xx_it.o
    0x08002a6c   0x08002a6c   0x00000010   Code   RO         1341    i.DMA2_Stream6_IRQHandler  stm32f4xx_it.o
    0x08002a7c   0x08002a7c   0x00000010   Code   RO         1342    i.DMA2_Stream7_IRQHandler  stm32f4xx_it.o
    0x08002a8c   0x08002a8c   0x00000034   Code   RO         6306    i.DMA_CalcBaseAndBitshift  stm32f4xx_hal_dma.o
    0x08002ac0   0x08002ac0   0x0000007e   Code   RO         6307    i.DMA_CheckFifoParam  stm32f4xx_hal_dma.o
    0x08002b3e   0x08002b3e   0x00000038   Code   RO         6308    i.DMA_SetConfig     stm32f4xx_hal_dma.o
    0x08002b76   0x08002b76   0x00000002   Code   RO         1343    i.DebugMon_Handler  stm32f4xx_it.o
    0x08002b78   0x08002b78   0x0000000a   Code   RO         1344    i.EXTI0_IRQHandler  stm32f4xx_it.o
    0x08002b82   0x08002b82   0x0000000a   Code   RO         1345    i.EXTI3_IRQHandler  stm32f4xx_it.o
    0x08002b8c   0x08002b8c   0x0000000a   Code   RO         1346    i.EXTI4_IRQHandler  stm32f4xx_it.o
    0x08002b96   0x08002b96   0x0000000a   Code   RO         1347    i.EXTI9_5_IRQHandler  stm32f4xx_it.o
    0x08002ba0   0x08002ba0   0x00000002   Code   RO           13    i.Error_Handler     main.o
    0x08002ba2   0x08002ba2   0x00000002   PAD
    0x08002ba4   0x08002ba4   0x00000044   Code   RO         2767    i.Fiter             gimbal_behaviour.o
    0x08002be8   0x08002be8   0x00000034   Code   RO         1194    i.Get_SerialNum     usbd_desc.o
    0x08002c1c   0x08002c1c   0x00000174   Code   RO         6976    i.HAL_ADC_ConfigChannel  stm32f4xx_hal_adc.o
    0x08002d90   0x08002d90   0x00000006   Code   RO         6983    i.HAL_ADC_GetValue  stm32f4xx_hal_adc.o
    0x08002d96   0x08002d96   0x00000056   Code   RO         6985    i.HAL_ADC_Init      stm32f4xx_hal_adc.o
    0x08002dec   0x08002dec   0x000000ac   Code   RO          471    i.HAL_ADC_MspInit   adc.o
    0x08002e98   0x08002e98   0x000000ba   Code   RO         6989    i.HAL_ADC_PollForConversion  stm32f4xx_hal_adc.o
    0x08002f52   0x08002f52   0x00000002   PAD
    0x08002f54   0x08002f54   0x00000118   Code   RO         6991    i.HAL_ADC_Start     stm32f4xx_hal_adc.o
    0x0800306c   0x0800306c   0x00000024   Code   RO         7247    i.HAL_CAN_ActivateNotification  stm32f4xx_hal_can.o
    0x08003090   0x08003090   0x00000104   Code   RO         7248    i.HAL_CAN_AddTxMessage  stm32f4xx_hal_can.o
    0x08003194   0x08003194   0x00000128   Code   RO         7249    i.HAL_CAN_ConfigFilter  stm32f4xx_hal_can.o
    0x080032bc   0x080032bc   0x00000002   Code   RO         7252    i.HAL_CAN_ErrorCallback  stm32f4xx_hal_can.o
    0x080032be   0x080032be   0x0000016c   Code   RO         7255    i.HAL_CAN_GetRxMessage  stm32f4xx_hal_can.o
    0x0800342a   0x0800342a   0x00000234   Code   RO         7259    i.HAL_CAN_IRQHandler  stm32f4xx_hal_can.o
    0x0800365e   0x0800365e   0x00000168   Code   RO         7260    i.HAL_CAN_Init      stm32f4xx_hal_can.o
    0x080037c6   0x080037c6   0x00000002   PAD
    0x080037c8   0x080037c8   0x00000160   Code   RO          519    i.HAL_CAN_MspInit   can.o
    0x08003928   0x08003928   0x00000002   Code   RO         7267    i.HAL_CAN_RxFifo0FullCallback  stm32f4xx_hal_can.o
    0x0800392a   0x0800392a   0x00000002   PAD
    0x0800392c   0x0800392c   0x000001d8   Code   RO         3458    i.HAL_CAN_RxFifo0MsgPendingCallback  can_receive.o
    0x08003b04   0x08003b04   0x00000002   Code   RO         7269    i.HAL_CAN_RxFifo1FullCallback  stm32f4xx_hal_can.o
    0x08003b06   0x08003b06   0x00000002   Code   RO         7270    i.HAL_CAN_RxFifo1MsgPendingCallback  stm32f4xx_hal_can.o
    0x08003b08   0x08003b08   0x00000002   Code   RO         7271    i.HAL_CAN_SleepCallback  stm32f4xx_hal_can.o
    0x08003b0a   0x08003b0a   0x00000064   Code   RO         7272    i.HAL_CAN_Start     stm32f4xx_hal_can.o
    0x08003b6e   0x08003b6e   0x00000002   Code   RO         7274    i.HAL_CAN_TxMailbox0AbortCallback  stm32f4xx_hal_can.o
    0x08003b70   0x08003b70   0x00000002   Code   RO         7275    i.HAL_CAN_TxMailbox0CompleteCallback  stm32f4xx_hal_can.o
    0x08003b72   0x08003b72   0x00000002   Code   RO         7276    i.HAL_CAN_TxMailbox1AbortCallback  stm32f4xx_hal_can.o
    0x08003b74   0x08003b74   0x00000002   Code   RO         7277    i.HAL_CAN_TxMailbox1CompleteCallback  stm32f4xx_hal_can.o
    0x08003b76   0x08003b76   0x00000002   Code   RO         7278    i.HAL_CAN_TxMailbox2AbortCallback  stm32f4xx_hal_can.o
    0x08003b78   0x08003b78   0x00000002   Code   RO         7279    i.HAL_CAN_TxMailbox2CompleteCallback  stm32f4xx_hal_can.o
    0x08003b7a   0x08003b7a   0x00000002   Code   RO         7281    i.HAL_CAN_WakeUpFromRxMsgCallback  stm32f4xx_hal_can.o
    0x08003b7c   0x08003b7c   0x00000028   Code   RO         7484    i.HAL_CRC_Init      stm32f4xx_hal_crc.o
    0x08003ba4   0x08003ba4   0x00000034   Code   RO          568    i.HAL_CRC_MspInit   crc.o
    0x08003bd8   0x08003bd8   0x00000024   Code   RO         6310    i.HAL_DMA_Abort_IT  stm32f4xx_hal_dma.o
    0x08003bfc   0x08003bfc   0x00000006   Code   RO         6313    i.HAL_DMA_GetState  stm32f4xx_hal_dma.o
    0x08003c02   0x08003c02   0x00000002   PAD
    0x08003c04   0x08003c04   0x000001ec   Code   RO         6314    i.HAL_DMA_IRQHandler  stm32f4xx_hal_dma.o
    0x08003df0   0x08003df0   0x000000ec   Code   RO         6315    i.HAL_DMA_Init      stm32f4xx_hal_dma.o
    0x08003edc   0x08003edc   0x0000007a   Code   RO         6319    i.HAL_DMA_Start_IT  stm32f4xx_hal_dma.o
    0x08003f56   0x08003f56   0x00000002   PAD
    0x08003f58   0x08003f58   0x00000028   Code   RO         6723    i.HAL_Delay         stm32f4xx_hal.o
    0x08003f80   0x08003f80   0x000000b8   Code   RO         2995    i.HAL_GPIO_EXTI_Callback  ins_task.o
    0x08004038   0x08004038   0x00000018   Code   RO         6201    i.HAL_GPIO_EXTI_IRQHandler  stm32f4xx_hal_gpio.o
    0x08004050   0x08004050   0x0000021c   Code   RO         6202    i.HAL_GPIO_Init     stm32f4xx_hal_gpio.o
    0x0800426c   0x0800426c   0x0000000e   Code   RO         6204    i.HAL_GPIO_ReadPin  stm32f4xx_hal_gpio.o
    0x0800427a   0x0800427a   0x0000000e   Code   RO         6206    i.HAL_GPIO_WritePin  stm32f4xx_hal_gpio.o
    0x08004288   0x08004288   0x0000000c   Code   RO         6729    i.HAL_GetTick       stm32f4xx_hal.o
    0x08004294   0x08004294   0x00000198   Code   RO         7551    i.HAL_I2C_Init      stm32f4xx_hal_i2c.o
    0x0800442c   0x0800442c   0x00000160   Code   RO         7564    i.HAL_I2C_Master_Transmit  stm32f4xx_hal_i2c.o
    0x0800458c   0x0800458c   0x000002c0   Code   RO         7569    i.HAL_I2C_Mem_Read  stm32f4xx_hal_i2c.o
    0x0800484c   0x0800484c   0x00000174   Code   RO         7572    i.HAL_I2C_Mem_Write  stm32f4xx_hal_i2c.o
    0x080049c0   0x080049c0   0x00000208   Code   RO          634    i.HAL_I2C_MspInit   i2c.o
    0x08004bc8   0x08004bc8   0x00000010   Code   RO         6735    i.HAL_IncTick       stm32f4xx_hal.o
    0x08004bd8   0x08004bd8   0x00000034   Code   RO         6736    i.HAL_Init          stm32f4xx_hal.o
    0x08004c0c   0x08004c0c   0x00000044   Code   RO         6737    i.HAL_InitTick      stm32f4xx_hal.o
    0x08004c50   0x08004c50   0x00000054   Code   RO         1466    i.HAL_MspInit       stm32f4xx_hal_msp.o
    0x08004ca4   0x08004ca4   0x0000001c   Code   RO         6591    i.HAL_NVIC_EnableIRQ  stm32f4xx_hal_cortex.o
    0x08004cc0   0x08004cc0   0x00000068   Code   RO         6597    i.HAL_NVIC_SetPriority  stm32f4xx_hal_cortex.o
    0x08004d28   0x08004d28   0x00000024   Code   RO         6598    i.HAL_NVIC_SetPriorityGrouping  stm32f4xx_hal_cortex.o
    0x08004d4c   0x08004d4c   0x00000002   Code   RO         5455    i.HAL_PCDEx_LPM_Callback  stm32f4xx_hal_pcd_ex.o
    0x08004d4e   0x08004d4e   0x00000008   Code   RO         5456    i.HAL_PCDEx_SetRxFiFo  stm32f4xx_hal_pcd_ex.o
    0x08004d56   0x08004d56   0x0000004a   Code   RO         5457    i.HAL_PCDEx_SetTxFiFo  stm32f4xx_hal_pcd_ex.o
    0x08004da0   0x08004da0   0x0000000e   Code   RO          999    i.HAL_PCD_ConnectCallback  usbd_conf.o
    0x08004dae   0x08004dae   0x00000020   Code   RO         1000    i.HAL_PCD_DataInStageCallback  usbd_conf.o
    0x08004dce   0x08004dce   0x00000020   Code   RO         1001    i.HAL_PCD_DataOutStageCallback  usbd_conf.o
    0x08004dee   0x08004dee   0x0000000e   Code   RO         1002    i.HAL_PCD_DisconnectCallback  usbd_conf.o
    0x08004dfc   0x08004dfc   0x0000004a   Code   RO         5238    i.HAL_PCD_EP_Close  stm32f4xx_hal_pcd.o
    0x08004e46   0x08004e46   0x0000005c   Code   RO         5239    i.HAL_PCD_EP_ClrStall  stm32f4xx_hal_pcd.o
    0x08004ea2   0x08004ea2   0x00000012   Code   RO         5241    i.HAL_PCD_EP_GetRxCount  stm32f4xx_hal_pcd.o
    0x08004eb4   0x08004eb4   0x0000005c   Code   RO         5242    i.HAL_PCD_EP_Open   stm32f4xx_hal_pcd.o
    0x08004f10   0x08004f10   0x00000046   Code   RO         5243    i.HAL_PCD_EP_Receive  stm32f4xx_hal_pcd.o
    0x08004f56   0x08004f56   0x00000074   Code   RO         5244    i.HAL_PCD_EP_SetStall  stm32f4xx_hal_pcd.o
    0x08004fca   0x08004fca   0x00000046   Code   RO         5245    i.HAL_PCD_EP_Transmit  stm32f4xx_hal_pcd.o
    0x08005010   0x08005010   0x0000042e   Code   RO         5247    i.HAL_PCD_IRQHandler  stm32f4xx_hal_pcd.o
    0x0800543e   0x0800543e   0x00000012   Code   RO         1003    i.HAL_PCD_ISOINIncompleteCallback  usbd_conf.o
    0x08005450   0x08005450   0x00000012   Code   RO         1004    i.HAL_PCD_ISOOUTIncompleteCallback  usbd_conf.o
    0x08005462   0x08005462   0x00000140   Code   RO         5250    i.HAL_PCD_Init      stm32f4xx_hal_pcd.o
    0x080055a2   0x080055a2   0x00000002   PAD
    0x080055a4   0x080055a4   0x000000a8   Code   RO         1006    i.HAL_PCD_MspInit   usbd_conf.o
    0x0800564c   0x0800564c   0x00000030   Code   RO         1007    i.HAL_PCD_ResetCallback  usbd_conf.o
    0x0800567c   0x0800567c   0x0000000e   Code   RO         1008    i.HAL_PCD_ResumeCallback  usbd_conf.o
    0x0800568a   0x0800568a   0x0000000e   Code   RO         1009    i.HAL_PCD_SOFCallback  usbd_conf.o
    0x08005698   0x08005698   0x00000028   Code   RO         5256    i.HAL_PCD_SetAddress  stm32f4xx_hal_pcd.o
    0x080056c0   0x080056c0   0x00000012   Code   RO         1010    i.HAL_PCD_SetupStageCallback  usbd_conf.o
    0x080056d2   0x080056d2   0x00000042   Code   RO         5258    i.HAL_PCD_Start     stm32f4xx_hal_pcd.o
    0x08005714   0x08005714   0x00000034   Code   RO         1011    i.HAL_PCD_SuspendCallback  usbd_conf.o
    0x08005748   0x08005748   0x0000017c   Code   RO         5908    i.HAL_RCCEx_PeriphCLKConfig  stm32f4xx_hal_rcc_ex.o
    0x080058c4   0x080058c4   0x00000174   Code   RO         5803    i.HAL_RCC_ClockConfig  stm32f4xx_hal_rcc.o
    0x08005a38   0x08005a38   0x0000000c   Code   RO         5808    i.HAL_RCC_GetHCLKFreq  stm32f4xx_hal_rcc.o
    0x08005a44   0x08005a44   0x00000020   Code   RO         5810    i.HAL_RCC_GetPCLK1Freq  stm32f4xx_hal_rcc.o
    0x08005a64   0x08005a64   0x00000020   Code   RO         5811    i.HAL_RCC_GetPCLK2Freq  stm32f4xx_hal_rcc.o
    0x08005a84   0x08005a84   0x00000070   Code   RO         5812    i.HAL_RCC_GetSysClockFreq  stm32f4xx_hal_rcc.o
    0x08005af4   0x08005af4   0x00000436   Code   RO         5815    i.HAL_RCC_OscConfig  stm32f4xx_hal_rcc.o
    0x08005f2a   0x08005f2a   0x00000034   Code   RO         8029    i.HAL_RNG_Init      stm32f4xx_hal_rng.o
    0x08005f5e   0x08005f5e   0x00000002   PAD
    0x08005f60   0x08005f60   0x00000034   Code   RO          688    i.HAL_RNG_MspInit   rng.o
    0x08005f94   0x08005f94   0x000000ba   Code   RO         8130    i.HAL_RTC_Init      stm32f4xx_hal_rtc.o
    0x0800604e   0x0800604e   0x00000002   PAD
    0x08006050   0x08006050   0x00000018   Code   RO          730    i.HAL_RTC_MspInit   rtc.o
    0x08006068   0x08006068   0x0000003c   Code   RO         8138    i.HAL_RTC_WaitForSynchro  stm32f4xx_hal_rtc.o
    0x080060a4   0x080060a4   0x00000082   Code   RO         8499    i.HAL_SPI_Init      stm32f4xx_hal_spi.o
    0x08006126   0x08006126   0x00000002   PAD
    0x08006128   0x08006128   0x000001cc   Code   RO          772    i.HAL_SPI_MspInit   spi.o
    0x080062f4   0x080062f4   0x000001f8   Code   RO         8508    i.HAL_SPI_TransmitReceive  stm32f4xx_hal_spi.o
    0x080064ec   0x080064ec   0x00000028   Code   RO         6602    i.HAL_SYSTICK_Config  stm32f4xx_hal_cortex.o
    0x08006514   0x08006514   0x00000066   Code   RO         9501    i.HAL_TIMEx_ConfigBreakDeadTime  stm32f4xx_hal_tim_ex.o
    0x0800657a   0x0800657a   0x0000004e   Code   RO         9516    i.HAL_TIMEx_MasterConfigSynchronization  stm32f4xx_hal_tim_ex.o
    0x080065c8   0x080065c8   0x00000038   Code   RO         8812    i.HAL_TIM_Base_Init  stm32f4xx_hal_tim.o
    0x08006600   0x08006600   0x0000011c   Code   RO          820    i.HAL_TIM_Base_MspInit  tim.o
    0x0800671c   0x0800671c   0x00000024   Code   RO         8815    i.HAL_TIM_Base_Start  stm32f4xx_hal_tim.o
    0x08006740   0x08006740   0x000000e4   Code   RO         8821    i.HAL_TIM_ConfigClockSource  stm32f4xx_hal_tim.o
    0x08006824   0x08006824   0x000002b0   Code   RO          821    i.HAL_TIM_MspPostInit  tim.o
    0x08006ad4   0x08006ad4   0x000000dc   Code   RO         8879    i.HAL_TIM_PWM_ConfigChannel  stm32f4xx_hal_tim.o
    0x08006bb0   0x08006bb0   0x00000038   Code   RO         8882    i.HAL_TIM_PWM_Init  stm32f4xx_hal_tim.o
    0x08006be8   0x08006be8   0x00000002   Code   RO         8884    i.HAL_TIM_PWM_MspInit  stm32f4xx_hal_tim.o
    0x08006bea   0x08006bea   0x00000042   Code   RO         8887    i.HAL_TIM_PWM_Start  stm32f4xx_hal_tim.o
    0x08006c2c   0x08006c2c   0x00000002   Code   RO         9770    i.HAL_UART_ErrorCallback  stm32f4xx_hal_uart.o
    0x08006c2e   0x08006c2e   0x00000002   PAD
    0x08006c30   0x08006c30   0x00000138   Code   RO         9773    i.HAL_UART_IRQHandler  stm32f4xx_hal_uart.o
    0x08006d68   0x08006d68   0x00000064   Code   RO         9774    i.HAL_UART_Init     stm32f4xx_hal_uart.o
    0x08006dcc   0x08006dcc   0x0000034c   Code   RO          898    i.HAL_UART_MspInit  usart.o
    0x08007118   0x08007118   0x00000002   Code   RO         9780    i.HAL_UART_RxCpltCallback  stm32f4xx_hal_uart.o
    0x0800711a   0x0800711a   0x00000002   PAD
    0x0800711c   0x0800711c   0x00000098   Code   RO         9783    i.HAL_UART_Transmit_DMA  stm32f4xx_hal_uart.o
    0x080071b4   0x080071b4   0x00000002   Code   RO         9785    i.HAL_UART_TxCpltCallback  stm32f4xx_hal_uart.o
    0x080071b6   0x080071b6   0x00000002   Code   RO         9786    i.HAL_UART_TxHalfCpltCallback  stm32f4xx_hal_uart.o
    0x080071b8   0x080071b8   0x00000004   Code   RO         1348    i.HardFault_Handler  stm32f4xx_it.o
    0x080071bc   0x080071bc   0x00000020   Code   RO         1947    i.I2C2_DMA_transmit  bsp_i2c.o
    0x080071dc   0x080071dc   0x000000c0   Code   RO         1948    i.I2C2_tx_DMA_enable  bsp_i2c.o
    0x0800729c   0x0800729c   0x000000c0   Code   RO         1949    i.I2C2_tx_DMA_init  bsp_i2c.o
    0x0800735c   0x0800735c   0x00000032   Code   RO         7594    i.I2C_IsAcknowledgeFailed  stm32f4xx_hal_i2c.o
    0x0800738e   0x0800738e   0x00000002   PAD
    0x08007390   0x08007390   0x000000a4   Code   RO         7598    i.I2C_MasterRequestWrite  stm32f4xx_hal_i2c.o
    0x08007434   0x08007434   0x00000134   Code   RO         7604    i.I2C_RequestMemoryRead  stm32f4xx_hal_i2c.o
    0x08007568   0x08007568   0x000000c0   Code   RO         7605    i.I2C_RequestMemoryWrite  stm32f4xx_hal_i2c.o
    0x08007628   0x08007628   0x000000fc   Code   RO         1950    i.I2C_TX_DMA_START  bsp_i2c.o
    0x08007724   0x08007724   0x0000005c   Code   RO         7613    i.I2C_WaitOnBTFFlagUntilTimeout  stm32f4xx_hal_i2c.o
    0x08007780   0x08007780   0x000000b4   Code   RO         7614    i.I2C_WaitOnFlagUntilTimeout  stm32f4xx_hal_i2c.o
    0x08007834   0x08007834   0x000000ce   Code   RO         7615    i.I2C_WaitOnMasterAddressFlagUntilTimeout  stm32f4xx_hal_i2c.o
    0x08007902   0x08007902   0x0000007c   Code   RO         7616    i.I2C_WaitOnRXNEFlagUntilTimeout  stm32f4xx_hal_i2c.o
    0x0800797e   0x0800797e   0x0000005c   Code   RO         7618    i.I2C_WaitOnTXEFlagUntilTimeout  stm32f4xx_hal_i2c.o
    0x080079da   0x080079da   0x00000002   PAD
    0x080079dc   0x080079dc   0x0000007c   Code   RO         2996    i.INS_cali_gyro     ins_task.o
    0x08007a58   0x08007a58   0x00000048   Code   RO         2997    i.INS_set_cali_gyro  ins_task.o
    0x08007aa0   0x08007aa0   0x00000304   Code   RO         2998    i.INS_task          ins_task.o
    0x08007da4   0x08007da4   0x0000003e   Code   RO         1195    i.IntToUnicode      usbd_desc.o
    0x08007de2   0x08007de2   0x00000002   PAD
    0x08007de4   0x08007de4   0x00000070   Code   RO          472    i.MX_ADC1_Init      adc.o
    0x08007e54   0x08007e54   0x00000070   Code   RO          473    i.MX_ADC3_Init      adc.o
    0x08007ec4   0x08007ec4   0x00000044   Code   RO          520    i.MX_CAN1_Init      can.o
    0x08007f08   0x08007f08   0x00000044   Code   RO          521    i.MX_CAN2_Init      can.o
    0x08007f4c   0x08007f4c   0x00000020   Code   RO          569    i.MX_CRC_Init       crc.o
    0x08007f6c   0x08007f6c   0x000000c8   Code   RO          609    i.MX_DMA_Init       dma.o
    0x08008034   0x08008034   0x00000178   Code   RO          411    i.MX_FREERTOS_Init  freertos.o
    0x080081ac   0x080081ac   0x00000254   Code   RO          387    i.MX_GPIO_Init      gpio.o
    0x08008400   0x08008400   0x0000003c   Code   RO          635    i.MX_I2C1_Init      i2c.o
    0x0800843c   0x0800843c   0x0000003c   Code   RO          636    i.MX_I2C2_Init      i2c.o
    0x08008478   0x08008478   0x0000003c   Code   RO          637    i.MX_I2C3_Init      i2c.o
    0x080084b4   0x080084b4   0x00000020   Code   RO          689    i.MX_RNG_Init       rng.o
    0x080084d4   0x080084d4   0x00000034   Code   RO          731    i.MX_RTC_Init       rtc.o
    0x08008508   0x08008508   0x00000048   Code   RO          773    i.MX_SPI1_Init      spi.o
    0x08008550   0x08008550   0x00000048   Code   RO          774    i.MX_SPI2_Init      spi.o
    0x08008598   0x08008598   0x0000006c   Code   RO          822    i.MX_TIM10_Init     tim.o
    0x08008604   0x08008604   0x0000010c   Code   RO          823    i.MX_TIM1_Init      tim.o
    0x08008710   0x08008710   0x000000a4   Code   RO          824    i.MX_TIM3_Init      tim.o
    0x080087b4   0x080087b4   0x000000a4   Code   RO          825    i.MX_TIM4_Init      tim.o
    0x08008858   0x08008858   0x000000c4   Code   RO          826    i.MX_TIM5_Init      tim.o
    0x0800891c   0x0800891c   0x000000ec   Code   RO          827    i.MX_TIM8_Init      tim.o
    0x08008a08   0x08008a08   0x00000038   Code   RO          899    i.MX_USART1_UART_Init  usart.o
    0x08008a40   0x08008a40   0x0000003c   Code   RO          900    i.MX_USART3_UART_Init  usart.o
    0x08008a7c   0x08008a7c   0x00000038   Code   RO          901    i.MX_USART6_UART_Init  usart.o
    0x08008ab4   0x08008ab4   0x0000004c   Code   RO          951    i.MX_USB_DEVICE_Init  usb_device.o
    0x08008b00   0x08008b00   0x00000004   Code   RO         1349    i.MemManage_Handler  stm32f4xx_it.o
    0x08008b04   0x08008b04   0x00000002   Code   RO         1350    i.NMI_Handler       stm32f4xx_it.o
    0x08008b06   0x08008b06   0x00000002   PAD
    0x08008b08   0x08008b08   0x0000001c   Code   RO         3871    i.OLED_LOGO         oled.o
    0x08008b24   0x08008b24   0x00000010   Code   RO         3872    i.OLED_check_ack    oled.o
    0x08008b34   0x08008b34   0x0000002c   Code   RO         3873    i.OLED_com_reset    oled.o
    0x08008b60   0x08008b60   0x00000088   Code   RO         3877    i.OLED_draw_point   oled.o
    0x08008be8   0x08008be8   0x000000f8   Code   RO         3878    i.OLED_init         oled.o
    0x08008ce0   0x08008ce0   0x00000054   Code   RO         3879    i.OLED_operate_gram  oled.o
    0x08008d34   0x08008d34   0x00000040   Code   RO         3880    i.OLED_printf       oled.o
    0x08008d74   0x08008d74   0x00000020   Code   RO         3881    i.OLED_refresh_gram  oled.o
    0x08008d94   0x08008d94   0x00000040   Code   RO         3882    i.OLED_set_pos      oled.o
    0x08008dd4   0x08008dd4   0x0000008c   Code   RO         3883    i.OLED_show_char    oled.o
    0x08008e60   0x08008e60   0x0000008a   Code   RO         3884    i.OLED_show_graphic  oled.o
    0x08008eea   0x08008eea   0x00000032   Code   RO         3885    i.OLED_show_string  oled.o
    0x08008f1c   0x08008f1c   0x00000010   Code   RO         1351    i.OTG_FS_IRQHandler  stm32f4xx_it.o
    0x08008f2c   0x08008f2c   0x00000068   Code   RO         5261    i.PCD_EP_OutSetupPacket_int  stm32f4xx_hal_pcd.o
    0x08008f94   0x08008f94   0x000000f0   Code   RO         5262    i.PCD_EP_OutXfrComplete_int  stm32f4xx_hal_pcd.o
    0x08009084   0x08009084   0x000000a2   Code   RO         5263    i.PCD_WriteEmptyTxFifo  stm32f4xx_hal_pcd.o
    0x08009126   0x08009126   0x00000002   PAD
    0x08009128   0x08009128   0x000003c0   Code   RO         5029    i.PID_Calc          pid.o
    0x080094e8   0x080094e8   0x00000078   Code   RO         5030    i.PID_Init          pid.o
    0x08009560   0x08009560   0x000001f0   Code   RO         5031    i.PID_calc          pid.o
    0x08009750   0x08009750   0x0000004c   Code   RO         5032    i.PID_clear         pid.o
    0x0800979c   0x0800979c   0x00000060   Code   RO         5033    i.PID_init          pid.o
    0x080097fc   0x080097fc   0x0000009c   Code   RO         2079    i.RC_Init           bsp_rc.o
    0x08009898   0x08009898   0x00000050   Code   RO         2080    i.RC_restart        bsp_rc.o
    0x080098e8   0x080098e8   0x00000018   Code   RO         2081    i.RC_unable         bsp_rc.o
    0x08009900   0x08009900   0x00000042   Code   RO         8141    i.RTC_EnterInitMode  stm32f4xx_hal_rtc.o
    0x08009942   0x08009942   0x00000002   PAD
    0x08009944   0x08009944   0x0000273c   Code   RO         2154    i.SPI1_DMA_enable   bsp_spi.o
    0x0800c080   0x0800c080   0x00000180   Code   RO         2155    i.SPI1_DMA_init     bsp_spi.o
    0x0800c200   0x0800c200   0x00000064   Code   RO         8537    i.SPI_EndRxTxTransaction  stm32f4xx_hal_spi.o
    0x0800c264   0x0800c264   0x000000a6   Code   RO         8542    i.SPI_WaitFlagStateUntilTimeout  stm32f4xx_hal_spi.o
    0x0800c30a   0x0800c30a   0x00000002   PAD
    0x0800c30c   0x0800c30c   0x00000190   Code   RO         3610    i.Shoot_Feedback_Update  shoot_task.o
    0x0800c49c   0x0800c49c   0x000000a0   Code   RO         3611    i.Shoot_Set_Mode    shoot_task.o
    0x0800c53c   0x0800c53c   0x00000014   Code   RO         1352    i.SysTick_Handler   stm32f4xx_it.o
    0x0800c550   0x0800c550   0x000000d4   Code   RO           14    i.SystemClock_Config  main.o
    0x0800c624   0x0800c624   0x00000064   Code   RO         1491    i.SystemInit        system_stm32f4xx.o
    0x0800c688   0x0800c688   0x000000cc   Code   RO         8900    i.TIM_Base_SetConfig  stm32f4xx_hal_tim.o
    0x0800c754   0x0800c754   0x0000001e   Code   RO         8901    i.TIM_CCxChannelCmd  stm32f4xx_hal_tim.o
    0x0800c772   0x0800c772   0x00000016   Code   RO         8911    i.TIM_ETR_SetConfig  stm32f4xx_hal_tim.o
    0x0800c788   0x0800c788   0x00000010   Code   RO         8912    i.TIM_ITRx_SetConfig  stm32f4xx_hal_tim.o
    0x0800c798   0x0800c798   0x00000070   Code   RO         8913    i.TIM_OC1_SetConfig  stm32f4xx_hal_tim.o
    0x0800c808   0x0800c808   0x00000078   Code   RO         8914    i.TIM_OC2_SetConfig  stm32f4xx_hal_tim.o
    0x0800c880   0x0800c880   0x00000078   Code   RO         8915    i.TIM_OC3_SetConfig  stm32f4xx_hal_tim.o
    0x0800c8f8   0x0800c8f8   0x00000058   Code   RO         8916    i.TIM_OC4_SetConfig  stm32f4xx_hal_tim.o
    0x0800c950   0x0800c950   0x00000026   Code   RO         8918    i.TIM_TI1_ConfigInputStage  stm32f4xx_hal_tim.o
    0x0800c976   0x0800c976   0x00000024   Code   RO         8920    i.TIM_TI2_ConfigInputStage  stm32f4xx_hal_tim.o
    0x0800c99a   0x0800c99a   0x00000010   Code   RO         9787    i.UART_DMAAbortOnError  stm32f4xx_hal_uart.o
    0x0800c9aa   0x0800c9aa   0x0000004a   Code   RO         9788    i.UART_DMAError     stm32f4xx_hal_uart.o
    0x0800c9f4   0x0800c9f4   0x00000030   Code   RO         9793    i.UART_DMATransmitCplt  stm32f4xx_hal_uart.o
    0x0800ca24   0x0800ca24   0x0000000a   Code   RO         9795    i.UART_DMATxHalfCplt  stm32f4xx_hal_uart.o
    0x0800ca2e   0x0800ca2e   0x0000001c   Code   RO         9797    i.UART_EndRxTransfer  stm32f4xx_hal_uart.o
    0x0800ca4a   0x0800ca4a   0x0000001a   Code   RO         9798    i.UART_EndTransmit_IT  stm32f4xx_hal_uart.o
    0x0800ca64   0x0800ca64   0x00000012   Code   RO         9799    i.UART_EndTxTransfer  stm32f4xx_hal_uart.o
    0x0800ca76   0x0800ca76   0x0000009c   Code   RO         9800    i.UART_Receive_IT   stm32f4xx_hal_uart.o
    0x0800cb12   0x0800cb12   0x00000002   PAD
    0x0800cb14   0x0800cb14   0x00000340   Code   RO         9801    i.UART_SetConfig    stm32f4xx_hal_uart.o
    0x0800ce54   0x0800ce54   0x00000066   Code   RO         9802    i.UART_Transmit_IT  stm32f4xx_hal_uart.o
    0x0800ceba   0x0800ceba   0x00000002   PAD
    0x0800cebc   0x0800cebc   0x00000124   Code   RO         3688    i.USART1_IRQHandler  vision_usart.o
    0x0800cfe0   0x0800cfe0   0x00000130   Code   RO         3296    i.USART3_IRQHandler  remote_control.o
    0x0800d110   0x0800d110   0x00000128   Code   RO         3242    i.USART6_IRQHandler  referee_usart_task.o
    0x0800d238   0x0800d238   0x0000004c   Code   RO        11853    i.USBD_CDC_DataIn   usbd_cdc.o
    0x0800d284   0x0800d284   0x00000030   Code   RO        11854    i.USBD_CDC_DataOut  usbd_cdc.o
    0x0800d2b4   0x0800d2b4   0x00000046   Code   RO        11855    i.USBD_CDC_DeInit   usbd_cdc.o
    0x0800d2fa   0x0800d2fa   0x0000002a   Code   RO        11856    i.USBD_CDC_EP0_RxReady  usbd_cdc.o
    0x0800d324   0x0800d324   0x0000000c   Code   RO        11857    i.USBD_CDC_GetDeviceQualifierDescriptor  usbd_cdc.o
    0x0800d330   0x0800d330   0x0000000c   Code   RO        11858    i.USBD_CDC_GetFSCfgDesc  usbd_cdc.o
    0x0800d33c   0x0800d33c   0x0000000c   Code   RO        11859    i.USBD_CDC_GetHSCfgDesc  usbd_cdc.o
    0x0800d348   0x0800d348   0x0000000c   Code   RO        11860    i.USBD_CDC_GetOtherSpeedCfgDesc  usbd_cdc.o
    0x0800d354   0x0800d354   0x000000ac   Code   RO        11861    i.USBD_CDC_Init     usbd_cdc.o
    0x0800d400   0x0800d400   0x00000032   Code   RO        11862    i.USBD_CDC_ReceivePacket  usbd_cdc.o
    0x0800d432   0x0800d432   0x00000010   Code   RO        11863    i.USBD_CDC_RegisterInterface  usbd_cdc.o
    0x0800d442   0x0800d442   0x0000000c   Code   RO        11864    i.USBD_CDC_SetRxBuffer  usbd_cdc.o
    0x0800d44e   0x0800d44e   0x00000010   Code   RO        11865    i.USBD_CDC_SetTxBuffer  usbd_cdc.o
    0x0800d45e   0x0800d45e   0x000000e6   Code   RO        11866    i.USBD_CDC_Setup    usbd_cdc.o
    0x0800d544   0x0800d544   0x00000038   Code   RO        11867    i.USBD_CDC_TransmitPacket  usbd_cdc.o
    0x0800d57c   0x0800d57c   0x0000000e   Code   RO        11560    i.USBD_ClrClassConfig  usbd_core.o
    0x0800d58a   0x0800d58a   0x00000026   Code   RO        11698    i.USBD_ClrFeature   usbd_ctlreq.o
    0x0800d5b0   0x0800d5b0   0x00000010   Code   RO        11793    i.USBD_CtlContinueRx  usbd_ioreq.o
    0x0800d5c0   0x0800d5c0   0x00000010   Code   RO        11794    i.USBD_CtlContinueSendData  usbd_ioreq.o
    0x0800d5d0   0x0800d5d0   0x00000018   Code   RO        11699    i.USBD_CtlError     usbd_ctlreq.o
    0x0800d5e8   0x0800d5e8   0x0000001e   Code   RO        11795    i.USBD_CtlPrepareRx  usbd_ioreq.o
    0x0800d606   0x0800d606   0x00000016   Code   RO        11796    i.USBD_CtlReceiveStatus  usbd_ioreq.o
    0x0800d61c   0x0800d61c   0x0000001a   Code   RO        11797    i.USBD_CtlSendData  usbd_ioreq.o
    0x0800d636   0x0800d636   0x00000016   Code   RO        11798    i.USBD_CtlSendStatus  usbd_ioreq.o
    0x0800d64c   0x0800d64c   0x00000034   Code   RO         1196    i.USBD_FS_ConfigStrDescriptor  usbd_desc.o
    0x0800d680   0x0800d680   0x00000010   Code   RO         1197    i.USBD_FS_DeviceDescriptor  usbd_desc.o
    0x0800d690   0x0800d690   0x00000038   Code   RO         1198    i.USBD_FS_InterfaceStrDescriptor  usbd_desc.o
    0x0800d6c8   0x0800d6c8   0x00000010   Code   RO         1199    i.USBD_FS_LangIDStrDescriptor  usbd_desc.o
    0x0800d6d8   0x0800d6d8   0x0000002c   Code   RO         1200    i.USBD_FS_ManufacturerStrDescriptor  usbd_desc.o
    0x0800d704   0x0800d704   0x00000040   Code   RO         1201    i.USBD_FS_ProductStrDescriptor  usbd_desc.o
    0x0800d744   0x0800d744   0x00000018   Code   RO         1202    i.USBD_FS_SerialStrDescriptor  usbd_desc.o
    0x0800d75c   0x0800d75c   0x00000034   Code   RO        11700    i.USBD_GetConfig    usbd_ctlreq.o
    0x0800d790   0x0800d790   0x00000136   Code   RO        11701    i.USBD_GetDescriptor  usbd_ctlreq.o
    0x0800d8c6   0x0800d8c6   0x00000018   Code   RO        11702    i.USBD_GetLen       usbd_ctlreq.o
    0x0800d8de   0x0800d8de   0x00000036   Code   RO        11703    i.USBD_GetStatus    usbd_ctlreq.o
    0x0800d914   0x0800d914   0x00000044   Code   RO        11704    i.USBD_GetString    usbd_ctlreq.o
    0x0800d958   0x0800d958   0x0000002c   Code   RO         1012    i.USBD_Get_USB_Status  usbd_conf.o
    0x0800d984   0x0800d984   0x0000002c   Code   RO        11562    i.USBD_Init         usbd_core.o
    0x0800d9b0   0x0800d9b0   0x00000026   Code   RO         1013    i.USBD_LL_ClearStallEP  usbd_conf.o
    0x0800d9d6   0x0800d9d6   0x00000026   Code   RO         1014    i.USBD_LL_CloseEP   usbd_conf.o
    0x0800d9fc   0x0800d9fc   0x000000d6   Code   RO        11563    i.USBD_LL_DataInStage  usbd_core.o
    0x0800dad2   0x0800dad2   0x0000008a   Code   RO        11564    i.USBD_LL_DataOutStage  usbd_core.o
    0x0800db5c   0x0800db5c   0x00000004   Code   RO        11565    i.USBD_LL_DevConnected  usbd_core.o
    0x0800db60   0x0800db60   0x00000016   Code   RO        11566    i.USBD_LL_DevDisconnected  usbd_core.o
    0x0800db76   0x0800db76   0x00000012   Code   RO         1018    i.USBD_LL_GetRxDataSize  usbd_conf.o
    0x0800db88   0x0800db88   0x00000068   Code   RO         1019    i.USBD_LL_Init      usbd_conf.o
    0x0800dbf0   0x0800dbf0   0x00000038   Code   RO         1020    i.USBD_LL_IsStallEP  usbd_conf.o
    0x0800dc28   0x0800dc28   0x00000004   Code   RO        11567    i.USBD_LL_IsoINIncomplete  usbd_core.o
    0x0800dc2c   0x0800dc2c   0x00000004   Code   RO        11568    i.USBD_LL_IsoOUTIncomplete  usbd_core.o
    0x0800dc30   0x0800dc30   0x00000030   Code   RO         1021    i.USBD_LL_OpenEP    usbd_conf.o
    0x0800dc60   0x0800dc60   0x00000030   Code   RO         1022    i.USBD_LL_PrepareReceive  usbd_conf.o
    0x0800dc90   0x0800dc90   0x00000052   Code   RO        11569    i.USBD_LL_Reset     usbd_core.o
    0x0800dce2   0x0800dce2   0x0000000c   Code   RO        11570    i.USBD_LL_Resume    usbd_core.o
    0x0800dcee   0x0800dcee   0x00000018   Code   RO        11571    i.USBD_LL_SOF       usbd_core.o
    0x0800dd06   0x0800dd06   0x00000006   Code   RO        11572    i.USBD_LL_SetSpeed  usbd_core.o
    0x0800dd0c   0x0800dd0c   0x00000026   Code   RO         1023    i.USBD_LL_SetUSBAddress  usbd_conf.o
    0x0800dd32   0x0800dd32   0x0000005e   Code   RO        11573    i.USBD_LL_SetupStage  usbd_core.o
    0x0800dd90   0x0800dd90   0x00000026   Code   RO         1024    i.USBD_LL_StallEP   usbd_conf.o
    0x0800ddb6   0x0800ddb6   0x0000001e   Code   RO         1025    i.USBD_LL_Start     usbd_conf.o
    0x0800ddd4   0x0800ddd4   0x00000012   Code   RO        11574    i.USBD_LL_Suspend   usbd_core.o
    0x0800dde6   0x0800dde6   0x00000030   Code   RO         1027    i.USBD_LL_Transmit  usbd_conf.o
    0x0800de16   0x0800de16   0x00000028   Code   RO        11705    i.USBD_ParseSetupRequest  usbd_ctlreq.o
    0x0800de3e   0x0800de3e   0x00000012   Code   RO        11575    i.USBD_RegisterClass  usbd_core.o
    0x0800de50   0x0800de50   0x00000004   Code   RO        11576    i.USBD_RunTestMode  usbd_core.o
    0x0800de54   0x0800de54   0x00000058   Code   RO        11706    i.USBD_SetAddress   usbd_ctlreq.o
    0x0800deac   0x0800deac   0x00000018   Code   RO        11577    i.USBD_SetClassConfig  usbd_core.o
    0x0800dec4   0x0800dec4   0x000000cc   Code   RO        11707    i.USBD_SetConfig    usbd_ctlreq.o
    0x0800df90   0x0800df90   0x00000010   Code   RO        11708    i.USBD_SetFeature   usbd_ctlreq.o
    0x0800dfa0   0x0800dfa0   0x0000000a   Code   RO        11578    i.USBD_Start        usbd_core.o
    0x0800dfaa   0x0800dfaa   0x00000080   Code   RO        11709    i.USBD_StdDevReq    usbd_ctlreq.o
    0x0800e02a   0x0800e02a   0x000001f0   Code   RO        11710    i.USBD_StdEPReq     usbd_ctlreq.o
    0x0800e21a   0x0800e21a   0x0000006a   Code   RO        11711    i.USBD_StdItfReq    usbd_ctlreq.o
    0x0800e284   0x0800e284   0x0000009c   Code   RO         5497    i.USB_ActivateEndpoint  stm32f4xx_ll_usb.o
    0x0800e320   0x0800e320   0x00000034   Code   RO         5499    i.USB_ActivateSetup  stm32f4xx_ll_usb.o
    0x0800e354   0x0800e354   0x0000007e   Code   RO         5501    i.USB_CoreInit      stm32f4xx_ll_usb.o
    0x0800e3d2   0x0800e3d2   0x00000002   PAD
    0x0800e3d4   0x0800e3d4   0x0000003c   Code   RO         5502    i.USB_CoreReset     stm32f4xx_ll_usb.o
    0x0800e410   0x0800e410   0x00000090   Code   RO         5505    i.USB_DeactivateEndpoint  stm32f4xx_ll_usb.o
    0x0800e4a0   0x0800e4a0   0x00000018   Code   RO         5506    i.USB_DevConnect    stm32f4xx_ll_usb.o
    0x0800e4b8   0x0800e4b8   0x00000018   Code   RO         5507    i.USB_DevDisconnect  stm32f4xx_ll_usb.o
    0x0800e4d0   0x0800e4d0   0x0000018c   Code   RO         5508    i.USB_DevInit       stm32f4xx_ll_usb.o
    0x0800e65c   0x0800e65c   0x0000000c   Code   RO         5509    i.USB_DisableGlobalInt  stm32f4xx_ll_usb.o
    0x0800e668   0x0800e668   0x0000012a   Code   RO         5512    i.USB_EP0StartXfer  stm32f4xx_ll_usb.o
    0x0800e792   0x0800e792   0x00000002   PAD
    0x0800e794   0x0800e794   0x00000060   Code   RO         5513    i.USB_EP0_OutStart  stm32f4xx_ll_usb.o
    0x0800e7f4   0x0800e7f4   0x00000058   Code   RO         5514    i.USB_EPClearStall  stm32f4xx_ll_usb.o
    0x0800e84c   0x0800e84c   0x0000005e   Code   RO         5515    i.USB_EPSetStall    stm32f4xx_ll_usb.o
    0x0800e8aa   0x0800e8aa   0x00000228   Code   RO         5516    i.USB_EPStartXfer   stm32f4xx_ll_usb.o
    0x0800ead2   0x0800ead2   0x0000000c   Code   RO         5517    i.USB_EnableGlobalInt  stm32f4xx_ll_usb.o
    0x0800eade   0x0800eade   0x00000002   PAD
    0x0800eae0   0x0800eae0   0x00000024   Code   RO         5518    i.USB_FlushRxFifo   stm32f4xx_ll_usb.o
    0x0800eb04   0x0800eb04   0x00000028   Code   RO         5519    i.USB_FlushTxFifo   stm32f4xx_ll_usb.o
    0x0800eb2c   0x0800eb2c   0x00000020   Code   RO         5521    i.USB_GetDevSpeed   stm32f4xx_ll_usb.o
    0x0800eb4c   0x0800eb4c   0x00000008   Code   RO         5523    i.USB_GetMode       stm32f4xx_ll_usb.o
    0x0800eb54   0x0800eb54   0x0000000e   Code   RO         5530    i.USB_ReadDevAllInEpInterrupt  stm32f4xx_ll_usb.o
    0x0800eb62   0x0800eb62   0x0000000e   Code   RO         5531    i.USB_ReadDevAllOutEpInterrupt  stm32f4xx_ll_usb.o
    0x0800eb70   0x0800eb70   0x00000024   Code   RO         5532    i.USB_ReadDevInEPInterrupt  stm32f4xx_ll_usb.o
    0x0800eb94   0x0800eb94   0x00000010   Code   RO         5533    i.USB_ReadDevOutEPInterrupt  stm32f4xx_ll_usb.o
    0x0800eba4   0x0800eba4   0x00000008   Code   RO         5534    i.USB_ReadInterrupts  stm32f4xx_ll_usb.o
    0x0800ebac   0x0800ebac   0x00000024   Code   RO         5535    i.USB_ReadPacket    stm32f4xx_ll_usb.o
    0x0800ebd0   0x0800ebd0   0x00000030   Code   RO         5537    i.USB_SetCurrentMode  stm32f4xx_ll_usb.o
    0x0800ec00   0x0800ec00   0x00000022   Code   RO         5538    i.USB_SetDevAddress  stm32f4xx_ll_usb.o
    0x0800ec22   0x0800ec22   0x0000000e   Code   RO         5539    i.USB_SetDevSpeed   stm32f4xx_ll_usb.o
    0x0800ec30   0x0800ec30   0x000000f4   Code   RO         5540    i.USB_SetTurnaroundTime  stm32f4xx_ll_usb.o
    0x0800ed24   0x0800ed24   0x00000030   Code   RO         5543    i.USB_WritePacket   stm32f4xx_ll_usb.o
    0x0800ed54   0x0800ed54   0x00000004   Code   RO         1353    i.UsageFault_Handler  stm32f4xx_it.o
    0x0800ed58   0x0800ed58   0x00000024   Code   RO        12448    i.__0vsprintf       mc_w.l(printfa.o)
    0x0800ed7c   0x0800ed7c   0x00000030   Code   RO        12527    i.__ARM_fpclassify  m_wm.l(fpclassify.o)
    0x0800edac   0x0800edac   0x00000026   Code   RO        12529    i.__ARM_fpclassifyf  m_wm.l(fpclassifyf.o)
    0x0800edd2   0x0800edd2   0x00000006   Code   RO         4744    i.__get_PRIMASK     fifo.o
    0x0800edd8   0x0800edd8   0x0000012c   Code   RO        12358    i.__hardfp_asinf    m_wm.l(asinf.o)
    0x0800ef04   0x0800ef04   0x000002ac   Code   RO        12370    i.__hardfp_atan2f   m_wm.l(atan2f.o)
    0x0800f1b0   0x0800f1b0   0x00000014   Code   RO        12382    i.__hardfp_fabs     m_wm.l(fabs.o)
    0x0800f1c4   0x0800f1c4   0x00000004   PAD
    0x0800f1c8   0x0800f1c8   0x00000c50   Code   RO        12388    i.__hardfp_pow      m_wm.l(pow.o)
    0x0800fe18   0x0800fe18   0x0000003a   Code   RO        12414    i.__hardfp_sqrtf    m_wm.l(sqrtf_full.o)
    0x0800fe52   0x0800fe52   0x000000f8   Code   RO        12545    i.__kernel_poly     m_wm.l(poly.o)
    0x0800ff4a   0x0800ff4a   0x00000006   PAD
    0x0800ff50   0x0800ff50   0x00000030   Code   RO        12513    i.__mathlib_dbl_divzero  m_wm.l(dunder.o)
    0x0800ff80   0x0800ff80   0x00000014   Code   RO        12515    i.__mathlib_dbl_infnan2  m_wm.l(dunder.o)
    0x0800ff94   0x0800ff94   0x00000004   PAD
    0x0800ff98   0x0800ff98   0x00000020   Code   RO        12516    i.__mathlib_dbl_invalid  m_wm.l(dunder.o)
    0x0800ffb8   0x0800ffb8   0x00000020   Code   RO        12517    i.__mathlib_dbl_overflow  m_wm.l(dunder.o)
    0x0800ffd8   0x0800ffd8   0x00000020   Code   RO        12519    i.__mathlib_dbl_underflow  m_wm.l(dunder.o)
    0x0800fff8   0x0800fff8   0x00000006   Code   RO        12532    i.__mathlib_flt_infnan  m_wm.l(funder.o)
    0x0800fffe   0x0800fffe   0x00000006   Code   RO        12533    i.__mathlib_flt_infnan2  m_wm.l(funder.o)
    0x08010004   0x08010004   0x00000010   Code   RO        12534    i.__mathlib_flt_invalid  m_wm.l(funder.o)
    0x08010014   0x08010014   0x00000010   Code   RO        12537    i.__mathlib_flt_underflow  m_wm.l(funder.o)
    0x08010024   0x08010024   0x0000000e   Code   RO        12618    i.__scatterload_copy  mc_w.l(handlers.o)
    0x08010032   0x08010032   0x00000002   Code   RO        12619    i.__scatterload_null  mc_w.l(handlers.o)
    0x08010034   0x08010034   0x0000000e   Code   RO        12620    i.__scatterload_zeroinit  mc_w.l(handlers.o)
    0x08010042   0x08010042   0x00000006   Code   RO         4745    i.__set_PRIMASK     fifo.o
    0x08010048   0x08010048   0x0000000c   Code   RO        12594    i.__set_errno       mc_w.l(errno.o)
    0x08010054   0x08010054   0x00000184   Code   RO        12449    i._fp_digits        mc_w.l(printfa.o)
    0x080101d8   0x080101d8   0x000006b4   Code   RO        12450    i._printf_core      mc_w.l(printfa.o)
    0x0801088c   0x0801088c   0x00000024   Code   RO        12451    i._printf_post_padding  mc_w.l(printfa.o)
    0x080108b0   0x080108b0   0x0000002e   Code   RO        12452    i._printf_pre_padding  mc_w.l(printfa.o)
    0x080108de   0x080108de   0x0000000a   Code   RO        12454    i._sputc            mc_w.l(printfa.o)
    0x080108e8   0x080108e8   0x00000068   Code   RO         2050    i.aRGB_led_show     bsp_led.o
    0x08010950   0x08010950   0x000001d0   Code   RO        11959    i.accel_comple_filter  AHRS.lib(ahrs.o)
    0x08010b20   0x08010b20   0x0000018c   Code   RO        11960    i.accel_update_kp_ki  AHRS.lib(ahrs.o)
    0x08010cac   0x08010cac   0x0000003c   Code   RO         1527    i.adcx_get_chx_value  bsp_adc.o
    0x08010ce8   0x08010ce8   0x0000016c   Code   RO        11961    i.angle_to_quat     AHRS.lib(ahrs.o)
    0x08010e54   0x08010e54   0x00000044   Code   RO         3539    i.battery_voltage_task  voltage_task.o
    0x08010e98   0x08010e98   0x00000134   Code   RO         4009    i.bmi088_accel_init  bmi088driver.o
    0x08010fcc   0x08010fcc   0x000002fc   Code   RO         4010    i.bmi088_accel_self_test  bmi088driver.o
    0x080112c8   0x080112c8   0x000000f4   Code   RO         4011    i.bmi088_gyro_init  bmi088driver.o
    0x080113bc   0x080113bc   0x000000d0   Code   RO         4012    i.bmi088_gyro_self_test  bmi088driver.o
    0x0801148c   0x0801148c   0x0000013c   Code   RO         1951    i.bsp_I2C_check_ack  bsp_i2c.o
    0x080115c8   0x080115c8   0x0000004c   Code   RO         1952    i.bsp_I2C_master_transmit  bsp_i2c.o
    0x08011614   0x08011614   0x0000004c   Code   RO         1953    i.bsp_I2C_reset     bsp_i2c.o
    0x08011660   0x08011660   0x00000002   Code   RO         1677    i.buzzer_off        bsp_buzzer.o
    0x08011662   0x08011662   0x00000002   Code   RO         1678    i.buzzer_on         bsp_buzzer.o
    0x08011664   0x08011664   0x0000007c   Code   RO         3363    i.buzzer_warn_error  test_task.o
    0x080116e0   0x080116e0   0x000000e8   Code   RO         3540    i.calc_battery_percentage  voltage_task.o
    0x080117c8   0x080117c8   0x00000194   Code   RO         2855    i.calc_gimbal_cali  gimbal_task.o
    0x0801195c   0x0801195c   0x000000ec   Code   RO         2263    i.cali_data_read    calibrate_task.o
    0x08011a48   0x08011a48   0x0000006c   Code   RO         2265    i.cali_gimbal_hook  calibrate_task.o
    0x08011ab4   0x08011ab4   0x00000064   Code   RO         2266    i.cali_gyro_hook    calibrate_task.o
    0x08011b18   0x08011b18   0x00000046   Code   RO         2267    i.cali_head_hook    calibrate_task.o
    0x08011b5e   0x08011b5e   0x00000002   PAD
    0x08011b60   0x08011b60   0x000000b8   Code   RO         2268    i.cali_param_init   calibrate_task.o
    0x08011c18   0x08011c18   0x0000005c   Code   RO         1711    i.can_filter_init   bsp_can.o
    0x08011c74   0x08011c74   0x000000b8   Code   RO         2523    i.chassis_behaviour_control_set  chassis_behaviour.o
    0x08011d2c   0x08011d2c   0x000000b4   Code   RO         2524    i.chassis_behaviour_mode_set  chassis_behaviour.o
    0x08011de0   0x08011de0   0x000003f4   Code   RO         2651    i.chassis_control_loop  chassis_task.o
    0x080121d4   0x080121d4   0x00000060   Code   RO         2525    i.chassis_engineer_follow_chassis_yaw_control  chassis_behaviour.o
    0x08012234   0x08012234   0x00000164   Code   RO         2652    i.chassis_feedback_update  chassis_task.o
    0x08012398   0x08012398   0x00000034   Code   RO         2526    i.chassis_infantry_follow_gimbal_yaw_control  chassis_behaviour.o
    0x080123cc   0x080123cc   0x000000d4   Code   RO         2653    i.chassis_init      chassis_task.o
    0x080124a0   0x080124a0   0x00000098   Code   RO         2654    i.chassis_mode_change_control_transit  chassis_task.o
    0x08012538   0x08012538   0x00000044   Code   RO         2527    i.chassis_no_follow_yaw_control  chassis_behaviour.o
    0x0801257c   0x0801257c   0x0000002c   Code   RO         2528    i.chassis_no_move_control  chassis_behaviour.o
    0x080125a8   0x080125a8   0x0000005c   Code   RO         2529    i.chassis_open_set_control  chassis_behaviour.o
    0x08012604   0x08012604   0x00000280   Code   RO         2655    i.chassis_rc_to_control_vector  chassis_task.o
    0x08012884   0x08012884   0x0000038c   Code   RO         2656    i.chassis_set_contorl  chassis_task.o
    0x08012c10   0x08012c10   0x00000012   Code   RO         2657    i.chassis_set_mode  chassis_task.o
    0x08012c22   0x08012c22   0x00000002   PAD
    0x08012c24   0x08012c24   0x0000009c   Code   RO         2658    i.chassis_task      chassis_task.o
    0x08012cc0   0x08012cc0   0x00000054   Code   RO         2659    i.chassis_vector_to_mecanum_wheel_speed  chassis_task.o
    0x08012d14   0x08012d14   0x0000002c   Code   RO         2530    i.chassis_zero_force_control  chassis_behaviour.o
    0x08012d40   0x08012d40   0x00000118   Code   RO         2856    i.cmd_cali_gimbal_hook  gimbal_task.o
    0x08012e58   0x08012e58   0x00000030   Code   RO         1780    i.delay_init        bsp_delay.o
    0x08012e88   0x08012e88   0x00000050   Code   RO         1782    i.delay_us          bsp_delay.o
    0x08012ed8   0x08012ed8   0x00000124   Code   RO         2724    i.detect_hook       detect_task.o
    0x08012ffc   0x08012ffc   0x00000184   Code   RO         2725    i.detect_init       detect_task.o
    0x08013180   0x08013180   0x00000288   Code   RO         2726    i.detect_task       detect_task.o
    0x08013408   0x08013408   0x00000018   Code   RO        12384    i.fabs              m_wm.l(fabs.o)
    0x08013420   0x08013420   0x0000003a   Code   RO         4763    i.fifo_s_get        fifo.o
    0x0801345a   0x0801345a   0x00000016   Code   RO         4766    i.fifo_s_init       fifo.o
    0x08013470   0x08013470   0x000000a0   Code   RO         4772    i.fifo_s_puts       fifo.o
    0x08013510   0x08013510   0x00000006   Code   RO         4774    i.fifo_s_used       fifo.o
    0x08013516   0x08013516   0x00000054   Code   RO         4517    i.first_order_filter_cali  user_lib.o
    0x0801356a   0x0801356a   0x00000002   PAD
    0x0801356c   0x0801356c   0x00000024   Code   RO         4518    i.first_order_filter_init  user_lib.o
    0x08013590   0x08013590   0x00000014   Code   RO         1822    i.flash_read        bsp_flash.o
    0x080135a4   0x080135a4   0x0000002a   Code   RO         4519    i.fp32_constrain    user_lib.o
    0x080135ce   0x080135ce   0x00000002   PAD
    0x080135d0   0x080135d0   0x00000050   Code   RO        12469    i.free              mc_w.l(malloc.o)
    0x08013620   0x08013620   0x00000114   Code   RO         3612    i.fric_control_loop  shoot_task.o
    0x08013734   0x08013734   0x00000034   Code   RO         4685    i.get_CRC16_check_sum  crc8_crc16.o
    0x08013768   0x08013768   0x00000024   Code   RO         4686    i.get_CRC8_check_sum  crc8_crc16.o
    0x0801378c   0x0801378c   0x00000008   Code   RO         2999    i.get_INS_angle_point  ins_task.o
    0x08013794   0x08013794   0x000000e8   Code   RO        11962    i.get_angle         AHRS.lib(ahrs.o)
    0x0801387c   0x0801387c   0x00000024   Code   RO         3541    i.get_battery_percentage  voltage_task.o
    0x080138a0   0x080138a0   0x00000048   Code   RO         1528    i.get_battery_voltage  bsp_adc.o
    0x080138e8   0x080138e8   0x00000018   Code   RO         3459    i.get_chassis_motor_measure_point  can_receive.o
    0x08013900   0x08013900   0x0000000c   Code   RO         2270    i.get_control_temperature  calibrate_task.o
    0x0801390c   0x0801390c   0x00000008   Code   RO         2727    i.get_error_list_point  detect_task.o
    0x08013914   0x08013914   0x00000008   Code   RO         3002    i.get_gyro_data_point  ins_task.o
    0x0801391c   0x0801391c   0x00000008   Code   RO         3460    i.get_pitch_gimbal_motor_measure_point  can_receive.o
    0x08013924   0x08013924   0x00000008   Code   RO         2857    i.get_pitch_motor_point  gimbal_task.o
    0x0801392c   0x0801392c   0x00000008   Code   RO         3297    i.get_remote_control_point  remote_control.o
    0x08013934   0x08013934   0x00000018   Code   RO         3461    i.get_shoot_motor_measure_point  can_receive.o
    0x0801394c   0x0801394c   0x0000005c   Code   RO         1530    i.get_temprate      bsp_adc.o
    0x080139a8   0x080139a8   0x00000008   Code   RO         3462    i.get_trigger_motor_measure_point  can_receive.o
    0x080139b0   0x080139b0   0x00000008   Code   RO         3754    i.get_vision_gimbal_point  vision_task.o
    0x080139b8   0x080139b8   0x00000008   Code   RO         3689    i.get_vision_rxfifo_point  vision_usart.o
    0x080139c0   0x080139c0   0x00000008   Code   RO         3755    i.get_vision_shoot_point  vision_task.o
    0x080139c8   0x080139c8   0x00000008   Code   RO         3463    i.get_yaw_gimbal_motor_measure_point  can_receive.o
    0x080139d0   0x080139d0   0x00000008   Code   RO         2858    i.get_yaw_motor_point  gimbal_task.o
    0x080139d8   0x080139d8   0x0000004c   Code   RO         2859    i.gimbal_PID_clear  gimbal_task.o
    0x08013a24   0x08013a24   0x00000030   Code   RO         2860    i.gimbal_PID_init   gimbal_task.o
    0x08013a54   0x08013a54   0x000002b4   Code   RO         2768    i.gimbal_RC_control  gimbal_behaviour.o
    0x08013d08   0x08013d08   0x00000104   Code   RO         2861    i.gimbal_absolute_angle_limit  gimbal_task.o
    0x08013e0c   0x08013e0c   0x00000030   Code   RO         2769    i.gimbal_auto_control  gimbal_behaviour.o
    0x08013e3c   0x08013e3c   0x00000078   Code   RO         2770    i.gimbal_behaviour_control_set  gimbal_behaviour.o
    0x08013eb4   0x08013eb4   0x00000058   Code   RO         2771    i.gimbal_behaviour_mode_set  gimbal_behaviour.o
    0x08013f0c   0x08013f0c   0x00000130   Code   RO         2772    i.gimbal_behavour_set  gimbal_behaviour.o
    0x0801403c   0x0801403c   0x000001d0   Code   RO         2773    i.gimbal_cali_control  gimbal_behaviour.o
    0x0801420c   0x0801420c   0x0000002c   Code   RO         2774    i.gimbal_cmd_to_chassis_stop  gimbal_behaviour.o
    0x08014238   0x08014238   0x00000070   Code   RO         2862    i.gimbal_control_loop  gimbal_task.o
    0x080142a8   0x080142a8   0x0000008a   Code   RO         2863    i.gimbal_feedback_update  gimbal_task.o
    0x08014332   0x08014332   0x00000002   PAD
    0x08014334   0x08014334   0x000001dc   Code   RO         2864    i.gimbal_init       gimbal_task.o
    0x08014510   0x08014510   0x000000c0   Code   RO         2776    i.gimbal_init_control  gimbal_behaviour.o
    0x080145d0   0x080145d0   0x000000c0   Code   RO         2865    i.gimbal_mode_change_control_transit  gimbal_task.o
    0x08014690   0x08014690   0x00000020   Code   RO         2777    i.gimbal_motionless_control  gimbal_behaviour.o
    0x080146b0   0x080146b0   0x00000094   Code   RO         2866    i.gimbal_motor_absolute_angle_control  gimbal_task.o
    0x08014744   0x08014744   0x00000022   Code   RO         2867    i.gimbal_motor_raw_angle_control  gimbal_task.o
    0x08014766   0x08014766   0x00000002   PAD
    0x08014768   0x08014768   0x00000098   Code   RO         2868    i.gimbal_motor_relative_angle_control  gimbal_task.o
    0x08014800   0x08014800   0x000000d4   Code   RO         2869    i.gimbal_relative_angle_limit  gimbal_task.o
    0x080148d4   0x080148d4   0x000000a0   Code   RO         2870    i.gimbal_set_control  gimbal_task.o
    0x08014974   0x08014974   0x00000012   Code   RO         2871    i.gimbal_set_mode   gimbal_task.o
    0x08014986   0x08014986   0x00000002   PAD
    0x08014988   0x08014988   0x00000050   Code   RO         2872    i.gimbal_task       gimbal_task.o
    0x080149d8   0x080149d8   0x00000020   Code   RO         2778    i.gimbal_zero_force_control  gimbal_behaviour.o
    0x080149f8   0x080149f8   0x00000054   Code   RO         3004    i.gyro_offset_calc  ins_task.o
    0x08014a4c   0x08014a4c   0x0000012c   Code   RO         3005    i.imu_cali_slove    ins_task.o
    0x08014b78   0x08014b78   0x000001a8   Code   RO         3006    i.imu_cmd_spi_dma   ins_task.o
    0x08014d20   0x08014d20   0x0000000c   Code   RO         1918    i.imu_pwm_set       bsp_imu_pwm.o
    0x08014d2c   0x08014d2c   0x000000b8   Code   RO         3007    i.imu_temp_control  ins_task.o
    0x08014de4   0x08014de4   0x000000b8   Code   RO         3179    i.init_referee_struct_data  referee.o
    0x08014e9c   0x08014e9c   0x00000040   Code   RO         1531    i.init_vrefint_reciprocal  bsp_adc.o
    0x08014edc   0x08014edc   0x00000002   Code   RO         4264    i.ist8310_GPIO_init  ist8310driver_middleware.o
    0x08014ede   0x08014ede   0x00000002   PAD
    0x08014ee0   0x08014ee0   0x00000028   Code   RO         4266    i.ist8310_IIC_read_single_reg  ist8310driver_middleware.o
    0x08014f08   0x08014f08   0x00000028   Code   RO         4268    i.ist8310_IIC_write_single_reg  ist8310driver_middleware.o
    0x08014f30   0x08014f30   0x00000014   Code   RO         4269    i.ist8310_RST_H     ist8310driver_middleware.o
    0x08014f44   0x08014f44   0x00000014   Code   RO         4270    i.ist8310_RST_L     ist8310driver_middleware.o
    0x08014f58   0x08014f58   0x00000002   Code   RO         4271    i.ist8310_com_init  ist8310driver_middleware.o
    0x08014f5a   0x08014f5a   0x0000000c   Code   RO         4272    i.ist8310_delay_ms  ist8310driver_middleware.o
    0x08014f66   0x08014f66   0x00000002   PAD
    0x08014f68   0x08014f68   0x00000094   Code   RO         4229    i.ist8310_init      ist8310driver.o
    0x08014ffc   0x08014ffc   0x000001a4   Code   RO         4623    i.kalman_filter_calc  kalman.o
    0x080151a0   0x080151a0   0x000000e0   Code   RO         4624    i.kalman_filter_init  kalman.o
    0x08015280   0x08015280   0x000001b0   Code   RO         3577    i.led_RGB_flow_task  led_flow_task.o
    0x08015430   0x08015430   0x00000060   Code   RO         4524    i.loop_fp32_constrain  user_lib.o
    0x08015490   0x08015490   0x00000094   Code   RO           15    i.main              main.o
    0x08015524   0x08015524   0x0000000c   Code   RO        11052    i.makeFreeRtosPriority  cmsis_os.o
    0x08015530   0x08015530   0x0000006c   Code   RO        12470    i.malloc            mc_w.l(malloc.o)
    0x0801559c   0x0801559c   0x00000020   Code   RO         2873    i.motor_ecd_to_angle_change  gimbal_task.o
    0x080155bc   0x080155bc   0x00000214   Code   RO         3135    i.oled_task         oled_task.o
    0x080157d0   0x080157d0   0x00000030   Code   RO         3886    i.oled_write_byte   oled.o
    0x08015800   0x08015800   0x00000010   Code   RO        11054    i.osDelay           cmsis_os.o
    0x08015810   0x08015810   0x0000000a   Code   RO        11057    i.osKernelStart     cmsis_os.o
    0x0801581a   0x0801581a   0x0000005c   Code   RO        11091    i.osThreadCreate    cmsis_os.o
    0x08015876   0x08015876   0x00000002   PAD
    0x08015878   0x08015878   0x00000024   Code   RO        10549    i.pcTaskGetName     tasks.o
    0x0801589c   0x0801589c   0x00000080   Code   RO        10550    i.prvAddCurrentTaskToDelayedList  tasks.o
    0x0801591c   0x0801591c   0x00000088   Code   RO        10551    i.prvAddNewTaskToReadyList  tasks.o
    0x080159a4   0x080159a4   0x0000005c   Code   RO        10899    i.prvCheckForValidListAndQueue  timers.o
    0x08015a00   0x08015a00   0x00000040   Code   RO        10552    i.prvCheckTasksWaitingTermination  tasks.o
    0x08015a40   0x08015a40   0x00000024   Code   RO        10215    i.prvCopyDataFromQueue  queue.o
    0x08015a64   0x08015a64   0x0000006e   Code   RO        10216    i.prvCopyDataToQueue  queue.o
    0x08015ad2   0x08015ad2   0x00000040   Code   RO        10553    i.prvDeleteTCB      tasks.o
    0x08015b12   0x08015b12   0x00000002   PAD
    0x08015b14   0x08015b14   0x00000024   Code   RO        10900    i.prvGetNextExpireTime  timers.o
    0x08015b38   0x08015b38   0x00000050   Code   RO        11431    i.prvHeapInit       heap_4.o
    0x08015b88   0x08015b88   0x00000028   Code   RO        10554    i.prvIdleTask       tasks.o
    0x08015bb0   0x08015bb0   0x00000018   Code   RO        10219    i.prvInitialiseNewQueue  queue.o
    0x08015bc8   0x08015bc8   0x00000090   Code   RO        10555    i.prvInitialiseNewTask  tasks.o
    0x08015c58   0x08015c58   0x00000060   Code   RO        10556    i.prvInitialiseTaskLists  tasks.o
    0x08015cb8   0x08015cb8   0x0000005c   Code   RO        11432    i.prvInsertBlockIntoFreeList  heap_4.o
    0x08015d14   0x08015d14   0x00000048   Code   RO        10902    i.prvInsertTimerInActiveList  timers.o
    0x08015d5c   0x08015d5c   0x0000001a   Code   RO        10220    i.prvIsQueueEmpty   queue.o
    0x08015d76   0x08015d76   0x0000001e   Code   RO        10221    i.prvIsQueueFull    queue.o
    0x08015d94   0x08015d94   0x0000005c   Code   RO        10903    i.prvProcessExpiredTimer  timers.o
    0x08015df0   0x08015df0   0x000000d8   Code   RO        10904    i.prvProcessReceivedCommands  timers.o
    0x08015ec8   0x08015ec8   0x0000006c   Code   RO        10905    i.prvProcessTimerOrBlockTask  timers.o
    0x08015f34   0x08015f34   0x00000024   Code   RO        10557    i.prvResetNextTaskUnblockTime  tasks.o
    0x08015f58   0x08015f58   0x0000002c   Code   RO        10906    i.prvSampleTimeNow  timers.o
    0x08015f84   0x08015f84   0x0000005e   Code   RO        10558    i.prvSearchForNameWithinSingleList  tasks.o
    0x08015fe2   0x08015fe2   0x00000002   PAD
    0x08015fe4   0x08015fe4   0x00000074   Code   RO        10907    i.prvSwitchTimerLists  timers.o
    0x08016058   0x08016058   0x00000018   Code   RO        10559    i.prvTaskCheckFreeStackSpace  tasks.o
    0x08016070   0x08016070   0x00000030   Code   RO        11481    i.prvTaskExitError  port.o
    0x080160a0   0x080160a0   0x00000014   Code   RO        10908    i.prvTimerTask      timers.o
    0x080160b4   0x080160b4   0x00000068   Code   RO        10222    i.prvUnlockQueue    queue.o
    0x0801611c   0x0801611c   0x000000e4   Code   RO        11433    i.pvPortMalloc      heap_4.o
    0x08016200   0x08016200   0x0000002c   Code   RO        11482    i.pxPortInitialiseStack  port.o
    0x0801622c   0x0801622c   0x00000084   Code   RO        11967    i.quat_normalization  AHRS.lib(ahrs.o)
    0x080162b0   0x080162b0   0x00000180   Code   RO         3180    i.referee_data_solve  referee.o
    0x08016430   0x08016430   0x0000014c   Code   RO         3243    i.referee_unpack_fifo_data  referee_usart_task.o
    0x0801657c   0x0801657c   0x00000038   Code   RO         3244    i.referee_usart_task  referee_usart_task.o
    0x080165b4   0x080165b4   0x00000014   Code   RO         3298    i.remote_control_init  remote_control.o
    0x080165c8   0x080165c8   0x000000da   Code   RO         3299    i.sbus_to_rc        remote_control.o
    0x080166a2   0x080166a2   0x00000002   PAD
    0x080166a4   0x080166a4   0x00000224   Code   RO         3756    i.second_order_kalman_filter_init  vision_task.o
    0x080168c8   0x080168c8   0x0000004c   Code   RO         3757    i.send_message_to_vision  vision_task.o
    0x08016914   0x08016914   0x00000020   Code   RO         2874    i.set_cali_gimbal_hook  gimbal_task.o
    0x08016934   0x08016934   0x00000110   Code   RO         3613    i.shoot_control_loop  shoot_task.o
    0x08016a44   0x08016a44   0x0000002c   Code   RO         3614    i.shoot_control_vision_task  shoot_task.o
    0x08016a70   0x08016a70   0x00000104   Code   RO         3615    i.shoot_init        shoot_task.o
    0x08016b74   0x08016b74   0x000000cc   Code   RO         3616    i.shoot_set_control_mode  shoot_task.o
    0x08016c40   0x08016c40   0x00000054   Code   RO         3617    i.shoot_task        shoot_task.o
    0x08016c94   0x08016c94   0x0000006e   Code   RO        12553    i.sqrt              m_wm.l(sqrt_full.o)
    0x08016d02   0x08016d02   0x0000003e   Code   RO        12416    i.sqrtf             m_wm.l(sqrtf_full.o)
    0x08016d40   0x08016d40   0x0000005c   Code   RO         5107    i.stm32_pid_init    stm32.o
    0x08016d9c   0x08016d9c   0x0000005c   Code   RO         5108    i.stm32_pid_init_pitch  stm32.o
    0x08016df8   0x08016df8   0x00000034   Code   RO         5111    i.stm32_shoot_pid_init  stm32.o
    0x08016e2c   0x08016e2c   0x000002c4   Code   RO         5112    i.stm32_step        stm32.o
    0x080170f0   0x080170f0   0x00000270   Code   RO         5114    i.stm32_step_pitch  stm32.o
    0x08017360   0x08017360   0x00000240   Code   RO         5116    i.stm32_step_shoot_0  stm32.o
    0x080175a0   0x080175a0   0x00000240   Code   RO         5117    i.stm32_step_shoot_1  stm32.o
    0x080177e0   0x080177e0   0x0000008c   Code   RO         3364    i.test_task         test_task.o
    0x0801786c   0x0801786c   0x00000018   Code   RO         2728    i.toe_is_error      detect_task.o
    0x08017884   0x08017884   0x00000048   Code   RO         3618    i.trigger_control_loop  shoot_task.o
    0x080178cc   0x080178cc   0x00000068   Code   RO        10562    i.ulTaskNotifyTake  tasks.o
    0x08017934   0x08017934   0x0000007a   Code   RO        11968    i.update_w          AHRS.lib(ahrs.o)
    0x080179ae   0x080179ae   0x00000002   PAD
    0x080179b0   0x080179b0   0x000000a8   Code   RO         2188    i.usart1_tx_dma_enable  bsp_usart.o
    0x08017a58   0x08017a58   0x00000074   Code   RO         2189    i.usart1_tx_dma_init  bsp_usart.o
    0x08017acc   0x08017acc   0x00000138   Code   RO         2190    i.usart6_init       bsp_usart.o
    0x08017c04   0x08017c04   0x00000038   Code   RO         3398    i.usb_printf        usb_task.o
    0x08017c3c   0x08017c3c   0x00000134   Code   RO         3399    i.usb_task          usb_task.o
    0x08017d70   0x08017d70   0x00000026   Code   RO        10175    i.uxListRemove      list.o
    0x08017d96   0x08017d96   0x00000002   PAD
    0x08017d98   0x08017d98   0x00000014   Code   RO        10564    i.uxTaskGetStackHighWaterMark  tasks.o
    0x08017dac   0x08017dac   0x00000018   Code   RO          413    i.vApplicationGetIdleTaskMemory  freertos.o
    0x08017dc4   0x08017dc4   0x00000018   Code   RO          414    i.vApplicationGetTimerTaskMemory  freertos.o
    0x08017ddc   0x08017ddc   0x00000016   Code   RO        10176    i.vListInitialise   list.o
    0x08017df2   0x08017df2   0x00000006   Code   RO        10177    i.vListInitialiseItem  list.o
    0x08017df8   0x08017df8   0x00000036   Code   RO        10178    i.vListInsert       list.o
    0x08017e2e   0x08017e2e   0x00000018   Code   RO        10179    i.vListInsertEnd    list.o
    0x08017e46   0x08017e46   0x00000002   PAD
    0x08017e48   0x08017e48   0x00000040   Code   RO        11484    i.vPortEnterCritical  port.o
    0x08017e88   0x08017e88   0x0000002c   Code   RO        11485    i.vPortExitCritical  port.o
    0x08017eb4   0x08017eb4   0x0000005c   Code   RO        11434    i.vPortFree         heap_4.o
    0x08017f10   0x08017f10   0x00000024   Code   RO        11486    i.vPortSetupTimerInterrupt  port.o
    0x08017f34   0x08017f34   0x00000054   Code   RO        11487    i.vPortValidateInterruptPriority  port.o
    0x08017f88   0x08017f88   0x00000028   Code   RO        10226    i.vQueueAddToRegistry  queue.o
    0x08017fb0   0x08017fb0   0x0000004a   Code   RO        10229    i.vQueueWaitForMessageRestricted  queue.o
    0x08017ffa   0x08017ffa   0x00000002   PAD
    0x08017ffc   0x08017ffc   0x00000050   Code   RO        10568    i.vTaskDelay        tasks.o
    0x0801804c   0x0801804c   0x00000010   Code   RO        10572    i.vTaskInternalSetTimeOutState  tasks.o
    0x0801805c   0x0801805c   0x0000000c   Code   RO        10573    i.vTaskMissedYield  tasks.o
    0x08018068   0x08018068   0x000000c0   Code   RO        10574    i.vTaskNotifyGiveFromISR  tasks.o
    0x08018128   0x08018128   0x00000034   Code   RO        10575    i.vTaskPlaceOnEventList  tasks.o
    0x0801815c   0x0801815c   0x0000003c   Code   RO        10576    i.vTaskPlaceOnEventListRestricted  tasks.o
    0x08018198   0x08018198   0x00000090   Code   RO        10583    i.vTaskStartScheduler  tasks.o
    0x08018228   0x08018228   0x00000010   Code   RO        10585    i.vTaskSuspendAll   tasks.o
    0x08018238   0x08018238   0x00000060   Code   RO        10586    i.vTaskSwitchContext  tasks.o
    0x08018298   0x08018298   0x00000040   Code   RO         4687    i.verify_CRC16_check_sum  crc8_crc16.o
    0x080182d8   0x080182d8   0x0000002e   Code   RO         4688    i.verify_CRC8_check_sum  crc8_crc16.o
    0x08018306   0x08018306   0x00000002   PAD
    0x08018308   0x08018308   0x000000a4   Code   RO         3758    i.vision_analysis_date  vision_task.o
    0x080183ac   0x080183ac   0x000000a4   Code   RO         3690    i.vision_init       vision_usart.o
    0x08018450   0x08018450   0x00000220   Code   RO         3691    i.vision_rx_decode  vision_usart.o
    0x08018670   0x08018670   0x00000058   Code   RO         3759    i.vision_send_msg   vision_task.o
    0x080186c8   0x080186c8   0x00000024   Code   RO         3760    i.vision_send_task  vision_task.o
    0x080186ec   0x080186ec   0x00000058   Code   RO         3761    i.vision_send_task_feedback_update  vision_task.o
    0x08018744   0x08018744   0x00000024   Code   RO         3762    i.vision_send_task_init  vision_task.o
    0x08018768   0x08018768   0x00000130   Code   RO         3763    i.vision_shoot_judge  vision_task.o
    0x08018898   0x08018898   0x00000064   Code   RO         3764    i.vision_task       vision_task.o
    0x080188fc   0x080188fc   0x00000024   Code   RO         3765    i.vision_task_feedback_update  vision_task.o
    0x08018920   0x08018920   0x00000056   Code   RO         3766    i.vision_task_init  vision_task.o
    0x08018976   0x08018976   0x00000002   PAD
    0x08018978   0x08018978   0x000000ac   Code   RO         3767    i.vision_tx_encode  vision_task.o
    0x08018a24   0x08018a24   0x00000104   Code   RO        11488    i.xPortStartScheduler  port.o
    0x08018b28   0x08018b28   0x0000002c   Code   RO        11489    i.xPortSysTickHandler  port.o
    0x08018b54   0x08018b54   0x00000070   Code   RO        10233    i.xQueueGenericCreateStatic  queue.o
    0x08018bc4   0x08018bc4   0x00000090   Code   RO        10234    i.xQueueGenericReset  queue.o
    0x08018c54   0x08018c54   0x00000170   Code   RO        10235    i.xQueueGenericSend  queue.o
    0x08018dc4   0x08018dc4   0x000000bc   Code   RO        10236    i.xQueueGenericSendFromISR  queue.o
    0x08018e80   0x08018e80   0x00000148   Code   RO        10244    i.xQueueReceive     queue.o
    0x08018fc8   0x08018fc8   0x00000098   Code   RO        10588    i.xTaskCheckForTimeOut  tasks.o
    0x08019060   0x08019060   0x0000006c   Code   RO        10589    i.xTaskCreate       tasks.o
    0x080190cc   0x080190cc   0x00000060   Code   RO        10590    i.xTaskCreateStatic  tasks.o
    0x0801912c   0x0801912c   0x0000008c   Code   RO        10594    i.xTaskGetHandle    tasks.o
    0x080191b8   0x080191b8   0x0000001c   Code   RO        10595    i.xTaskGetSchedulerState  tasks.o
    0x080191d4   0x080191d4   0x0000000c   Code   RO        10596    i.xTaskGetTickCount  tasks.o
    0x080191e0   0x080191e0   0x000000d0   Code   RO        10598    i.xTaskIncrementTick  tasks.o
    0x080192b0   0x080192b0   0x0000009c   Code   RO        10601    i.xTaskPriorityDisinherit  tasks.o
    0x0801934c   0x0801934c   0x00000078   Code   RO        10603    i.xTaskRemoveFromEventList  tasks.o
    0x080193c4   0x080193c4   0x000000cc   Code   RO        10604    i.xTaskResumeAll    tasks.o
    0x08019490   0x08019490   0x00000068   Code   RO        10913    i.xTimerCreateTimerTask  timers.o
    0x080194f8   0x080194f8   0x00000074   Code   RO        10914    i.xTimerGenericCommand  timers.o
    0x0801956c   0x0801956c   0x0000016c   Data   RO          416    .constdata          freertos.o
    0x080196d8   0x080196d8   0x00000018   Data   RO         1492    .constdata          system_stm32f4xx.o
    0x080196f0   0x080196f0   0x00000020   Data   RO         2661    .constdata          chassis_task.o
    0x08019710   0x08019710   0x00000054   Data   RO         2730    .constdata          detect_task.o
    0x08019764   0x08019764   0x0000002c   Data   RO         2876    .constdata          gimbal_task.o
    0x08019790   0x08019790   0x00000018   Data   RO         3009    .constdata          ins_task.o
    0x080197a8   0x080197a8   0x00001164   Data   RO         3136    .constdata          oled_task.o
    0x0801a90c   0x0801a90c   0x0000000e   Data   RO         3401    .constdata          usb_task.o
    0x0801a91a   0x0801a91a   0x00000002   PAD
    0x0801a91c   0x0801a91c   0x0000002c   Data   RO         3620    .constdata          shoot_task.o
    0x0801a948   0x0801a948   0x00000030   Data   RO         3769    .constdata          vision_task.o
    0x0801a978   0x0801a978   0x0000115c   Data   RO         3888    .constdata          oled.o
    0x0801bad4   0x0801bad4   0x00000012   Data   RO         4017    .constdata          bmi088driver.o
    0x0801bae6   0x0801bae6   0x0000000c   Data   RO         4232    .constdata          ist8310driver.o
    0x0801baf2   0x0801baf2   0x00000002   PAD
    0x0801baf4   0x0801baf4   0x00000010   Data   RO         4625    .constdata          kalman.o
    0x0801bb04   0x0801bb04   0x00000302   Data   RO         4689    .constdata          crc8_crc16.o
    0x0801be06   0x0801be06   0x00000008   Data   RO         6321    .constdata          stm32f4xx_hal_dma.o
    0x0801be0e   0x0801be0e   0x00000002   PAD
    0x0801be10   0x0801be10   0x0000000c   Data   RO        11969    .constdata          AHRS.lib(ahrs.o)
    0x0801be1c   0x0801be1c   0x00000804   Data   RO        12323    .constdata          arm_cortexM4lf_math.lib(arm_common_tables.o)
    0x0801c620   0x0801c620   0x00000088   Data   RO        12391    .constdata          m_wm.l(pow.o)
    0x0801c6a8   0x0801c6a8   0x00000008   Data   RO        12547    .constdata          m_wm.l(qnan.o)
    0x0801c6b0   0x0801c6b0   0x00000075   Data   RO          417    .conststring        freertos.o
    0x0801c725   0x0801c725   0x00000003   PAD
    0x0801c728   0x0801c728   0x00000122   Data   RO         3402    .conststring        usb_task.o
    0x0801c84a   0x0801c84a   0x00000002   PAD
    0x0801c84c   0x0801c84c   0x00000020   Data   RO        12616    Region$$Table       anon$$obj.o


    Execution Region RW_IRAM1 (Exec base: 0x20000000, Load base: 0x0801c86c, Size: 0x0000f0f8, Max: 0x00020000, ABSOLUTE, COMPRESSED[0x00000194])

    Exec Addr    Load Addr    Size         Type   Attr      Idx    E Section Name        Object

    0x20000000   COMPRESSED   0x00000038   Data   RW          418    .data               freertos.o
    0x20000038   COMPRESSED   0x00000004   Data   RW          523    .data               can.o
    0x2000003c   COMPRESSED   0x00000008   Data   RW          570    .data               crc.o
    0x20000044   COMPRESSED   0x0000004e   Data   RW         1204    .data               usbd_desc.o
    0x20000092   COMPRESSED   0x00000002   PAD
    0x20000094   COMPRESSED   0x00000010   Data   RW         1290    .data               usbd_cdc_if.o
    0x200000a4   COMPRESSED   0x00000004   Data   RW         1493    .data               system_stm32f4xx.o
    0x200000a8   COMPRESSED   0x00000004   Data   RW         1533    .data               bsp_adc.o
    0x200000ac   COMPRESSED   0x00000008   Data   RW         1783    .data               bsp_delay.o
    0x200000b4   COMPRESSED   0x00000008   Data   RW         2051    .data               bsp_led.o
    0x200000bc   COMPRESSED   0x00000054   Data   RW         2274    .data               calibrate_task.o
    0x20000110   COMPRESSED   0x00000001   Data   RW         2531    .data               chassis_behaviour.o
    0x20000111   COMPRESSED   0x00000003   PAD
    0x20000114   COMPRESSED   0x00000028   Data   RW         2662    .data               chassis_task.o
    0x2000013c   COMPRESSED   0x00000009   Data   RW         2731    .data               detect_task.o
    0x20000145   COMPRESSED   0x00000003   PAD
    0x20000148   COMPRESSED   0x0000002a   Data   RW         2780    .data               gimbal_behaviour.o
    0x20000172   COMPRESSED   0x00000002   PAD
    0x20000174   COMPRESSED   0x00000024   Data   RW         2877    .data               gimbal_task.o
    0x20000198   COMPRESSED   0x000000a0   Data   RW         3010    .data               ins_task.o
    0x20000238   COMPRESSED   0x00000017   Data   RW         3137    .data               oled_task.o
    0x2000024f   COMPRESSED   0x00000026   Data   RW         3182    .data               referee.o
    0x20000275   COMPRESSED   0x00000001   PAD
    0x20000276   COMPRESSED   0x00000002   Data   RW         3246    .data               referee_usart_task.o
    0x20000278   COMPRESSED   0x00000002   Data   RW         3303    .data               remote_control.o
    0x2000027a   COMPRESSED   0x00000002   PAD
    0x2000027c   COMPRESSED   0x0000000a   Data   RW         3365    .data               test_task.o
    0x20000286   COMPRESSED   0x00000002   PAD
    0x20000288   COMPRESSED   0x00000008   Data   RW         3403    .data               usb_task.o
    0x20000290   COMPRESSED   0x0000001a   Data   RW         3465    .data               can_receive.o
    0x200002aa   COMPRESSED   0x00000002   PAD
    0x200002ac   COMPRESSED   0x00000008   Data   RW         3542    .data               voltage_task.o
    0x200002b4   COMPRESSED   0x0000001c   Data   RW         3578    .data               led_flow_task.o
    0x200002d0   COMPRESSED   0x0000003c   Data   RW         3621    .data               shoot_task.o
    0x2000030c   COMPRESSED   0x00000006   Data   RW         3693    .data               vision_usart.o
    0x20000312   COMPRESSED   0x00000002   PAD
    0x20000314   COMPRESSED   0x00000018   Data   RW         3770    .data               vision_task.o
    0x2000032c   COMPRESSED   0x00000008   Data   RW         3889    .data               oled.o
    0x20000334   COMPRESSED   0x0000002c   Data   RW         4018    .data               bmi088driver.o
    0x20000360   COMPRESSED   0x00000008   Data   RW         4626    .data               kalman.o
    0x20000368   COMPRESSED   0x00000002   Data   RW         4690    .data               crc8_crc16.o
    0x2000036a   COMPRESSED   0x00000002   PAD
    0x2000036c   COMPRESSED   0x00000008   Data   RW         5036    .data               pid.o
    0x20000374   COMPRESSED   0x0000000c   Data   RW         6743    .data               stm32f4xx_hal.o
    0x20000380   COMPRESSED   0x0000003c   Data   RW        10607    .data               tasks.o
    0x200003bc   COMPRESSED   0x00000014   Data   RW        10922    .data               timers.o
    0x200003d0   COMPRESSED   0x00000018   Data   RW        11439    .data               heap_4.o
    0x200003e8   COMPRESSED   0x0000000c   Data   RW        11490    .data               port.o
    0x200003f4   COMPRESSED   0x00000001   Data   RW        11712    .data               usbd_ctlreq.o
    0x200003f5   COMPRESSED   0x00000003   PAD
    0x200003f8   COMPRESSED   0x000000d7   Data   RW        11868    .data               usbd_cdc.o
    0x200004cf   COMPRESSED   0x00000001   PAD
    0x200004d0   COMPRESSED   0x00000038   Data   RW        11869    .data               usbd_cdc.o
    0x20000508   COMPRESSED   0x00000010   Data   RW        11970    .data               AHRS.lib(ahrs.o)
    0x20000518   COMPRESSED   0x00000004   Data   RW        12590    .data               mc_w.l(mvars.o)
    0x2000051c   COMPRESSED   0x00000004   Data   RW        12591    .data               mc_w.l(mvars.o)
    0x20000520   COMPRESSED   0x00000004   Data   RW        12595    .data               mc_w.l(errno.o)
    0x20000524        -       0x00000018   Zero   RW           16    .bss                main.o
    0x2000053c        -       0x000006a8   Zero   RW          415    .bss                freertos.o
    0x20000be4        -       0x00000090   Zero   RW          474    .bss                adc.o
    0x20000c74        -       0x00000050   Zero   RW          522    .bss                can.o
    0x20000cc4        -       0x0000015c   Zero   RW          638    .bss                i2c.o
    0x20000e20        -       0x00000010   Zero   RW          690    .bss                rng.o
    0x20000e30        -       0x00000020   Zero   RW          732    .bss                rtc.o
    0x20000e50        -       0x00000170   Zero   RW          775    .bss                spi.o
    0x20000fc0        -       0x00000180   Zero   RW          828    .bss                tim.o
    0x20001140        -       0x000002a0   Zero   RW          902    .bss                usart.o
    0x200013e0        -       0x0000029c   Zero   RW          952    .bss                usb_device.o
    0x2000167c        -       0x00000408   Zero   RW         1028    .bss                usbd_conf.o
    0x20001a84        -       0x00000200   Zero   RW         1203    .bss                usbd_desc.o
    0x20001c84        -       0x00001000   Zero   RW         1289    .bss                usbd_cdc_if.o
    0x20002c84        -       0x00000010   Zero   RW         1532    .bss                bsp_adc.o
    0x20002c94        -       0x00000115   Zero   RW         2272    .bss                calibrate_task.o
    0x20002da9   COMPRESSED   0x00000003   PAD
    0x20002dac        -       0x0000027c   Zero   RW         2660    .bss                chassis_task.o
    0x20003028        -       0x0000021c   Zero   RW         2729    .bss                detect_task.o
    0x20003244        -       0x00000020   Zero   RW         2779    .bss                gimbal_behaviour.o
    0x20003264        -       0x00000368   Zero   RW         2875    .bss                gimbal_task.o
    0x200035cc        -       0x00000134   Zero   RW         3008    .bss                ins_task.o
    0x20003700        -       0x00000055   Zero   RW         3181    .bss                referee.o
    0x20003755   COMPRESSED   0x00000003   PAD
    0x20003758        -       0x000008a1   Zero   RW         3245    .bss                referee_usart_task.o
    0x20003ff9        -       0x0000005e   Zero   RW         3302    .bss                remote_control.o
    0x20004057        -       0x00000100   Zero   RW         3400    .bss                usb_task.o
    0x20004157   COMPRESSED   0x00000001   PAD
    0x20004158        -       0x000000ac   Zero   RW         3464    .bss                can_receive.o
    0x20004204        -       0x000002e0   Zero   RW         3619    .bss                shoot_task.o
    0x200044e4        -       0x0000009c   Zero   RW         3692    .bss                vision_usart.o
    0x20004580        -       0x000002fc   Zero   RW         3768    .bss                vision_task.o
    0x2000487c        -       0x00000417   Zero   RW         3887    .bss                oled.o
    0x20004c93   COMPRESSED   0x00000001   PAD
    0x20004c94        -       0x00000220   Zero   RW         5118    .bss                stm32.o
    0x20004eb4        -       0x00000040   Zero   RW        10247    .bss                queue.o
    0x20004ef4        -       0x000000f0   Zero   RW        10606    .bss                tasks.o
    0x20004fe4        -       0x00000110   Zero   RW        10921    .bss                timers.o
    0x200050f4        -       0x00006000   Zero   RW        11438    .bss                heap_4.o
    0x2000b0f4   COMPRESSED   0x00000004   PAD
    0x2000b0f8        -       0x00002000   Zero   RW            2    HEAP                startup_stm32f407xx.o
    0x2000d0f8        -       0x00002000   Zero   RW            1    STACK               startup_stm32f407xx.o


==============================================================================

Image component sizes


      Code (inc. data)   RO Data    RW Data    ZI Data      Debug   Object Name

       396         42          0          0        144       2502   adc.o
       168          4          0          0          0       5804   ahrs_middleware.o
      2338         40         18         44          0      11139   bmi088driver.o
       140         28          0          0          0       5176   bmi088middleware.o
       288         44          0          4         16     618412   bsp_adc.o
         4          0          0          0          0       1053   bsp_buzzer.o
        92          8          0          0          0        626   bsp_can.o
       128         20          0          8          0       1444   bsp_delay.o
        20          0          0          0          0       1057   bsp_flash.o
      1260        100          0          0          0       6189   bsp_i2c.o
        12          4          0          0          0        538   bsp_imu_pwm.o
       104         22          0          8          0        628   bsp_led.o
       260         28          0          0          0       2123   bsp_rc.o
     10428        170          0          0          0       5734   bsp_spi.o
       596         50          0          0          0       2514   bsp_usart.o
       710         34          0         84        277     633713   calibrate_task.o
       488         44          0          4         80       2578   can.o
       624         70          0         26        172       5942   can_receive.o
       760         44          0          1          0      17274   chassis_behaviour.o
         0          0          0          0          0       1064   chassis_power_control.o
      3898        198         32         40        636      10250   chassis_task.o
       130          0          0          0          0      22395   cmsis_os.o
        84         18          0          8          0       1615   crc.o
       198         16        770          2          0       3961   crc8_crc16.o
      1360         50         84          9        540       4129   detect_task.o
       200          6          0          0          0        918   dma.o
         0          0          0          0          0      16516   event_groups.o
       258          0          0          0          0      10479   fifo.o
       424         78        481         56       1704       4340   freertos.o
      2084        188          0         42         32       9638   gimbal_behaviour.o
      2870        198         44         36        872      21486   gimbal_task.o
       596         30          0          0          0       1387   gpio.o
       492         32          0         24      24576       5167   heap_4.o
       700         80          0          0        348       3284   i2c.o
      4360        330         24        160        308      19828   ins_task.o
       148          6         12          0          0       2099   ist8310driver.o
       136         22          0          0          0       4259   ist8310driver_middleware.o
       644         14         16          8          0       5728   kalman.o
       432         10          0         28          0       1773   led_flow_task.o
       144          0          0          0          0       3822   list.o
       362         18          0          0         24     807568   main.o
      1092         56       4444          8       1047      11559   oled.o
       532         42       4452         23          0       3118   oled_task.o
      1794         28          0          8          0       6751   pid.o
       814         92          0         12          0      12477   port.o
      1584         24          0          0         64      15612   queue.o
       568        140          0         38         85       7691   referee.o
       684         50          0          2       2209       5800   referee_usart_task.o
       550         36          0          2         94       3419   remote_control.o
        84         18          0          0         16       1615   rng.o
        76         16          0          0         32       1563   rtc.o
      1772        220         44         60        736       7724   shoot_task.o
       604         54          0          0        368       2744   spi.o
        36          8        392          0      16384        876   startup_stm32f407xx.o
      2720        202          0          0        544       9628   stm32.o
       188         30          0         12          0       4857   stm32f4xx_hal.o
      1234         44          0          0          0       5570   stm32f4xx_hal_adc.o
      2004          6          0          0          0      15771   stm32f4xx_hal_can.o
       208         16          0          0          0      33863   stm32f4xx_hal_cortex.o
        40          0          0          0          0       1139   stm32f4xx_hal_crc.o
      1126         18          8          0          0       7585   stm32f4xx_hal_dma.o
       592         28          0          0          0       4046   stm32f4xx_hal_gpio.o
      3244         64          0          0          0      16236   stm32f4xx_hal_i2c.o
        84          6          0          0          0        914   stm32f4xx_hal_msp.o
      2534         18          0          0          0      14101   stm32f4xx_hal_pcd.o
        84          0          0          0          0       2717   stm32f4xx_hal_pcd_ex.o
      1638        100          0          0          0       6688   stm32f4xx_hal_rcc.o
       380         34          0          0          0       1604   stm32f4xx_hal_rcc_ex.o
        52          0          0          0          0       1167   stm32f4xx_hal_rng.o
       312          0          0          0          0       2864   stm32f4xx_hal_rtc.o
       900          8          0          0          0       4825   stm32f4xx_hal_spi.o
      1450         46          0          0          0      13851   stm32f4xx_hal_tim.o
       180          0          0          0          0       2364   stm32f4xx_hal_tim_ex.o
      1882         34          0          0          0      12765   stm32f4xx_hal_uart.o
       192         42          0          0          0       9341   stm32f4xx_it.o
      2762        110          0          0          0      24570   stm32f4xx_ll_usb.o
       100         18         24          4          0       1275   system_stm32f4xx.o
      2878        244          0         60        240      32545   tasks.o
       264         28          0         10          0       2156   test_task.o
      2108        160          0          0        384       7163   tim.o
      1016         96          0         20        272      28043   timers.o
      1016         94          0          0        672       3763   usart.o
        76         16          0          0        668       2599   usb_device.o
       364         24        304          8        256       2698   usb_task.o
       836         16          0        271          0      14386   usbd_cdc.o
       192         22          0         16       4096       3792   usbd_cdc_if.o
       990         18          0          0       1032      16716   usbd_conf.o
       736          0          0          0          0      13705   usbd_core.o
      1648         30          0          1          0      12364   usbd_ctlreq.o
       386        122          0         78        512       7053   usbd_desc.o
       132          0          0          0          0       4800   usbd_ioreq.o
       258          4          0          0          0       4015   user_lib.o
      1750        126         48         24        764      29420   vision_task.o
      1008         78          0          6        156       4541   vision_usart.o
       336         72          0          8          0       2213   voltage_task.o

    ----------------------------------------------------------------------
     88520       4804      11240       1288      60372    2756814   Object Totals
         0          0         32          0          0          0   (incl. Generated)
        94          0         11         25         12          0   (incl. Padding)

    ----------------------------------------------------------------------

      Code (inc. data)   RO Data    RW Data    ZI Data      Debug   Library Member Name

      2718         84         12         16          0       9922   ahrs.o
         0          0       2052          0          0       4636   arm_common_tables.o
       120         12          0          0          0      16970   arm_cos_f32.o
       264          0          0          0          0       1482   arm_mat_add_f32.o
         8          0          0          0          0        843   arm_mat_init_f32.o
      1328          4          0          0          0       2718   arm_mat_inverse_f32.o
       316          4          0          0          0       1627   arm_mat_mult_f32.o
       264          0          0          0          0       1482   arm_mat_sub_f32.o
       276          0          0          0          0       1516   arm_mat_trans_f32.o
       116         12          0          0          0        658   arm_sin_f32.o
       300         42          0          0          0        176   asinf.o
       684         90          0          0          0        208   atan2f.o
       164         44          0          0          0        620   dunder.o
        44          0          0          0          0        248   fabs.o
        48          0          0          0          0        124   fpclassify.o
        38          0          0          0          0        116   fpclassifyf.o
        44         12          0          0          0        464   funder.o
       248          0          0          0          0        152   poly.o
      3152        296        136          0          0        352   pow.o
         0          0          8          0          0          0   qnan.o
       110          0          0          0          0        148   sqrt_full.o
       120          0          0          0          0        272   sqrtf_full.o
        86          0          0          0          0          0   __dczerorl2.o
         0          0          0          0          0          0   entry.o
         0          0          0          0          0          0   entry10a.o
         0          0          0          0          0          0   entry11a.o
         4          0          0          0          0          0   entry12b.o
         8          4          0          0          0          0   entry2.o
         4          0          0          0          0          0   entry5.o
         0          0          0          0          0          0   entry7b.o
         0          0          0          0          0          0   entry8b.o
         8          4          0          0          0          0   entry9a.o
        12          6          0          4          0         68   errno.o
        30          0          0          0          0          0   handlers.o
        36          8          0          0          0         68   init.o
         0          0          0          0          0          0   iusefp.o
        30          0          0          0          0         68   llshl.o
        36          0          0          0          0         68   llsshr.o
        32          0          0          0          0         68   llushr.o
       188         20          0          0          0        160   malloc.o
        36          0          0          0          0         68   memcpya.o
        36          0          0          0          0        108   memseta.o
         0          0          0          8          0          0   mvars.o
      2232         86          0          0          0        528   printfa.o
        14          0          0          0          0         68   strlen.o
        44          0          0          0          0         80   uidiv.o
        98          0          0          0          0         92   uldiv.o
        48          0          0          0          0         68   cdcmple.o
        48          0          0          0          0         68   cdrcmple.o
        56          0          0          0          0         88   d2f.o
       334          0          0          0          0        148   dadd.o
       222          0          0          0          0        100   ddiv.o
       186          0          0          0          0        176   depilogue.o
        48          0          0          0          0         68   dfixul.o
        34          0          0          0          0         76   dflti.o
       228          0          0          0          0         96   dmul.o
        46          0          0          0          0         80   dscalb.o
       162          0          0          0          0        100   dsqrt.o
        38          0          0          0          0         68   f2d.o
       110          0          0          0          0        168   fepilogue.o

    ----------------------------------------------------------------------
     14876        728       2208         28          0      47482   Library Totals
        20          0          0          0          0          0   (incl. Padding)

    ----------------------------------------------------------------------

      Code (inc. data)   RO Data    RW Data    ZI Data      Debug   Library Name

      2718         84         12         16          0       9922   AHRS.lib
      2692         32       2052          0          0      31932   arm_cortexM4lf_math.lib
      4952        484        144          0          0       2880   m_wm.l
      2934        128          0         12          0       1444   mc_w.l
      1560          0          0          0          0       1304   mf_w.l

    ----------------------------------------------------------------------
     14876        728       2208         28          0      47482   Library Totals

    ----------------------------------------------------------------------

==============================================================================


      Code (inc. data)   RO Data    RW Data    ZI Data      Debug   

    103396       5532      13448       1316      60372    2739824   Grand Totals
    103396       5532      13448        404      60372    2739824   ELF Image Totals (compressed)
    103396       5532      13448        404          0          0   ROM Totals

==============================================================================

    Total RO  Size (Code + RO Data)               116844 ( 114.11kB)
    Total RW  Size (RW Data + ZI Data)             61688 (  60.24kB)
    Total ROM Size (Code + RO Data + RW Data)     117248 ( 114.50kB)

==============================================================================

