<html>
<body>
<pre>
<h1>µVision Build Log</h1>
<h2>Tool Versions:</h2>
IDE-Version: ¦ÌVision V5.37.0.0
Copyright (C) 2022 ARM Ltd and ARM Germany GmbH. All rights reserved.
License Information: yuan luochen, qiqi, LIC=PE7DL-0T0L2-BS4YX-H6NBG-APN1Y-Q4ZVJ
 
Tool Versions:
Toolchain:       MDK-ARM Plus  Version: 5.37.0.0
Toolchain Path:  C:\Keil_v5\ARM\Ac506u7\Bin
C Compiler:      Armcc.exe V5.06 update 7 (build 960)
Assembler:       Armasm.exe V5.06 update 7 (build 960)
Linker/Locator:  ArmLink.exe V5.06 update 7 (build 960)
Library Manager: ArmAr.exe V5.06 update 7 (build 960)
Hex Converter:   FromElf.exe V5.06 update 7 (build 960)
CPU DLL:         SARMCM3.DLL V5.37.0.0
Dialog DLL:      DCM.DLL V1.17.5.0
Target DLL:      STLink\ST-LINKIII-KEIL_SWO.dll V3.0.9.0
Dialog DLL:      TCM.DLL V1.56.1.0
 
<h2>Project:</h2>
c:\Users\discipline\developer_workspace\code\RobotMaster\guard\LowerComputer\MDK-ARM\standard_robot.uvprojx
Project File Date:  01/31/2023

<h2>Output:</h2>
*** Using Compiler 'V5.06 update 7 (build 960)', folder: 'C:\Keil_v5\ARM\Ac506u7\Bin'
Build target 'standard_robot'
compiling stm32.c...
..\stm32\stm32.h(114): warning:  #1295-D: Deprecated declaration stm32_auto_pid_init - give arg types
  extern void stm32_auto_pid_init();
..\stm32\stm32.c(123): warning:  #1035-D: single-precision operand implicitly converted to double-precision
     stm32_pid.rtb_FilterDifferentiatorTF = stm32_U.P_N * 0.0005;
..\stm32\stm32.c(124): warning:  #1035-D: single-precision operand implicitly converted to double-precision
     stm32_pid.rtb_Sum1 = 1.0 / (stm32_pid.rtb_FilterDifferentiatorTF + 1.0);
..\stm32\stm32.c(126): warning:  #1035-D: single-precision operand implicitly converted to double-precision
         (stm32_pid.rtb_FilterDifferentiatorTF - 1.0) * stm32_pid.rtb_Sum1;
..\stm32\stm32.c(127): warning:  #1035-D: single-precision operand implicitly converted to double-precision
     stm32_pid.rtb_FilterDifferentiatorTF = stm32_U.S_N * 0.0005;
..\stm32\stm32.c(128): warning:  #1035-D: single-precision operand implicitly converted to double-precision
     stm32_pid.rtb_Reciprocal = 1.0 / (stm32_pid.rtb_FilterDifferentiatorTF + 1.0);
..\stm32\stm32.c(130): warning:  #1035-D: single-precision operand implicitly converted to double-precision
         (stm32_pid.rtb_FilterDifferentiatorTF - 1.0) * stm32_pid.rtb_Reciprocal;
..\stm32\stm32.c(141): warning:  #1035-D: single-precision operand implicitly converted to double-precision
     stm32_pid.Integrator = 0.0005 * stm32_pid.rtb_IProdOut + stm32_DW.Integrator_DSTATE;
..\stm32\stm32.c(157): warning:  #1035-D: single-precision operand implicitly converted to double-precision
                                  stm32_pid.TmpSignalConversionAtFilterDifferentiatorTFInport2_c_idx_1 +
..\stm32\stm32.c(169): warning:  #1035-D: single-precision operand implicitly converted to double-precision
     stm32_DW.Integrator_DSTATE = 0.0005 * stm32_pid.rtb_IProdOut + stm32_pid.Integrator;
..\stm32\stm32.c(174): warning:  #1035-D: single-precision operand implicitly converted to double-precision
                                        stm32_pid.TmpSignalConversionAtFilterDifferentiatorTFInport2_c_idx_1 +
..\stm32\stm32.c(183): warning:  #1035-D: single-precision operand implicitly converted to double-precision
     stm32_auto_pid.rtb_FilterDifferentiatorTF = stm32_U_auto.P_N * 0.0005;
..\stm32\stm32.c(184): warning:  #1035-D: single-precision operand implicitly converted to double-precision
     stm32_auto_pid.rtb_Sum1 = 1.0 / (stm32_auto_pid.rtb_FilterDifferentiatorTF + 1.0);
..\stm32\stm32.c(186): warning:  #1035-D: single-precision operand implicitly converted to double-precision
         (stm32_auto_pid.rtb_FilterDifferentiatorTF - 1.0) * stm32_auto_pid.rtb_Sum1;
..\stm32\stm32.c(187): warning:  #1035-D: single-precision operand implicitly converted to double-precision
     stm32_auto_pid.rtb_FilterDifferentiatorTF = stm32_U_auto.S_N * 0.0005;
..\stm32\stm32.c(188): warning:  #1035-D: single-precision operand implicitly converted to double-precision
     stm32_auto_pid.rtb_Reciprocal = 1.0 / (stm32_auto_pid.rtb_FilterDifferentiatorTF + 1.0);
..\stm32\stm32.c(190): warning:  #1035-D: single-precision operand implicitly converted to double-precision
         (stm32_auto_pid.rtb_FilterDifferentiatorTF - 1.0) * stm32_auto_pid.rtb_Reciprocal;
..\stm32\stm32.c(201): warning:  #1035-D: single-precision operand implicitly converted to double-precision
     stm32_auto_pid.Integrator = 0.0005 * stm32_auto_pid.rtb_IProdOut + stm32_DW_yaw_auto.Integrator_DSTATE;
..\stm32\stm32.c(217): warning:  #1035-D: single-precision operand implicitly converted to double-precision
                                       stm32_auto_pid.TmpSignalConversionAtFilterDifferentiatorTFInport2_c_idx_1 +
..\stm32\stm32.c(229): warning:  #1035-D: single-precision operand implicitly converted to double-precision
     stm32_DW_yaw_auto.Integrator_DSTATE = 0.0005 * stm32_auto_pid.rtb_IProdOut + stm32_auto_pid.Integrator;
..\stm32\stm32.c(234): warning:  #1035-D: single-precision operand implicitly converted to double-precision
                                                 stm32_auto_pid.TmpSignalConversionAtFilterDifferentiatorTFInport2_c_idx_1 +
..\stm32\stm32.c(243): warning:  #1035-D: single-precision operand implicitly converted to double-precision
     stm32_pid_auto_pitch.rtb_FilterDifferentiatorTF = stm32_U_pitch_auto.P_N * 0.0005;
..\stm32\stm32.c(244): warning:  #1035-D: single-precision operand implicitly converted to double-precision
     stm32_pid_auto_pitch.rtb_Sum1 = 1.0 / (stm32_pid_auto_pitch.rtb_FilterDifferentiatorTF + 1.0);
..\stm32\stm32.c(246): warning:  #1035-D: single-precision operand implicitly converted to double-precision
         (stm32_pid_auto_pitch.rtb_FilterDifferentiatorTF - 1.0) * stm32_pid_auto_pitch.rtb_Sum1;
..\stm32\stm32.c(247): warning:  #1035-D: single-precision operand implicitly converted to double-precision
     stm32_pid_auto_pitch.rtb_FilterDifferentiatorTF = stm32_U_pitch_auto.S_N * 0.0005;
..\stm32\stm32.c(248): warning:  #1035-D: single-precision operand implicitly converted to double-precision
     stm32_pid_auto_pitch.rtb_Reciprocal = 1.0 / (stm32_pid_auto_pitch.rtb_FilterDifferentiatorTF + 1.0);
..\stm32\stm32.c(250): warning:  #1035-D: single-precision operand implicitly converted to double-precision
         (stm32_pid_auto_pitch.rtb_FilterDifferentiatorTF - 1.0) * stm32_pid_auto_pitch.rtb_Reciprocal;
..\stm32\stm32.c(254): warning:  #1035-D: single-precision operand implicitly converted to double-precision
     stm32_pid_auto_pitch.Integrator = 0.0005 * stm32_pid_auto_pitch.rtb_IProdOut + stm32_DW_pitch_auto.Integrator_DSTATE;
..\stm32\stm32.c(270): warning:  #1035-D: single-precision operand implicitly converted to double-precision
                                             stm32_pid_auto_pitch.TmpSignalConversionAtFilterDifferentiatorTFInport2_c_idx_1 +
..\stm32\stm32.c(282): warning:  #1035-D: single-precision operand implicitly converted to double-precision
     stm32_DW_pitch_auto.Integrator_DSTATE = 0.0005 * stm32_pid_auto_pitch.rtb_IProdOut + stm32_pid_auto_pitch.Integrator;
..\stm32\stm32.c(287): warning:  #1035-D: single-precision operand implicitly converted to double-precision
                                                   stm32_pid_auto_pitch.TmpSignalConversionAtFilterDifferentiatorTFInport2_c_idx_1 +
..\stm32\stm32.c(296): warning:  #1035-D: single-precision operand implicitly converted to double-precision
     stm32_pid_pitch.rtb_FilterDifferentiatorTF = stm32_U_pitch.P_N * 0.0005;
..\stm32\stm32.c(297): warning:  #1035-D: single-precision operand implicitly converted to double-precision
     stm32_pid_pitch.rtb_Sum1 = 1.0 / (stm32_pid_pitch.rtb_FilterDifferentiatorTF + 1.0);
..\stm32\stm32.c(299): warning:  #1035-D: single-precision operand implicitly converted to double-precision
         (stm32_pid_pitch.rtb_FilterDifferentiatorTF - 1.0) * stm32_pid_pitch.rtb_Sum1;
..\stm32\stm32.c(300): warning:  #1035-D: single-precision operand implicitly converted to double-precision
     stm32_pid_pitch.rtb_FilterDifferentiatorTF = stm32_U_pitch.S_N * 0.0005;
..\stm32\stm32.c(301): warning:  #1035-D: single-precision operand implicitly converted to double-precision
     stm32_pid_pitch.rtb_Reciprocal = 1.0 / (stm32_pid_pitch.rtb_FilterDifferentiatorTF + 1.0);
..\stm32\stm32.c(303): warning:  #1035-D: single-precision operand implicitly converted to double-precision
         (stm32_pid_pitch.rtb_FilterDifferentiatorTF - 1.0) * stm32_pid_pitch.rtb_Reciprocal;
..\stm32\stm32.c(307): warning:  #1035-D: single-precision operand implicitly converted to double-precision
     stm32_pid_pitch.Integrator = 0.0005 * stm32_pid_pitch.rtb_IProdOut + stm32_DW_pitch.Integrator_DSTATE;
..\stm32\stm32.c(323): warning:  #1035-D: single-precision operand implicitly converted to double-precision
                                        stm32_pid_pitch.TmpSignalConversionAtFilterDifferentiatorTFInport2_c_idx_1 +
..\stm32\stm32.c(335): warning:  #1035-D: single-precision operand implicitly converted to double-precision
     stm32_DW_pitch.Integrator_DSTATE = 0.0005 * stm32_pid_pitch.rtb_IProdOut + stm32_pid_pitch.Integrator;
..\stm32\stm32.c(340): warning:  #1035-D: single-precision operand implicitly converted to double-precision
                                              stm32_pid_pitch.TmpSignalConversionAtFilterDifferentiatorTFInport2_c_idx_1 +
..\stm32\stm32.c(351): warning:  #1035-D: single-precision operand implicitly converted to double-precision
     rtb_Sum_p = stm32_U.N * 0.0005;
..\stm32\stm32.c(378): warning:  #1035-D: single-precision operand implicitly converted to double-precision
     rtb_Sum_p = stm32_U.N * 0.0005;
..\stm32\stm32.c: 43 warnings, 0 errors
compiling shoot_task.c...
../stm32/stm32.h(114): warning:  #1295-D: Deprecated declaration stm32_auto_pid_init - give arg types
  extern void stm32_auto_pid_init();
..\application\shoot_task.c(52): warning:  #177-D: function "trigger_motor_turn_back"  was declared but never referenced
  static void trigger_motor_turn_back(void);
..\application\shoot_task.c: 2 warnings, 0 errors
linking...
Program Size: Code=105320 RO-data=13712 RW-data=1304 ZI-data=59752  
FromELF: creating hex file...
"standard_tpye_c\standard_tpye_c.axf" - 0 Error(s), 45 Warning(s).

<h2>Software Packages used:</h2>

Package Vendor: ARM
                http://www.keil.com/pack/ARM.CMSIS.5.9.0.pack
                ARM.CMSIS.5.9.0
                CMSIS (Common Microcontroller Software Interface Standard)
   * Component: CORE Version: 5.6.0

Package Vendor: Keil
                http://www.keil.com/pack/Keil.STM32F4xx_DFP.2.16.0.pack
                Keil.STM32F4xx_DFP.2.16.0
                STMicroelectronics STM32F4 Series Device Support, Drivers and Examples

<h2>Collection of Component include folders:</h2>
  ./RTE/_standard_robot
  C:/Users/discipline/AppData/Local/arm/packs/ARM/CMSIS/5.9.0/CMSIS/Core/Include
  C:/Users/discipline/AppData/Local/arm/packs/Keil/STM32F4xx_DFP/2.16.0/Drivers/CMSIS/Device/ST/STM32F4xx/Include

<h2>Collection of Component Files used:</h2>

   * Component: ARM::CMSIS:CORE:5.6.0
Build Time Elapsed:  00:00:04
</pre>
</body>
</html>
