<html>
<body>
<pre>
<h1>µVision Build Log</h1>
<h2>Tool Versions:</h2>
IDE-Version: ¦ÌVision V5.37.0.0
Copyright (C) 2022 ARM Ltd and ARM Germany GmbH. All rights reserved.
License Information: yuan luochen, qiqi, LIC=PE7DL-0T0L2-BS4YX-H6NBG-APN1Y-Q4ZVJ
 
Tool Versions:
Toolchain:       MDK-ARM Plus  Version: 5.37.0.0
Toolchain Path:  C:\Keil_v5\ARM\Ac506u7\Bin
C Compiler:      Armcc.exe V5.06 update 7 (build 960)
Assembler:       Armasm.exe V5.06 update 7 (build 960)
Linker/Locator:  ArmLink.exe V5.06 update 7 (build 960)
Library Manager: ArmAr.exe V5.06 update 7 (build 960)
Hex Converter:   FromElf.exe V5.06 update 7 (build 960)
CPU DLL:         SARMCM3.DLL V5.37.0.0
Dialog DLL:      DCM.DLL V1.17.5.0
Target DLL:      STLink\ST-LINKIII-KEIL_SWO.dll V3.0.9.0
Dialog DLL:      TCM.DLL V1.56.1.0
 
<h2>Project:</h2>
C:\Users\discipline\developer_workspace\code\RobotMaster\guard\lowerComputer\MDK-ARM\standard_robot.uvprojx
Project File Date:  01/31/2023

<h2>Output:</h2>
*** Using Compiler 'V5.06 update 7 (build 960)', folder: 'C:\Keil_v5\ARM\Ac506u7\Bin'
Rebuild target 'standard_robot'
assembling startup_stm32f407xx.s...
compiling dma.c...
compiling rng.c...
compiling usart.c...
compiling usb_device.c...
compiling crc.c...
compiling usbd_conf.c...
compiling i2c.c...
compiling can.c...
compiling tim.c...
compiling gpio.c...
compiling adc.c...
compiling rtc.c...
compiling spi.c...
compiling usbd_desc.c...
compiling main.c...
../stm32/stm32.h(114): warning:  #1295-D: Deprecated declaration stm32_auto_pid_init - give arg types
  extern void stm32_auto_pid_init();
../Src/main.c: 1 warning, 0 errors
compiling freertos.c...
compiling bsp_laser.c...
compiling bsp_buzzer.c...
compiling bsp_can.c...
compiling system_stm32f4xx.c...
compiling bsp_imu_pwm.c...
compiling usbd_cdc_if.c...
compiling bsp_delay.c...
compiling bsp_crc32.c...
compiling stm32f4xx_hal_msp.c...
compiling bsp_fric.c...
compiling bsp_i2c.c...
compiling bsp_flash.c...
compiling bsp_adc.c...
compiling detect_task.c...
compiling stm32f4xx_it.c...
../Src/stm32f4xx_it.c(173): warning:  #223-D: function "xPortSysTickHandler" declared implicitly
    xPortSysTickHandler();
../Src/stm32f4xx_it.c: 1 warning, 0 errors
compiling bsp_led.c...
compiling bsp_rc.c...
compiling bsp_usart.c...
compiling chassis_power_control.c...
compiling bsp_rng.c...
compiling referee.c...
compiling remote_control.c...
compiling referee_usart_task.c...
compiling bsp_servo_pwm.c...
compiling bsp_spi.c...
compiling oled_task.c...
compiling INS_task.c...
compiling chassis_task.c...
..\application\chassis_task.c(321): warning:  #177-D: variable "vx_channel"  was declared but never referenced
      int16_t vx_channel, vy_channel;
..\application\chassis_task.c(321): warning:  #177-D: variable "vy_channel"  was declared but never referenced
      int16_t vx_channel, vy_channel;
..\application\chassis_task.c(322): warning:  #177-D: variable "vx_set_channel"  was declared but never referenced
      fp32 vx_set_channel, vy_set_channel;
..\application\chassis_task.c(322): warning:  #177-D: variable "vy_set_channel"  was declared but never referenced
      fp32 vx_set_channel, vy_set_channel;
..\application\chassis_task.c(422): warning:  #177-D: variable "relative_angle"  was declared but never referenced
      fp32 relative_angle = 0.0f;
..\application\chassis_task.c: 5 warnings, 0 errors
compiling chassis_behaviour.c...
compiling ist8310driver.c...
compiling gimbal_behaviour.c...
..\application\gimbal_behaviour.c(466): warning:  #177-D: variable "rc_add_z"  was declared but never referenced
      fp32 rc_add_z = 0;
..\application\gimbal_behaviour.c: 1 warning, 0 errors
compiling test_task.c...
compiling user_lib.c...
compiling gimbal_task.c...
../stm32/stm32.h(114): warning:  #1295-D: Deprecated declaration stm32_auto_pid_init - give arg types
  extern void stm32_auto_pid_init();
..\application\gimbal_task.c(305): warning:  #223-D: function "stm32_pid_init" declared implicitly
      stm32_pid_init();
..\application\gimbal_task.c(739): warning:  #177-D: function "gimbal_PID_calc"  was declared but never referenced
  static fp32 gimbal_PID_calc(gimbal_PID_t *pid, fp32 get, fp32 set, fp32 error_delta)
..\application\gimbal_task.c: 3 warnings, 0 errors
compiling calibrate_task.c...
compiling mem_mang4.c...
compiling OLED.c...
compiling AHRS_middleware.c...
compiling BMI088driver.c...
compiling led_flow_task.c...
compiling pid.c...
compiling CAN_receive.c...
compiling CRC8_CRC16.c...
compiling fifo.c...
compiling voltage_task.c...
compiling usb_task.c...
compiling ist8310driver_middleware.c...
compiling vision_usart.c...
compiling kalman.c...
compiling BMI088Middleware.c...
compiling shoot_task.c...
../stm32/stm32.h(114): warning:  #1295-D: Deprecated declaration stm32_auto_pid_init - give arg types
  extern void stm32_auto_pid_init();
..\application\shoot_task.c(52): warning:  #177-D: function "trigger_motor_turn_back"  was declared but never referenced
  static void trigger_motor_turn_back(void);
..\application\shoot_task.c: 2 warnings, 0 errors
compiling stm32f4xx_ll_usb.c...
compiling stm32.c...
..\stm32\stm32.h(114): warning:  #1295-D: Deprecated declaration stm32_auto_pid_init - give arg types
  extern void stm32_auto_pid_init();
..\stm32\stm32.c(123): warning:  #1035-D: single-precision operand implicitly converted to double-precision
     stm32_pid.rtb_FilterDifferentiatorTF = stm32_U.P_N * 0.0005;
..\stm32\stm32.c(124): warning:  #1035-D: single-precision operand implicitly converted to double-precision
     stm32_pid.rtb_Sum1 = 1.0 / (stm32_pid.rtb_FilterDifferentiatorTF + 1.0);
..\stm32\stm32.c(126): warning:  #1035-D: single-precision operand implicitly converted to double-precision
         (stm32_pid.rtb_FilterDifferentiatorTF - 1.0) * stm32_pid.rtb_Sum1;
..\stm32\stm32.c(127): warning:  #1035-D: single-precision operand implicitly converted to double-precision
     stm32_pid.rtb_FilterDifferentiatorTF = stm32_U.S_N * 0.0005;
..\stm32\stm32.c(128): warning:  #1035-D: single-precision operand implicitly converted to double-precision
     stm32_pid.rtb_Reciprocal = 1.0 / (stm32_pid.rtb_FilterDifferentiatorTF + 1.0);
..\stm32\stm32.c(130): warning:  #1035-D: single-precision operand implicitly converted to double-precision
         (stm32_pid.rtb_FilterDifferentiatorTF - 1.0) * stm32_pid.rtb_Reciprocal;
..\stm32\stm32.c(141): warning:  #1035-D: single-precision operand implicitly converted to double-precision
     stm32_pid.Integrator = 0.0005 * stm32_pid.rtb_IProdOut + stm32_DW.Integrator_DSTATE;
..\stm32\stm32.c(157): warning:  #1035-D: single-precision operand implicitly converted to double-precision
                                  stm32_pid.TmpSignalConversionAtFilterDifferentiatorTFInport2_c_idx_1 +
..\stm32\stm32.c(169): warning:  #1035-D: single-precision operand implicitly converted to double-precision
     stm32_DW.Integrator_DSTATE = 0.0005 * stm32_pid.rtb_IProdOut + stm32_pid.Integrator;
..\stm32\stm32.c(174): warning:  #1035-D: single-precision operand implicitly converted to double-precision
                                        stm32_pid.TmpSignalConversionAtFilterDifferentiatorTFInport2_c_idx_1 +
..\stm32\stm32.c(183): warning:  #1035-D: single-precision operand implicitly converted to double-precision
     stm32_auto_pid.rtb_FilterDifferentiatorTF = stm32_U_auto.P_N * 0.0005;
..\stm32\stm32.c(184): warning:  #1035-D: single-precision operand implicitly converted to double-precision
     stm32_auto_pid.rtb_Sum1 = 1.0 / (stm32_auto_pid.rtb_FilterDifferentiatorTF + 1.0);
..\stm32\stm32.c(186): warning:  #1035-D: single-precision operand implicitly converted to double-precision
         (stm32_auto_pid.rtb_FilterDifferentiatorTF - 1.0) * stm32_auto_pid.rtb_Sum1;
..\stm32\stm32.c(187): warning:  #1035-D: single-precision operand implicitly converted to double-precision
     stm32_auto_pid.rtb_FilterDifferentiatorTF = stm32_U_auto.S_N * 0.0005;
..\stm32\stm32.c(188): warning:  #1035-D: single-precision operand implicitly converted to double-precision
     stm32_auto_pid.rtb_Reciprocal = 1.0 / (stm32_auto_pid.rtb_FilterDifferentiatorTF + 1.0);
..\stm32\stm32.c(190): warning:  #1035-D: single-precision operand implicitly converted to double-precision
         (stm32_auto_pid.rtb_FilterDifferentiatorTF - 1.0) * stm32_auto_pid.rtb_Reciprocal;
..\stm32\stm32.c(201): warning:  #1035-D: single-precision operand implicitly converted to double-precision
     stm32_auto_pid.Integrator = 0.0005 * stm32_auto_pid.rtb_IProdOut + stm32_DW_yaw_auto.Integrator_DSTATE;
..\stm32\stm32.c(217): warning:  #1035-D: single-precision operand implicitly converted to double-precision
                                       stm32_auto_pid.TmpSignalConversionAtFilterDifferentiatorTFInport2_c_idx_1 +
..\stm32\stm32.c(229): warning:  #1035-D: single-precision operand implicitly converted to double-precision
     stm32_DW_yaw_auto.Integrator_DSTATE = 0.0005 * stm32_auto_pid.rtb_IProdOut + stm32_auto_pid.Integrator;
..\stm32\stm32.c(234): warning:  #1035-D: single-precision operand implicitly converted to double-precision
                                                 stm32_auto_pid.TmpSignalConversionAtFilterDifferentiatorTFInport2_c_idx_1 +
..\stm32\stm32.c(243): warning:  #1035-D: single-precision operand implicitly converted to double-precision
     stm32_pid_auto_pitch.rtb_FilterDifferentiatorTF = stm32_U_pitch_auto.P_N * 0.0005;
..\stm32\stm32.c(244): warning:  #1035-D: single-precision operand implicitly converted to double-precision
     stm32_pid_auto_pitch.rtb_Sum1 = 1.0 / (stm32_pid_auto_pitch.rtb_FilterDifferentiatorTF + 1.0);
..\stm32\stm32.c(246): warning:  #1035-D: single-precision operand implicitly converted to double-precision
         (stm32_pid_auto_pitch.rtb_FilterDifferentiatorTF - 1.0) * stm32_pid_auto_pitch.rtb_Sum1;
..\stm32\stm32.c(247): warning:  #1035-D: single-precision operand implicitly converted to double-precision
     stm32_pid_auto_pitch.rtb_FilterDifferentiatorTF = stm32_U_pitch_auto.S_N * 0.0005;
..\stm32\stm32.c(248): warning:  #1035-D: single-precision operand implicitly converted to double-precision
     stm32_pid_auto_pitch.rtb_Reciprocal = 1.0 / (stm32_pid_auto_pitch.rtb_FilterDifferentiatorTF + 1.0);
..\stm32\stm32.c(250): warning:  #1035-D: single-precision operand implicitly converted to double-precision
         (stm32_pid_auto_pitch.rtb_FilterDifferentiatorTF - 1.0) * stm32_pid_auto_pitch.rtb_Reciprocal;
..\stm32\stm32.c(254): warning:  #1035-D: single-precision operand implicitly converted to double-precision
     stm32_pid_auto_pitch.Integrator = 0.0005 * stm32_pid_auto_pitch.rtb_IProdOut + stm32_DW_pitch_auto.Integrator_DSTATE;
..\stm32\stm32.c(270): warning:  #1035-D: single-precision operand implicitly converted to double-precision
                                             stm32_pid_auto_pitch.TmpSignalConversionAtFilterDifferentiatorTFInport2_c_idx_1 +
..\stm32\stm32.c(282): warning:  #1035-D: single-precision operand implicitly converted to double-precision
     stm32_DW_pitch_auto.Integrator_DSTATE = 0.0005 * stm32_pid_auto_pitch.rtb_IProdOut + stm32_pid_auto_pitch.Integrator;
..\stm32\stm32.c(287): warning:  #1035-D: single-precision operand implicitly converted to double-precision
                                                   stm32_pid_auto_pitch.TmpSignalConversionAtFilterDifferentiatorTFInport2_c_idx_1 +
..\stm32\stm32.c(296): warning:  #1035-D: single-precision operand implicitly converted to double-precision
     stm32_pid_pitch.rtb_FilterDifferentiatorTF = stm32_U_pitch.P_N * 0.0005;
..\stm32\stm32.c(297): warning:  #1035-D: single-precision operand implicitly converted to double-precision
     stm32_pid_pitch.rtb_Sum1 = 1.0 / (stm32_pid_pitch.rtb_FilterDifferentiatorTF + 1.0);
..\stm32\stm32.c(299): warning:  #1035-D: single-precision operand implicitly converted to double-precision
         (stm32_pid_pitch.rtb_FilterDifferentiatorTF - 1.0) * stm32_pid_pitch.rtb_Sum1;
..\stm32\stm32.c(300): warning:  #1035-D: single-precision operand implicitly converted to double-precision
     stm32_pid_pitch.rtb_FilterDifferentiatorTF = stm32_U_pitch.S_N * 0.0005;
..\stm32\stm32.c(301): warning:  #1035-D: single-precision operand implicitly converted to double-precision
     stm32_pid_pitch.rtb_Reciprocal = 1.0 / (stm32_pid_pitch.rtb_FilterDifferentiatorTF + 1.0);
..\stm32\stm32.c(303): warning:  #1035-D: single-precision operand implicitly converted to double-precision
         (stm32_pid_pitch.rtb_FilterDifferentiatorTF - 1.0) * stm32_pid_pitch.rtb_Reciprocal;
..\stm32\stm32.c(307): warning:  #1035-D: single-precision operand implicitly converted to double-precision
     stm32_pid_pitch.Integrator = 0.0005 * stm32_pid_pitch.rtb_IProdOut + stm32_DW_pitch.Integrator_DSTATE;
..\stm32\stm32.c(323): warning:  #1035-D: single-precision operand implicitly converted to double-precision
                                        stm32_pid_pitch.TmpSignalConversionAtFilterDifferentiatorTFInport2_c_idx_1 +
..\stm32\stm32.c(335): warning:  #1035-D: single-precision operand implicitly converted to double-precision
     stm32_DW_pitch.Integrator_DSTATE = 0.0005 * stm32_pid_pitch.rtb_IProdOut + stm32_pid_pitch.Integrator;
..\stm32\stm32.c(340): warning:  #1035-D: single-precision operand implicitly converted to double-precision
                                              stm32_pid_pitch.TmpSignalConversionAtFilterDifferentiatorTFInport2_c_idx_1 +
..\stm32\stm32.c(351): warning:  #1035-D: single-precision operand implicitly converted to double-precision
     rtb_Sum_p = stm32_U.N * 0.0005;
..\stm32\stm32.c(378): warning:  #1035-D: single-precision operand implicitly converted to double-precision
     rtb_Sum_p = stm32_U.N * 0.0005;
..\stm32\stm32.c: 43 warnings, 0 errors
compiling stm32f4xx_hal_rcc.c...
compiling stm32f4xx_hal_gpio.c...
compiling stm32f4xx_hal_rcc_ex.c...
compiling stm32f4xx_hal_dma_ex.c...
compiling stm32f4xx_hal_flash_ex.c...
compiling stm32f4xx_hal_flash_ramfunc.c...
compiling stm32f4xx_hal_flash.c...
compiling stm32f4xx_hal_pcd.c...
compiling stm32f4xx_hal_dma.c...
compiling stm32f4xx_hal_pwr_ex.c...
compiling stm32f4xx_hal_cortex.c...
compiling stm32f4xx_hal_pcd_ex.c...
compiling stm32f4xx_hal_pwr.c...
compiling stm32f4xx_hal.c...
compiling croutine.c...
compiling event_groups.c...
compiling list.c...
compiling queue.c...
compiling stream_buffer.c...
compiling timers.c...
compiling tasks.c...
compiling heap_4.c...
compiling cmsis_os.c...
compiling port.c...
compiling stm32f4xx_hal_i2c_ex.c...
compiling stm32f4xx_hal_exti.c...
compiling stm32f4xx_hal_crc.c...
compiling stm32f4xx_hal_adc.c...
compiling stm32f4xx_hal_adc_ex.c...
compiling stm32f4xx_hal_can.c...
compiling stm32f4xx_hal_uart.c...
compiling stm32f4xx_hal_rtc_ex.c...
compiling stm32f4xx_hal_rtc.c...
compiling usbd_ctlreq.c...
compiling usbd_core.c...
compiling stm32f4xx_hal_rng.c...
compiling stm32f4xx_hal_tim_ex.c...
compiling stm32f4xx_hal_spi.c...
compiling stm32f4xx_hal_i2c.c...
compiling stm32f4xx_hal_tim.c...
compiling usbd_ioreq.c...
compiling usbd_cdc.c...
linking...
Program Size: Code=105336 RO-data=13712 RW-data=1304 ZI-data=59752  
FromELF: creating hex file...
"standard_tpye_c\standard_tpye_c.axf" - 0 Error(s), 56 Warning(s).

<h2>Software Packages used:</h2>

Package Vendor: ARM
                http://www.keil.com/pack/ARM.CMSIS.5.9.0.pack
                ARM.CMSIS.5.9.0
                CMSIS (Common Microcontroller Software Interface Standard)
   * Component: CORE Version: 5.6.0

Package Vendor: Keil
                http://www.keil.com/pack/Keil.STM32F4xx_DFP.2.16.0.pack
                Keil.STM32F4xx_DFP.2.16.0
                STMicroelectronics STM32F4 Series Device Support, Drivers and Examples

<h2>Collection of Component include folders:</h2>
  ./RTE/_standard_robot
  C:/Users/discipline/AppData/Local/arm/packs/ARM/CMSIS/5.9.0/CMSIS/Core/Include
  C:/Users/discipline/AppData/Local/arm/packs/Keil/STM32F4xx_DFP/2.16.0/Drivers/CMSIS/Device/ST/STM32F4xx/Include

<h2>Collection of Component Files used:</h2>

   * Component: ARM::CMSIS:CORE:5.6.0
Build Time Elapsed:  00:00:55
</pre>
</body>
</html>
