Component: ARM Compiler 5.06 update 7 (build 960) Tool: armlink [4d3601]

==============================================================================

Section Cross References

    startup_stm32f407xx.o(RESET) refers to startup_stm32f407xx.o(STACK) for __initial_sp
    startup_stm32f407xx.o(RESET) refers to startup_stm32f407xx.o(.text) for Reset_Handler
    startup_stm32f407xx.o(RESET) refers to stm32f4xx_it.o(i.NMI_Handler) for NMI_Handler
    startup_stm32f407xx.o(RESET) refers to stm32f4xx_it.o(i.HardFault_Handler) for HardFault_Handler
    startup_stm32f407xx.o(RESET) refers to stm32f4xx_it.o(i.MemManage_Handler) for MemManage_Handler
    startup_stm32f407xx.o(RESET) refers to stm32f4xx_it.o(i.BusFault_Handler) for BusFault_Handler
    startup_stm32f407xx.o(RESET) refers to stm32f4xx_it.o(i.UsageFault_Handler) for UsageFault_Handler
    startup_stm32f407xx.o(RESET) refers to port.o(.emb_text) for SVC_Handler
    startup_stm32f407xx.o(RESET) refers to stm32f4xx_it.o(i.DebugMon_Handler) for DebugMon_Handler
    startup_stm32f407xx.o(RESET) refers to stm32f4xx_it.o(i.SysTick_Handler) for SysTick_Handler
    startup_stm32f407xx.o(RESET) refers to stm32f4xx_it.o(i.EXTI0_IRQHandler) for EXTI0_IRQHandler
    startup_stm32f407xx.o(RESET) refers to stm32f4xx_it.o(i.EXTI3_IRQHandler) for EXTI3_IRQHandler
    startup_stm32f407xx.o(RESET) refers to stm32f4xx_it.o(i.EXTI4_IRQHandler) for EXTI4_IRQHandler
    startup_stm32f407xx.o(RESET) refers to stm32f4xx_it.o(i.CAN1_RX0_IRQHandler) for CAN1_RX0_IRQHandler
    startup_stm32f407xx.o(RESET) refers to stm32f4xx_it.o(i.EXTI9_5_IRQHandler) for EXTI9_5_IRQHandler
    startup_stm32f407xx.o(RESET) refers to remote_control.o(i.USART3_IRQHandler) for USART3_IRQHandler
    startup_stm32f407xx.o(RESET) refers to bsp_i2c.o(i.DMA1_Stream7_IRQHandler) for DMA1_Stream7_IRQHandler
    startup_stm32f407xx.o(RESET) refers to stm32f4xx_it.o(i.DMA2_Stream1_IRQHandler) for DMA2_Stream1_IRQHandler
    startup_stm32f407xx.o(RESET) refers to stm32f4xx_it.o(i.CAN2_RX0_IRQHandler) for CAN2_RX0_IRQHandler
    startup_stm32f407xx.o(RESET) refers to stm32f4xx_it.o(i.OTG_FS_IRQHandler) for OTG_FS_IRQHandler
    startup_stm32f407xx.o(RESET) refers to stm32f4xx_it.o(i.DMA2_Stream5_IRQHandler) for DMA2_Stream5_IRQHandler
    startup_stm32f407xx.o(RESET) refers to stm32f4xx_it.o(i.DMA2_Stream6_IRQHandler) for DMA2_Stream6_IRQHandler
    startup_stm32f407xx.o(RESET) refers to stm32f4xx_it.o(i.DMA2_Stream7_IRQHandler) for DMA2_Stream7_IRQHandler
    startup_stm32f407xx.o(RESET) refers to referee_usart_task.o(i.USART6_IRQHandler) for USART6_IRQHandler
    startup_stm32f407xx.o(.text) refers to system_stm32f4xx.o(i.SystemInit) for SystemInit
    startup_stm32f407xx.o(.text) refers to entry.o(.ARM.Collect$$$$00000000) for __main
    main.o(i.SystemClock_Config) refers to memseta.o(.text) for __aeabi_memclr4
    main.o(i.SystemClock_Config) refers to stm32f4xx_hal_rcc.o(i.HAL_RCC_OscConfig) for HAL_RCC_OscConfig
    main.o(i.SystemClock_Config) refers to main.o(i.Error_Handler) for Error_Handler
    main.o(i.SystemClock_Config) refers to stm32f4xx_hal_rcc.o(i.HAL_RCC_ClockConfig) for HAL_RCC_ClockConfig
    main.o(i.SystemClock_Config) refers to stm32f4xx_hal_rcc_ex.o(i.HAL_RCCEx_PeriphCLKConfig) for HAL_RCCEx_PeriphCLKConfig
    main.o(i.main) refers to stm32f4xx_hal.o(i.HAL_Init) for HAL_Init
    main.o(i.main) refers to main.o(i.SystemClock_Config) for SystemClock_Config
    main.o(i.main) refers to gpio.o(i.MX_GPIO_Init) for MX_GPIO_Init
    main.o(i.main) refers to dma.o(i.MX_DMA_Init) for MX_DMA_Init
    main.o(i.main) refers to adc.o(i.MX_ADC1_Init) for MX_ADC1_Init
    main.o(i.main) refers to adc.o(i.MX_ADC3_Init) for MX_ADC3_Init
    main.o(i.main) refers to can.o(i.MX_CAN1_Init) for MX_CAN1_Init
    main.o(i.main) refers to can.o(i.MX_CAN2_Init) for MX_CAN2_Init
    main.o(i.main) refers to i2c.o(i.MX_I2C1_Init) for MX_I2C1_Init
    main.o(i.main) refers to spi.o(i.MX_SPI1_Init) for MX_SPI1_Init
    main.o(i.main) refers to tim.o(i.MX_TIM4_Init) for MX_TIM4_Init
    main.o(i.main) refers to tim.o(i.MX_TIM5_Init) for MX_TIM5_Init
    main.o(i.main) refers to usart.o(i.MX_USART3_UART_Init) for MX_USART3_UART_Init
    main.o(i.main) refers to tim.o(i.MX_TIM8_Init) for MX_TIM8_Init
    main.o(i.main) refers to crc.o(i.MX_CRC_Init) for MX_CRC_Init
    main.o(i.main) refers to rng.o(i.MX_RNG_Init) for MX_RNG_Init
    main.o(i.main) refers to i2c.o(i.MX_I2C2_Init) for MX_I2C2_Init
    main.o(i.main) refers to i2c.o(i.MX_I2C3_Init) for MX_I2C3_Init
    main.o(i.main) refers to rtc.o(i.MX_RTC_Init) for MX_RTC_Init
    main.o(i.main) refers to spi.o(i.MX_SPI2_Init) for MX_SPI2_Init
    main.o(i.main) refers to tim.o(i.MX_TIM1_Init) for MX_TIM1_Init
    main.o(i.main) refers to tim.o(i.MX_TIM3_Init) for MX_TIM3_Init
    main.o(i.main) refers to tim.o(i.MX_TIM10_Init) for MX_TIM10_Init
    main.o(i.main) refers to usart.o(i.MX_USART1_UART_Init) for MX_USART1_UART_Init
[...]
    0x08001d9c   0x08001d9c   0x00000050   Code   RO         3649    i.CAN_cmd_gimbal    can_receive.o
    0x08001dec   0x08001dec   0x00000050   Code   RO         3650    i.CAN_cmd_shoot     can_receive.o
    0x08001e3c   0x08001e3c   0x00000044   Code   RO         1439    i.CDC_Control_FS    usbd_cdc_if.o
    0x08001e80   0x08001e80   0x00000004   Code   RO         1440    i.CDC_DeInit_FS     usbd_cdc_if.o
    0x08001e84   0x08001e84   0x00000024   Code   RO         1441    i.CDC_Init_FS       usbd_cdc_if.o
    0x08001ea8   0x08001ea8   0x00000024   Code   RO         1442    i.CDC_Receive_FS    usbd_cdc_if.o
    0x08001ecc   0x08001ecc   0x00000038   Code   RO         1443    i.CDC_Transmit_FS   usbd_cdc_if.o
    0x08001f04   0x08001f04   0x00000540   Code   RO         4373    i.Calibrate_MPU_Offset  bmi088driver.o
    0x08002444   0x08002444   0x0000007c   Code   RO         2185    i.DMA1_Stream7_IRQHandler  bsp_i2c.o
    0x080024c0   0x080024c0   0x00000010   Code   RO         1536    i.DMA2_Stream1_IRQHandler  stm32f4xx_it.o
    0x080024d0   0x080024d0   0x00000010   Code   RO         1537    i.DMA2_Stream5_IRQHandler  stm32f4xx_it.o
    0x080024e0   0x080024e0   0x00000010   Code   RO         1538    i.DMA2_Stream6_IRQHandler  stm32f4xx_it.o
    0x080024f0   0x080024f0   0x00000010   Code   RO         1539    i.DMA2_Stream7_IRQHandler  stm32f4xx_it.o
    0x08002500   0x08002500   0x00000034   Code   RO         6835    i.DMA_CalcBaseAndBitshift  stm32f4xx_hal_dma.o
    0x08002534   0x08002534   0x0000007e   Code   RO         6836    i.DMA_CheckFifoParam  stm32f4xx_hal_dma.o
    0x080025b2   0x080025b2   0x00000002   PAD
    0x080025b4   0x080025b4   0x00000030   Code   RO         2501    i.DWT_CNT_Update    bsp_dwt.o
    0x080025e4   0x080025e4   0x0000003c   Code   RO         2502    i.DWT_Delay         bsp_dwt.o
    0x08002620   0x08002620   0x0000004c   Code   RO         2503    i.DWT_GetDeltaT     bsp_dwt.o
    0x0800266c   0x0800266c   0x00000054   Code   RO         2506    i.DWT_GetTimeline_s  bsp_dwt.o
    0x080026c0   0x080026c0   0x00000068   Code   RO         2508    i.DWT_Init          bsp_dwt.o
    0x08002728   0x08002728   0x000000d0   Code   RO         2509    i.DWT_SysTimeUpdate  bsp_dwt.o
    0x080027f8   0x080027f8   0x00000002   Code   RO         1540    i.DebugMon_Handler  stm32f4xx_it.o
    0x080027fa   0x080027fa   0x0000000a   Code   RO         1541    i.EXTI0_IRQHandler  stm32f4xx_it.o
    0x08002804   0x08002804   0x0000000a   Code   RO         1542    i.EXTI3_IRQHandler  stm32f4xx_it.o
    0x0800280e   0x0800280e   0x0000000a   Code   RO         1543    i.EXTI4_IRQHandler  stm32f4xx_it.o
    0x08002818   0x08002818   0x0000000a   Code   RO         1544    i.EXTI9_5_IRQHandler  stm32f4xx_it.o
    0x08002822   0x08002822   0x0000015a   Code   RO         4135    i.EarthFrameToBodyFrame  ins_task.o
    0x0800297c   0x0800297c   0x00000002   Code   RO           13    i.Error_Handler     main.o
    0x0800297e   0x0800297e   0x00000002   PAD
    0x08002980   0x08002980   0x00000034   Code   RO         1349    i.Get_SerialNum     usbd_desc.o
    0x080029b4   0x080029b4   0x00000174   Code   RO         7505    i.HAL_ADC_ConfigChannel  stm32f4xx_hal_adc.o
    0x08002b28   0x08002b28   0x00000006   Code   RO         7512    i.HAL_ADC_GetValue  stm32f4xx_hal_adc.o
    0x08002b2e   0x08002b2e   0x00000056   Code   RO         7514    i.HAL_ADC_Init      stm32f4xx_hal_adc.o
    0x08002b84   0x08002b84   0x000000ac   Code   RO          614    i.HAL_ADC_MspInit   adc.o
    0x08002c30   0x08002c30   0x000000ba   Code   RO         7518    i.HAL_ADC_PollForConversion  stm32f4xx_hal_adc.o
    0x08002cea   0x08002cea   0x00000002   PAD
    0x08002cec   0x08002cec   0x00000118   Code   RO         7520    i.HAL_ADC_Start     stm32f4xx_hal_adc.o
    0x08002e04   0x08002e04   0x00000024   Code   RO         7776    i.HAL_CAN_ActivateNotification  stm32f4xx_hal_can.o
    0x08002e28   0x08002e28   0x00000104   Code   RO         7777    i.HAL_CAN_AddTxMessage  stm32f4xx_hal_can.o
    0x08002f2c   0x08002f2c   0x00000128   Code   RO         7778    i.HAL_CAN_ConfigFilter  stm32f4xx_hal_can.o
    0x08003054   0x08003054   0x00000002   Code   RO         7781    i.HAL_CAN_ErrorCallback  stm32f4xx_hal_can.o
    0x08003056   0x08003056   0x0000016c   Code   RO         7784    i.HAL_CAN_GetRxMessage  stm32f4xx_hal_can.o
    0x080031c2   0x080031c2   0x00000234   Code   RO         7788    i.HAL_CAN_IRQHandler  stm32f4xx_hal_can.o
    0x080033f6   0x080033f6   0x00000168   Code   RO         7789    i.HAL_CAN_Init      stm32f4xx_hal_can.o
    0x0800355e   0x0800355e   0x00000002   PAD
    0x08003560   0x08003560   0x00000160   Code   RO          662    i.HAL_CAN_MspInit   can.o
    0x080036c0   0x080036c0   0x00000002   Code   RO         7796    i.HAL_CAN_RxFifo0FullCallback  stm32f4xx_hal_can.o
    0x080036c2   0x080036c2   0x00000002   PAD
    0x080036c4   0x080036c4   0x00000324   Code   RO         3651    i.HAL_CAN_RxFifo0MsgPendingCallback  can_receive.o
    0x080039e8   0x080039e8   0x00000002   Code   RO         7798    i.HAL_CAN_RxFifo1FullCallback  stm32f4xx_hal_can.o
    0x080039ea   0x080039ea   0x00000002   Code   RO         7799    i.HAL_CAN_RxFifo1MsgPendingCallback  stm32f4xx_hal_can.o
    0x080039ec   0x080039ec   0x00000002   Code   RO         7800    i.HAL_CAN_SleepCallback  stm32f4xx_hal_can.o
    0x080039ee   0x080039ee   0x00000064   Code   RO         7801    i.HAL_CAN_Start     stm32f4xx_hal_can.o
    0x08003a52   0x08003a52   0x00000002   Code   RO         7803    i.HAL_CAN_TxMailbox0AbortCallback  stm32f4xx_hal_can.o
    0x08003a54   0x08003a54   0x00000002   Code   RO         7804    i.HAL_CAN_TxMailbox0CompleteCallback  stm32f4xx_hal_can.o
    0x08003a56   0x08003a56   0x00000002   Code   RO         7805    i.HAL_CAN_TxMailbox1AbortCallback  stm32f4xx_hal_can.o
    0x08003a58   0x08003a58   0x00000002   Code   RO         7806    i.HAL_CAN_TxMailbox1CompleteCallback  stm32f4xx_hal_can.o
    0x08003a5a   0x08003a5a   0x00000002   Code   RO         7807    i.HAL_CAN_TxMailbox2AbortCallback  stm32f4xx_hal_can.o
    0x08003a5c   0x08003a5c   0x00000002   Code   RO         7808    i.HAL_CAN_TxMailbox2CompleteCallback  stm32f4xx_hal_can.o
    0x08003a5e   0x08003a5e   0x00000002   Code   RO         7810    i.HAL_CAN_WakeUpFromRxMsgCallback  stm32f4xx_hal_can.o
    0x08003a60   0x08003a60   0x00000028   Code   RO         8013    i.HAL_CRC_Init      stm32f4xx_hal_crc.o
    0x08003a88   0x08003a88   0x00000034   Code   RO          711    i.HAL_CRC_MspInit   crc.o
    0x08003abc   0x08003abc   0x000001ec   Code   RO         6843    i.HAL_DMA_IRQHandler  stm32f4xx_hal_dma.o
    0x08003ca8   0x08003ca8   0x000000ec   Code   RO         6844    i.HAL_DMA_Init      stm32f4xx_hal_dma.o
    0x08003d94   0x08003d94   0x00000028   Code   RO         7252    i.HAL_Delay         stm32f4xx_hal.o
    0x08003dbc   0x08003dbc   0x00000002   Code   RO         6729    i.HAL_GPIO_EXTI_Callback  stm32f4xx_hal_gpio.o
    0x08003dbe   0x08003dbe   0x00000002   PAD
    0x08003dc0   0x08003dc0   0x00000018   Code   RO         6730    i.HAL_GPIO_EXTI_IRQHandler  stm32f4xx_hal_gpio.o
    0x08003dd8   0x08003dd8   0x0000021c   Code   RO         6731    i.HAL_GPIO_Init     stm32f4xx_hal_gpio.o
    0x08003ff4   0x08003ff4   0x0000000e   Code   RO         6733    i.HAL_GPIO_ReadPin  stm32f4xx_hal_gpio.o
    0x08004002   0x08004002   0x0000000e   Code   RO         6735    i.HAL_GPIO_WritePin  stm32f4xx_hal_gpio.o
    0x08004010   0x08004010   0x0000000c   Code   RO         7258    i.HAL_GetTick       stm32f4xx_hal.o
    0x0800401c   0x0800401c   0x00000198   Code   RO         8080    i.HAL_I2C_Init      stm32f4xx_hal_i2c.o
    0x080041b4   0x080041b4   0x00000160   Code   RO         8093    i.HAL_I2C_Master_Transmit  stm32f4xx_hal_i2c.o
    0x08004314   0x08004314   0x00000208   Code   RO          780    i.HAL_I2C_MspInit   i2c.o
    0x0800451c   0x0800451c   0x00000010   Code   RO         7264    i.HAL_IncTick       stm32f4xx_hal.o
    0x0800452c   0x0800452c   0x00000034   Code   RO         7265    i.HAL_Init          stm32f4xx_hal.o
    0x08004560   0x08004560   0x00000044   Code   RO         7266    i.HAL_InitTick      stm32f4xx_hal.o
    0x080045a4   0x080045a4   0x00000054   Code   RO         1705    i.HAL_MspInit       stm32f4xx_hal_msp.o
    0x080045f8   0x080045f8   0x0000001c   Code   RO         7120    i.HAL_NVIC_EnableIRQ  stm32f4xx_hal_cortex.o
    0x08004614   0x08004614   0x00000068   Code   RO         7126    i.HAL_NVIC_SetPriority  stm32f4xx_hal_cortex.o
    0x0800467c   0x0800467c   0x00000024   Code   RO         7127    i.HAL_NVIC_SetPriorityGrouping  stm32f4xx_hal_cortex.o
    0x080046a0   0x080046a0   0x00000002   Code   RO         5984    i.HAL_PCDEx_LPM_Callback  stm32f4xx_hal_pcd_ex.o
    0x080046a2   0x080046a2   0x00000008   Code   RO         5985    i.HAL_PCDEx_SetRxFiFo  stm32f4xx_hal_pcd_ex.o
    0x080046aa   0x080046aa   0x0000004a   Code   RO         5986    i.HAL_PCDEx_SetTxFiFo  stm32f4xx_hal_pcd_ex.o
    0x080046f4   0x080046f4   0x0000000e   Code   RO         1154    i.HAL_PCD_ConnectCallback  usbd_conf.o
    0x08004702   0x08004702   0x00000020   Code   RO         1155    i.HAL_PCD_DataInStageCallback  usbd_conf.o
    0x08004722   0x08004722   0x00000020   Code   RO         1156    i.HAL_PCD_DataOutStageCallback  usbd_conf.o
    0x08004742   0x08004742   0x0000000e   Code   RO         1157    i.HAL_PCD_DisconnectCallback  usbd_conf.o
    0x08004750   0x08004750   0x0000004a   Code   RO         5767    i.HAL_PCD_EP_Close  stm32f4xx_hal_pcd.o
    0x0800479a   0x0800479a   0x0000005c   Code   RO         5768    i.HAL_PCD_EP_ClrStall  stm32f4xx_hal_pcd.o
    0x080047f6   0x080047f6   0x00000012   Code   RO         5770    i.HAL_PCD_EP_GetRxCount  stm32f4xx_hal_pcd.o
    0x08004808   0x08004808   0x0000005c   Code   RO         5771    i.HAL_PCD_EP_Open   stm32f4xx_hal_pcd.o
    0x08004864   0x08004864   0x00000046   Code   RO         5772    i.HAL_PCD_EP_Receive  stm32f4xx_hal_pcd.o
    0x080048aa   0x080048aa   0x00000074   Code   RO         5773    i.HAL_PCD_EP_SetStall  stm32f4xx_hal_pcd.o
    0x0800491e   0x0800491e   0x00000046   Code   RO         5774    i.HAL_PCD_EP_Transmit  stm32f4xx_hal_pcd.o
    0x08004964   0x08004964   0x0000042e   Code   RO         5776    i.HAL_PCD_IRQHandler  stm32f4xx_hal_pcd.o
    0x08004d92   0x08004d92   0x00000012   Code   RO         1158    i.HAL_PCD_ISOINIncompleteCallback  usbd_conf.o
    0x08004da4   0x08004da4   0x00000012   Code   RO         1159    i.HAL_PCD_ISOOUTIncompleteCallback  usbd_conf.o
    0x08004db6   0x08004db6   0x00000140   Code   RO         5779    i.HAL_PCD_Init      stm32f4xx_hal_pcd.o
    0x08004ef6   0x08004ef6   0x00000002   PAD
    0x08004ef8   0x08004ef8   0x000000a8   Code   RO         1161    i.HAL_PCD_MspInit   usbd_conf.o
    0x08004fa0   0x08004fa0   0x00000030   Code   RO         1162    i.HAL_PCD_ResetCallback  usbd_conf.o
    0x08004fd0   0x08004fd0   0x0000000e   Code   RO         1163    i.HAL_PCD_ResumeCallback  usbd_conf.o
    0x08004fde   0x08004fde   0x0000000e   Code   RO         1164    i.HAL_PCD_SOFCallback  usbd_conf.o
    0x08004fec   0x08004fec   0x00000028   Code   RO         5785    i.HAL_PCD_SetAddress  stm32f4xx_hal_pcd.o
    0x08005014   0x08005014   0x00000012   Code   RO         1165    i.HAL_PCD_SetupStageCallback  usbd_conf.o
    0x08005026   0x08005026   0x00000042   Code   RO         5787    i.HAL_PCD_Start     stm32f4xx_hal_pcd.o
    0x08005068   0x08005068   0x00000034   Code   RO         1166    i.HAL_PCD_SuspendCallback  usbd_conf.o
    0x0800509c   0x0800509c   0x0000017c   Code   RO         6437    i.HAL_RCCEx_PeriphCLKConfig  stm32f4xx_hal_rcc_ex.o
    0x08005218   0x08005218   0x00000174   Code   RO         6332    i.HAL_RCC_ClockConfig  stm32f4xx_hal_rcc.o
    0x0800538c   0x0800538c   0x0000000c   Code   RO         6337    i.HAL_RCC_GetHCLKFreq  stm32f4xx_hal_rcc.o
    0x08005398   0x08005398   0x00000020   Code   RO         6339    i.HAL_RCC_GetPCLK1Freq  stm32f4xx_hal_rcc.o
    0x080053b8   0x080053b8   0x00000020   Code   RO         6340    i.HAL_RCC_GetPCLK2Freq  stm32f4xx_hal_rcc.o
    0x080053d8   0x080053d8   0x00000070   Code   RO         6341    i.HAL_RCC_GetSysClockFreq  stm32f4xx_hal_rcc.o
    0x08005448   0x08005448   0x00000436   Code   RO         6344    i.HAL_RCC_OscConfig  stm32f4xx_hal_rcc.o
    0x0800587e   0x0800587e   0x00000034   Code   RO         8558    i.HAL_RNG_Init      stm32f4xx_hal_rng.o
    0x080058b2   0x080058b2   0x00000002   PAD
    0x080058b4   0x080058b4   0x00000034   Code   RO          834    i.HAL_RNG_MspInit   rng.o
    0x080058e8   0x080058e8   0x000000ba   Code   RO         8659    i.HAL_RTC_Init      stm32f4xx_hal_rtc.o
    0x080059a2   0x080059a2   0x00000002   PAD
    0x080059a4   0x080059a4   0x00000018   Code   RO          876    i.HAL_RTC_MspInit   rtc.o
    0x080059bc   0x080059bc   0x0000003c   Code   RO         8667    i.HAL_RTC_WaitForSynchro  stm32f4xx_hal_rtc.o
    0x080059f8   0x080059f8   0x00000082   Code   RO         9028    i.HAL_SPI_Init      stm32f4xx_hal_spi.o
    0x08005a7a   0x08005a7a   0x00000002   PAD
    0x08005a7c   0x08005a7c   0x000001cc   Code   RO          918    i.HAL_SPI_MspInit   spi.o
    0x08005c48   0x08005c48   0x000001f8   Code   RO         9037    i.HAL_SPI_TransmitReceive  stm32f4xx_hal_spi.o
    0x08005e40   0x08005e40   0x00000028   Code   RO         7131    i.HAL_SYSTICK_Config  stm32f4xx_hal_cortex.o
    0x08005e68   0x08005e68   0x00000066   Code   RO        10030    i.HAL_TIMEx_ConfigBreakDeadTime  stm32f4xx_hal_tim_ex.o
    0x08005ece   0x08005ece   0x0000004e   Code   RO        10045    i.HAL_TIMEx_MasterConfigSynchronization  stm32f4xx_hal_tim_ex.o
    0x08005f1c   0x08005f1c   0x00000038   Code   RO         9341    i.HAL_TIM_Base_Init  stm32f4xx_hal_tim.o
    0x08005f54   0x08005f54   0x0000011c   Code   RO          966    i.HAL_TIM_Base_MspInit  tim.o
    0x08006070   0x08006070   0x00000024   Code   RO         9344    i.HAL_TIM_Base_Start  stm32f4xx_hal_tim.o
    0x08006094   0x08006094   0x000000e4   Code   RO         9350    i.HAL_TIM_ConfigClockSource  stm32f4xx_hal_tim.o
    0x08006178   0x08006178   0x000002b0   Code   RO          967    i.HAL_TIM_MspPostInit  tim.o
    0x08006428   0x08006428   0x000000dc   Code   RO         9408    i.HAL_TIM_PWM_ConfigChannel  stm32f4xx_hal_tim.o
    0x08006504   0x08006504   0x00000038   Code   RO         9411    i.HAL_TIM_PWM_Init  stm32f4xx_hal_tim.o
    0x0800653c   0x0800653c   0x00000002   Code   RO         9413    i.HAL_TIM_PWM_MspInit  stm32f4xx_hal_tim.o
    0x0800653e   0x0800653e   0x00000042   Code   RO         9416    i.HAL_TIM_PWM_Start  stm32f4xx_hal_tim.o
    0x08006580   0x08006580   0x00000064   Code   RO        10303    i.HAL_UART_Init     stm32f4xx_hal_uart.o
    0x080065e4   0x080065e4   0x0000034c   Code   RO         1044    i.HAL_UART_MspInit  usart.o
    0x08006930   0x08006930   0x00000130   Code   RO         5045    i.H_K_R_Adjustment  kalman_filter.o
    0x08006a60   0x08006a60   0x00000004   Code   RO         1545    i.HardFault_Handler  stm32f4xx_it.o
    0x08006a64   0x08006a64   0x00000020   Code   RO         2186    i.I2C2_DMA_transmit  bsp_i2c.o
    0x08006a84   0x08006a84   0x000000c0   Code   RO         2187    i.I2C2_tx_DMA_enable  bsp_i2c.o
    0x08006b44   0x08006b44   0x000000c0   Code   RO         2188    i.I2C2_tx_DMA_init  bsp_i2c.o
    0x08006c04   0x08006c04   0x00000032   Code   RO         8123    i.I2C_IsAcknowledgeFailed  stm32f4xx_hal_i2c.o
    0x08006c36   0x08006c36   0x00000002   PAD
    0x08006c38   0x08006c38   0x000000a4   Code   RO         8127    i.I2C_MasterRequestWrite  stm32f4xx_hal_i2c.o
    0x08006cdc   0x08006cdc   0x000000fc   Code   RO         2189    i.I2C_TX_DMA_START  bsp_i2c.o
    0x08006dd8   0x08006dd8   0x0000005c   Code   RO         8142    i.I2C_WaitOnBTFFlagUntilTimeout  stm32f4xx_hal_i2c.o
    0x08006e34   0x08006e34   0x000000b4   Code   RO         8143    i.I2C_WaitOnFlagUntilTimeout  stm32f4xx_hal_i2c.o
    0x08006ee8   0x08006ee8   0x000000ce   Code   RO         8144    i.I2C_WaitOnMasterAddressFlagUntilTimeout  stm32f4xx_hal_i2c.o
    0x08006fb6   0x08006fb6   0x0000005c   Code   RO         8147    i.I2C_WaitOnTXEFlagUntilTimeout  stm32f4xx_hal_i2c.o
    0x08007012   0x08007012   0x00000002   PAD
    0x08007014   0x08007014   0x00000374   Code   RO         4137    i.IMU_Param_Correction  ins_task.o
    0x08007388   0x08007388   0x00000238   Code   RO         4977    i.IMU_QuaternionEKF_F_Linearization_P_Fading  quaternionekf.o
    0x080075c0   0x080075c0   0x00000130   Code   RO         4978    i.IMU_QuaternionEKF_Init  quaternionekf.o
    0x080076f0   0x080076f0   0x00000034   Code   RO         4979    i.IMU_QuaternionEKF_Observe  quaternionekf.o
    0x08007724   0x08007724   0x00000128   Code   RO         4980    i.IMU_QuaternionEKF_SetH  quaternionekf.o
    0x0800784c   0x0800784c   0x00000634   Code   RO         4981    i.IMU_QuaternionEKF_Update  quaternionekf.o
    0x08007e80   0x08007e80   0x00000508   Code   RO         4982    i.IMU_QuaternionEKF_xhatUpdate  quaternionekf.o
    0x08008388   0x08008388   0x00000074   Code   RO         4138    i.IMU_Temperature_Ctrl  ins_task.o
    0x080083fc   0x080083fc   0x000000c4   Code   RO         4139    i.INS_Init          ins_task.o
    0x080084c0   0x080084c0   0x000002a4   Code   RO         4140    i.INS_Task          ins_task.o
    0x08008764   0x08008764   0x0000003e   Code   RO         1350    i.IntToUnicode      usbd_desc.o
    0x080087a2   0x080087a2   0x00000002   PAD
    0x080087a4   0x080087a4   0x0000070c   Code   RO         5046    i.Kalman_Filter_Init  kalman_filter.o
    0x08008eb0   0x08008eb0   0x00000050   Code   RO         5047    i.Kalman_Filter_Measure  kalman_filter.o
    0x08008f00   0x08008f00   0x00000068   Code   RO         5048    i.Kalman_Filter_P_Update  kalman_filter.o
    0x08008f68   0x08008f68   0x00000068   Code   RO         5049    i.Kalman_Filter_PminusUpdate  kalman_filter.o
    0x08008fd0   0x08008fd0   0x000000d2   Code   RO         5050    i.Kalman_Filter_SetK  kalman_filter.o
    0x080090a2   0x080090a2   0x00000002   PAD
    0x080090a4   0x080090a4   0x00000128   Code   RO         5051    i.Kalman_Filter_Update  kalman_filter.o
    0x080091cc   0x080091cc   0x0000007c   Code   RO         5052    i.Kalman_Filter_xhatMinusUpdate  kalman_filter.o
    0x08009248   0x08009248   0x00000086   Code   RO         5053    i.Kalman_Filter_xhatUpdate  kalman_filter.o
    0x080092ce   0x080092ce   0x00000002   PAD
    0x080092d0   0x080092d0   0x00000070   Code   RO          615    i.MX_ADC1_Init      adc.o
    0x08009340   0x08009340   0x00000070   Code   RO          616    i.MX_ADC3_Init      adc.o
    0x080093b0   0x080093b0   0x00000044   Code   RO          663    i.MX_CAN1_Init      can.o
    0x080093f4   0x080093f4   0x00000044   Code   RO          664    i.MX_CAN2_Init      can.o
    0x08009438   0x08009438   0x00000020   Code   RO          712    i.MX_CRC_Init       crc.o
    0x08009458   0x08009458   0x000000c8   Code   RO          752    i.MX_DMA_Init       dma.o
    0x08009520   0x08009520   0x00000140   Code   RO          548    i.MX_FREERTOS_Init  freertos.o
    0x08009660   0x08009660   0x00000254   Code   RO          393    i.MX_GPIO_Init      gpio.o
    0x080098b4   0x080098b4   0x0000003c   Code   RO          781    i.MX_I2C1_Init      i2c.o
    0x080098f0   0x080098f0   0x0000003c   Code   RO          782    i.MX_I2C2_Init      i2c.o
    0x0800992c   0x0800992c   0x0000003c   Code   RO          783    i.MX_I2C3_Init      i2c.o
    0x08009968   0x08009968   0x00000020   Code   RO          835    i.MX_RNG_Init       rng.o
    0x08009988   0x08009988   0x00000034   Code   RO          877    i.MX_RTC_Init       rtc.o
    0x080099bc   0x080099bc   0x00000048   Code   RO          919    i.MX_SPI1_Init      spi.o
    0x08009a04   0x08009a04   0x00000048   Code   RO          920    i.MX_SPI2_Init      spi.o
    0x08009a4c   0x08009a4c   0x0000006c   Code   RO          968    i.MX_TIM10_Init     tim.o
    0x08009ab8   0x08009ab8   0x0000010c   Code   RO          969    i.MX_TIM1_Init      tim.o
    0x08009bc4   0x08009bc4   0x000000a4   Code   RO          970    i.MX_TIM3_Init      tim.o
    0x08009c68   0x08009c68   0x000000a4   Code   RO          971    i.MX_TIM4_Init      tim.o
    0x08009d0c   0x08009d0c   0x000000c4   Code   RO          972    i.MX_TIM5_Init      tim.o
    0x08009dd0   0x08009dd0   0x000000ec   Code   RO          973    i.MX_TIM8_Init      tim.o
    0x08009ebc   0x08009ebc   0x00000038   Code   RO         1045    i.MX_USART1_UART_Init  usart.o
    0x08009ef4   0x08009ef4   0x0000003c   Code   RO         1046    i.MX_USART3_UART_Init  usart.o
    0x08009f30   0x08009f30   0x00000038   Code   RO         1047    i.MX_USART6_UART_Init  usart.o
    0x08009f68   0x08009f68   0x0000004c   Code   RO         1097    i.MX_USB_DEVICE_Init  usb_device.o
    0x08009fb4   0x08009fb4   0x00000004   Code   RO         1546    i.MemManage_Handler  stm32f4xx_it.o
    0x08009fb8   0x08009fb8   0x00000002   Code   RO         1547    i.NMI_Handler       stm32f4xx_it.o
    0x08009fba   0x08009fba   0x00000002   PAD
    0x08009fbc   0x08009fbc   0x0000001c   Code   RO         4232    i.OLED_LOGO         oled.o
    0x08009fd8   0x08009fd8   0x00000010   Code   RO         4233    i.OLED_check_ack    oled.o
    0x08009fe8   0x08009fe8   0x0000002c   Code   RO         4234    i.OLED_com_reset    oled.o
    0x0800a014   0x0800a014   0x00000088   Code   RO         4238    i.OLED_draw_point   oled.o
    0x0800a09c   0x0800a09c   0x000000f8   Code   RO         4239    i.OLED_init         oled.o
    0x0800a194   0x0800a194   0x00000054   Code   RO         4240    i.OLED_operate_gram  oled.o
    0x0800a1e8   0x0800a1e8   0x00000040   Code   RO         4241    i.OLED_printf       oled.o
    0x0800a228   0x0800a228   0x00000020   Code   RO         4242    i.OLED_refresh_gram  oled.o
    0x0800a248   0x0800a248   0x00000040   Code   RO         4243    i.OLED_set_pos      oled.o
    0x0800a288   0x0800a288   0x0000008c   Code   RO         4244    i.OLED_show_char    oled.o
    0x0800a314   0x0800a314   0x0000008a   Code   RO         4245    i.OLED_show_graphic  oled.o
    0x0800a39e   0x0800a39e   0x00000032   Code   RO         4246    i.OLED_show_string  oled.o
    0x0800a3d0   0x0800a3d0   0x0000024c   Code   RO         4822    i.OLS_Derivative    user_lib.o
    0x0800a61c   0x0800a61c   0x00000058   Code   RO         4823    i.OLS_Init          user_lib.o
    0x0800a674   0x0800a674   0x00000010   Code   RO         1548    i.OTG_FS_IRQHandler  stm32f4xx_it.o
    0x0800a684   0x0800a684   0x00000068   Code   RO         5790    i.PCD_EP_OutSetupPacket_int  stm32f4xx_hal_pcd.o
    0x0800a6ec   0x0800a6ec   0x000000f0   Code   RO         5791    i.PCD_EP_OutXfrComplete_int  stm32f4xx_hal_pcd.o
    0x0800a7dc   0x0800a7dc   0x000000a2   Code   RO         5792    i.PCD_WriteEmptyTxFifo  stm32f4xx_hal_pcd.o
    0x0800a87e   0x0800a87e   0x00000002   PAD
    0x0800a880   0x0800a880   0x000003c0   Code   RO         5468    i.PID_Calc          pid.o
    0x0800ac40   0x0800ac40   0x00000078   Code   RO         5469    i.PID_Init          pid.o
    0x0800acb8   0x0800acb8   0x000001f0   Code   RO         5470    i.PID_calc          pid.o
    0x0800aea8   0x0800aea8   0x00000060   Code   RO         5471    i.PID_init          pid.o
    0x0800af08   0x0800af08   0x0000009c   Code   RO         2318    i.RC_Init           bsp_rc.o
    0x0800afa4   0x0800afa4   0x00000042   Code   RO         8670    i.RTC_EnterInitMode  stm32f4xx_hal_rtc.o
    0x0800afe6   0x0800afe6   0x00000002   PAD
    0x0800afe8   0x0800afe8   0x00000064   Code   RO         9066    i.SPI_EndRxTxTransaction  stm32f4xx_hal_spi.o
    0x0800b04c   0x0800b04c   0x000000a6   Code   RO         9071    i.SPI_WaitFlagStateUntilTimeout  stm32f4xx_hal_spi.o
    0x0800b0f2   0x0800b0f2   0x00000002   PAD
    0x0800b0f4   0x0800b0f4   0x00000164   Code   RO         3816    i.Shoot_Feedback_Update  shoot_task.o
    0x0800b258   0x0800b258   0x000000e4   Code   RO         3817    i.Shoot_Set_Mode    shoot_task.o
    0x0800b33c   0x0800b33c   0x00000012   Code   RO          549    i.StartINSTask      freertos.o
    0x0800b34e   0x0800b34e   0x00000014   Code   RO         1549    i.SysTick_Handler   stm32f4xx_it.o
    0x0800b362   0x0800b362   0x00000002   PAD
    0x0800b364   0x0800b364   0x000000d4   Code   RO           14    i.SystemClock_Config  main.o
    0x0800b438   0x0800b438   0x00000064   Code   RO         1730    i.SystemInit        system_stm32f4xx.o
    0x0800b49c   0x0800b49c   0x000000cc   Code   RO         9429    i.TIM_Base_SetConfig  stm32f4xx_hal_tim.o
    0x0800b568   0x0800b568   0x0000001e   Code   RO         9430    i.TIM_CCxChannelCmd  stm32f4xx_hal_tim.o
    0x0800b586   0x0800b586   0x00000016   Code   RO         9440    i.TIM_ETR_SetConfig  stm32f4xx_hal_tim.o
    0x0800b59c   0x0800b59c   0x00000010   Code   RO         9441    i.TIM_ITRx_SetConfig  stm32f4xx_hal_tim.o
    0x0800b5ac   0x0800b5ac   0x00000070   Code   RO         9442    i.TIM_OC1_SetConfig  stm32f4xx_hal_tim.o
    0x0800b61c   0x0800b61c   0x00000078   Code   RO         9443    i.TIM_OC2_SetConfig  stm32f4xx_hal_tim.o
    0x0800b694   0x0800b694   0x00000078   Code   RO         9444    i.TIM_OC3_SetConfig  stm32f4xx_hal_tim.o
    0x0800b70c   0x0800b70c   0x00000058   Code   RO         9445    i.TIM_OC4_SetConfig  stm32f4xx_hal_tim.o
    0x0800b764   0x0800b764   0x0000003a   Code   RO         2578    i.TIM_Set_PWM       bsp_pwm.o
    0x0800b79e   0x0800b79e   0x00000026   Code   RO         9447    i.TIM_TI1_ConfigInputStage  stm32f4xx_hal_tim.o
    0x0800b7c4   0x0800b7c4   0x00000024   Code   RO         9449    i.TIM_TI2_ConfigInputStage  stm32f4xx_hal_tim.o
    0x0800b7e8   0x0800b7e8   0x00000340   Code   RO        10330    i.UART_SetConfig    stm32f4xx_hal_uart.o
    0x0800bb28   0x0800bb28   0x00000130   Code   RO         3539    i.USART3_IRQHandler  remote_control.o
    0x0800bc58   0x0800bc58   0x00000128   Code   RO         3481    i.USART6_IRQHandler  referee_usart_task.o
    0x0800bd80   0x0800bd80   0x0000004c   Code   RO        12395    i.USBD_CDC_DataIn   usbd_cdc.o
    0x0800bdcc   0x0800bdcc   0x00000030   Code   RO        12396    i.USBD_CDC_DataOut  usbd_cdc.o
    0x0800bdfc   0x0800bdfc   0x00000046   Code   RO        12397    i.USBD_CDC_DeInit   usbd_cdc.o
    0x0800be42   0x0800be42   0x0000002a   Code   RO        12398    i.USBD_CDC_EP0_RxReady  usbd_cdc.o
    0x0800be6c   0x0800be6c   0x0000000c   Code   RO        12399    i.USBD_CDC_GetDeviceQualifierDescriptor  usbd_cdc.o
    0x0800be78   0x0800be78   0x0000000c   Code   RO        12400    i.USBD_CDC_GetFSCfgDesc  usbd_cdc.o
    0x0800be84   0x0800be84   0x0000000c   Code   RO        12401    i.USBD_CDC_GetHSCfgDesc  usbd_cdc.o
    0x0800be90   0x0800be90   0x0000000c   Code   RO        12402    i.USBD_CDC_GetOtherSpeedCfgDesc  usbd_cdc.o
    0x0800be9c   0x0800be9c   0x000000ac   Code   RO        12403    i.USBD_CDC_Init     usbd_cdc.o
    0x0800bf48   0x0800bf48   0x00000032   Code   RO        12404    i.USBD_CDC_ReceivePacket  usbd_cdc.o
    0x0800bf7a   0x0800bf7a   0x00000010   Code   RO        12405    i.USBD_CDC_RegisterInterface  usbd_cdc.o
    0x0800bf8a   0x0800bf8a   0x0000000c   Code   RO        12406    i.USBD_CDC_SetRxBuffer  usbd_cdc.o
    0x0800bf96   0x0800bf96   0x00000010   Code   RO        12407    i.USBD_CDC_SetTxBuffer  usbd_cdc.o
    0x0800bfa6   0x0800bfa6   0x000000e6   Code   RO        12408    i.USBD_CDC_Setup    usbd_cdc.o
    0x0800c08c   0x0800c08c   0x00000038   Code   RO        12409    i.USBD_CDC_TransmitPacket  usbd_cdc.o
    0x0800c0c4   0x0800c0c4   0x0000000e   Code   RO        12102    i.USBD_ClrClassConfig  usbd_core.o
    0x0800c0d2   0x0800c0d2   0x00000026   Code   RO        12240    i.USBD_ClrFeature   usbd_ctlreq.o
    0x0800c0f8   0x0800c0f8   0x00000010   Code   RO        12335    i.USBD_CtlContinueRx  usbd_ioreq.o
    0x0800c108   0x0800c108   0x00000010   Code   RO        12336    i.USBD_CtlContinueSendData  usbd_ioreq.o
    0x0800c118   0x0800c118   0x00000018   Code   RO        12241    i.USBD_CtlError     usbd_ctlreq.o
    0x0800c130   0x0800c130   0x0000001e   Code   RO        12337    i.USBD_CtlPrepareRx  usbd_ioreq.o
    0x0800c14e   0x0800c14e   0x00000016   Code   RO        12338    i.USBD_CtlReceiveStatus  usbd_ioreq.o
    0x0800c164   0x0800c164   0x0000001a   Code   RO        12339    i.USBD_CtlSendData  usbd_ioreq.o
    0x0800c17e   0x0800c17e   0x00000016   Code   RO        12340    i.USBD_CtlSendStatus  usbd_ioreq.o
    0x0800c194   0x0800c194   0x00000034   Code   RO         1351    i.USBD_FS_ConfigStrDescriptor  usbd_desc.o
    0x0800c1c8   0x0800c1c8   0x00000010   Code   RO         1352    i.USBD_FS_DeviceDescriptor  usbd_desc.o
    0x0800c1d8   0x0800c1d8   0x00000038   Code   RO         1353    i.USBD_FS_InterfaceStrDescriptor  usbd_desc.o
    0x0800c210   0x0800c210   0x00000010   Code   RO         1354    i.USBD_FS_LangIDStrDescriptor  usbd_desc.o
    0x0800c220   0x0800c220   0x0000002c   Code   RO         1355    i.USBD_FS_ManufacturerStrDescriptor  usbd_desc.o
    0x0800c24c   0x0800c24c   0x00000040   Code   RO         1356    i.USBD_FS_ProductStrDescriptor  usbd_desc.o
    0x0800c28c   0x0800c28c   0x00000018   Code   RO         1357    i.USBD_FS_SerialStrDescriptor  usbd_desc.o
    0x0800c2a4   0x0800c2a4   0x00000034   Code   RO        12242    i.USBD_GetConfig    usbd_ctlreq.o
    0x0800c2d8   0x0800c2d8   0x00000136   Code   RO        12243    i.USBD_GetDescriptor  usbd_ctlreq.o
    0x0800c40e   0x0800c40e   0x00000018   Code   RO        12244    i.USBD_GetLen       usbd_ctlreq.o
    0x0800c426   0x0800c426   0x00000036   Code   RO        12245    i.USBD_GetStatus    usbd_ctlreq.o
    0x0800c45c   0x0800c45c   0x00000044   Code   RO        12246    i.USBD_GetString    usbd_ctlreq.o
    0x0800c4a0   0x0800c4a0   0x0000002c   Code   RO         1167    i.USBD_Get_USB_Status  usbd_conf.o
    0x0800c4cc   0x0800c4cc   0x0000002c   Code   RO        12104    i.USBD_Init         usbd_core.o
    0x0800c4f8   0x0800c4f8   0x00000026   Code   RO         1168    i.USBD_LL_ClearStallEP  usbd_conf.o
    0x0800c51e   0x0800c51e   0x00000026   Code   RO         1169    i.USBD_LL_CloseEP   usbd_conf.o
    0x0800c544   0x0800c544   0x000000d6   Code   RO        12105    i.USBD_LL_DataInStage  usbd_core.o
    0x0800c61a   0x0800c61a   0x0000008a   Code   RO        12106    i.USBD_LL_DataOutStage  usbd_core.o
    0x0800c6a4   0x0800c6a4   0x00000004   Code   RO        12107    i.USBD_LL_DevConnected  usbd_core.o
    0x0800c6a8   0x0800c6a8   0x00000016   Code   RO        12108    i.USBD_LL_DevDisconnected  usbd_core.o
    0x0800c6be   0x0800c6be   0x00000012   Code   RO         1173    i.USBD_LL_GetRxDataSize  usbd_conf.o
    0x0800c6d0   0x0800c6d0   0x00000068   Code   RO         1174    i.USBD_LL_Init      usbd_conf.o
    0x0800c738   0x0800c738   0x00000038   Code   RO         1175    i.USBD_LL_IsStallEP  usbd_conf.o
    0x0800c770   0x0800c770   0x00000004   Code   RO        12109    i.USBD_LL_IsoINIncomplete  usbd_core.o
    0x0800c774   0x0800c774   0x00000004   Code   RO        12110    i.USBD_LL_IsoOUTIncomplete  usbd_core.o
    0x0800c778   0x0800c778   0x00000030   Code   RO         1176    i.USBD_LL_OpenEP    usbd_conf.o
    0x0800c7a8   0x0800c7a8   0x00000030   Code   RO         1177    i.USBD_LL_PrepareReceive  usbd_conf.o
    0x0800c7d8   0x0800c7d8   0x00000052   Code   RO        12111    i.USBD_LL_Reset     usbd_core.o
    0x0800c82a   0x0800c82a   0x0000000c   Code   RO        12112    i.USBD_LL_Resume    usbd_core.o
    0x0800c836   0x0800c836   0x00000018   Code   RO        12113    i.USBD_LL_SOF       usbd_core.o
    0x0800c84e   0x0800c84e   0x00000006   Code   RO        12114    i.USBD_LL_SetSpeed  usbd_core.o
    0x0800c854   0x0800c854   0x00000026   Code   RO         1178    i.USBD_LL_SetUSBAddress  usbd_conf.o
    0x0800c87a   0x0800c87a   0x0000005e   Code   RO        12115    i.USBD_LL_SetupStage  usbd_core.o
    0x0800c8d8   0x0800c8d8   0x00000026   Code   RO         1179    i.USBD_LL_StallEP   usbd_conf.o
    0x0800c8fe   0x0800c8fe   0x0000001e   Code   RO         1180    i.USBD_LL_Start     usbd_conf.o
    0x0800c91c   0x0800c91c   0x00000012   Code   RO        12116    i.USBD_LL_Suspend   usbd_core.o
    0x0800c92e   0x0800c92e   0x00000030   Code   RO         1182    i.USBD_LL_Transmit  usbd_conf.o
    0x0800c95e   0x0800c95e   0x00000028   Code   RO        12247    i.USBD_ParseSetupRequest  usbd_ctlreq.o
    0x0800c986   0x0800c986   0x00000012   Code   RO        12117    i.USBD_RegisterClass  usbd_core.o
    0x0800c998   0x0800c998   0x00000004   Code   RO        12118    i.USBD_RunTestMode  usbd_core.o
    0x0800c99c   0x0800c99c   0x00000058   Code   RO        12248    i.USBD_SetAddress   usbd_ctlreq.o
    0x0800c9f4   0x0800c9f4   0x00000018   Code   RO        12119    i.USBD_SetClassConfig  usbd_core.o
    0x0800ca0c   0x0800ca0c   0x000000cc   Code   RO        12249    i.USBD_SetConfig    usbd_ctlreq.o
    0x0800cad8   0x0800cad8   0x00000010   Code   RO        12250    i.USBD_SetFeature   usbd_ctlreq.o
    0x0800cae8   0x0800cae8   0x0000000a   Code   RO        12120    i.USBD_Start        usbd_core.o
    0x0800caf2   0x0800caf2   0x00000080   Code   RO        12251    i.USBD_StdDevReq    usbd_ctlreq.o
    0x0800cb72   0x0800cb72   0x000001f0   Code   RO        12252    i.USBD_StdEPReq     usbd_ctlreq.o
    0x0800cd62   0x0800cd62   0x0000006a   Code   RO        12253    i.USBD_StdItfReq    usbd_ctlreq.o
    0x0800cdcc   0x0800cdcc   0x0000009c   Code   RO         6026    i.USB_ActivateEndpoint  stm32f4xx_ll_usb.o
    0x0800ce68   0x0800ce68   0x00000034   Code   RO         6028    i.USB_ActivateSetup  stm32f4xx_ll_usb.o
    0x0800ce9c   0x0800ce9c   0x0000007e   Code   RO         6030    i.USB_CoreInit      stm32f4xx_ll_usb.o
    0x0800cf1a   0x0800cf1a   0x00000002   PAD
    0x0800cf1c   0x0800cf1c   0x0000003c   Code   RO         6031    i.USB_CoreReset     stm32f4xx_ll_usb.o
    0x0800cf58   0x0800cf58   0x00000090   Code   RO         6034    i.USB_DeactivateEndpoint  stm32f4xx_ll_usb.o
    0x0800cfe8   0x0800cfe8   0x00000018   Code   RO         6035    i.USB_DevConnect    stm32f4xx_ll_usb.o
    0x0800d000   0x0800d000   0x00000018   Code   RO         6036    i.USB_DevDisconnect  stm32f4xx_ll_usb.o
    0x0800d018   0x0800d018   0x0000018c   Code   RO         6037    i.USB_DevInit       stm32f4xx_ll_usb.o
    0x0800d1a4   0x0800d1a4   0x0000000c   Code   RO         6038    i.USB_DisableGlobalInt  stm32f4xx_ll_usb.o
    0x0800d1b0   0x0800d1b0   0x0000012a   Code   RO         6041    i.USB_EP0StartXfer  stm32f4xx_ll_usb.o
    0x0800d2da   0x0800d2da   0x00000002   PAD
    0x0800d2dc   0x0800d2dc   0x00000060   Code   RO         6042    i.USB_EP0_OutStart  stm32f4xx_ll_usb.o
    0x0800d33c   0x0800d33c   0x00000058   Code   RO         6043    i.USB_EPClearStall  stm32f4xx_ll_usb.o
    0x0800d394   0x0800d394   0x0000005e   Code   RO         6044    i.USB_EPSetStall    stm32f4xx_ll_usb.o
    0x0800d3f2   0x0800d3f2   0x00000228   Code   RO         6045    i.USB_EPStartXfer   stm32f4xx_ll_usb.o
    0x0800d61a   0x0800d61a   0x0000000c   Code   RO         6046    i.USB_EnableGlobalInt  stm32f4xx_ll_usb.o
    0x0800d626   0x0800d626   0x00000002   PAD
    0x0800d628   0x0800d628   0x00000024   Code   RO         6047    i.USB_FlushRxFifo   stm32f4xx_ll_usb.o
    0x0800d64c   0x0800d64c   0x00000028   Code   RO         6048    i.USB_FlushTxFifo   stm32f4xx_ll_usb.o
    0x0800d674   0x0800d674   0x00000020   Code   RO         6050    i.USB_GetDevSpeed   stm32f4xx_ll_usb.o
    0x0800d694   0x0800d694   0x00000008   Code   RO         6052    i.USB_GetMode       stm32f4xx_ll_usb.o
    0x0800d69c   0x0800d69c   0x0000000e   Code   RO         6059    i.USB_ReadDevAllInEpInterrupt  stm32f4xx_ll_usb.o
    0x0800d6aa   0x0800d6aa   0x0000000e   Code   RO         6060    i.USB_ReadDevAllOutEpInterrupt  stm32f4xx_ll_usb.o
    0x0800d6b8   0x0800d6b8   0x00000024   Code   RO         6061    i.USB_ReadDevInEPInterrupt  stm32f4xx_ll_usb.o
    0x0800d6dc   0x0800d6dc   0x00000010   Code   RO         6062    i.USB_ReadDevOutEPInterrupt  stm32f4xx_ll_usb.o
    0x0800d6ec   0x0800d6ec   0x00000008   Code   RO         6063    i.USB_ReadInterrupts  stm32f4xx_ll_usb.o
    0x0800d6f4   0x0800d6f4   0x00000024   Code   RO         6064    i.USB_ReadPacket    stm32f4xx_ll_usb.o
    0x0800d718   0x0800d718   0x00000030   Code   RO         6066    i.USB_SetCurrentMode  stm32f4xx_ll_usb.o
    0x0800d748   0x0800d748   0x00000022   Code   RO         6067    i.USB_SetDevAddress  stm32f4xx_ll_usb.o
    0x0800d76a   0x0800d76a   0x0000000e   Code   RO         6068    i.USB_SetDevSpeed   stm32f4xx_ll_usb.o
    0x0800d778   0x0800d778   0x000000f4   Code   RO         6069    i.USB_SetTurnaroundTime  stm32f4xx_ll_usb.o
    0x0800d86c   0x0800d86c   0x00000030   Code   RO         6072    i.USB_WritePacket   stm32f4xx_ll_usb.o
    0x0800d89c   0x0800d89c   0x00000004   Code   RO         1550    i.UsageFault_Handler  stm32f4xx_it.o
    0x0800d8a0   0x0800d8a0   0x00000024   Code   RO        12993    i.__0vsprintf       mc_w.l(printfa.o)
    0x0800d8c4   0x0800d8c4   0x00000030   Code   RO        13077    i.__ARM_fpclassify  m_wm.l(fpclassify.o)
    0x0800d8f4   0x0800d8f4   0x00000026   Code   RO        13079    i.__ARM_fpclassifyf  m_wm.l(fpclassifyf.o)
    0x0800d91a   0x0800d91a   0x00000006   Code   RO         5183    i.__get_PRIMASK     fifo.o
    0x0800d920   0x0800d920   0x00000118   Code   RO        12801    i.__hardfp_acosf    m_wm.l(acosf.o)
    0x0800da38   0x0800da38   0x0000012c   Code   RO        12813    i.__hardfp_asinf    m_wm.l(asinf.o)
    0x0800db64   0x0800db64   0x00000004   PAD
    0x0800db68   0x0800db68   0x000002d8   Code   RO        12825    i.__hardfp_atan     m_wm.l(atan.o)
    0x0800de40   0x0800de40   0x00000200   Code   RO        12839    i.__hardfp_atan2    m_wm.l(atan2.o)
    0x0800e040   0x0800e040   0x000002ac   Code   RO        12851    i.__hardfp_atan2f   m_wm.l(atan2f.o)
    0x0800e2ec   0x0800e2ec   0x00000004   PAD
    0x0800e2f0   0x0800e2f0   0x000000c8   Code   RO        12863    i.__hardfp_cos      m_wm.l(cos.o)
    0x0800e3b8   0x0800e3b8   0x00000358   Code   RO        12875    i.__hardfp_exp      m_wm.l(exp.o)
    0x0800e710   0x0800e710   0x00000014   Code   RO        12889    i.__hardfp_fabs     m_wm.l(fabs.o)
    0x0800e724   0x0800e724   0x00000004   PAD
    0x0800e728   0x0800e728   0x000003c4   Code   RO        12895    i.__hardfp_log      m_wm.l(log.o)
    0x0800eaec   0x0800eaec   0x00000004   PAD
    0x0800eaf0   0x0800eaf0   0x00000c50   Code   RO        12909    i.__hardfp_pow      m_wm.l(pow.o)
    0x0800f740   0x0800f740   0x000000c8   Code   RO        12923    i.__hardfp_sin      m_wm.l(sin.o)
    0x0800f808   0x0800f808   0x0000007a   Code   RO        12947    i.__hardfp_sqrt     m_wm.l(sqrt_full.o)
    0x0800f882   0x0800f882   0x0000003a   Code   RO        12953    i.__hardfp_sqrtf    m_wm.l(sqrtf_full.o)
    0x0800f8bc   0x0800f8bc   0x00000004   PAD
    0x0800f8c0   0x0800f8c0   0x00000438   Code   RO        13098    i.__ieee754_rem_pio2  m_wm.l(rred.o)
    0x0800fcf8   0x0800fcf8   0x00000170   Code   RO        13060    i.__kernel_cos      m_wm.l(cos_i.o)
    0x0800fe68   0x0800fe68   0x000000f8   Code   RO        13095    i.__kernel_poly     m_wm.l(poly.o)
    0x0800ff60   0x0800ff60   0x00000130   Code   RO        13106    i.__kernel_sin      m_wm.l(sin_i.o)
    0x08010090   0x08010090   0x00000030   Code   RO        13063    i.__mathlib_dbl_divzero  m_wm.l(dunder.o)
    0x080100c0   0x080100c0   0x00000014   Code   RO        13064    i.__mathlib_dbl_infnan  m_wm.l(dunder.o)
    0x080100d4   0x080100d4   0x00000014   Code   RO        13065    i.__mathlib_dbl_infnan2  m_wm.l(dunder.o)
    0x080100e8   0x080100e8   0x00000020   Code   RO        13066    i.__mathlib_dbl_invalid  m_wm.l(dunder.o)
    0x08010108   0x08010108   0x00000020   Code   RO        13067    i.__mathlib_dbl_overflow  m_wm.l(dunder.o)
    0x08010128   0x08010128   0x00000020   Code   RO        13069    i.__mathlib_dbl_underflow  m_wm.l(dunder.o)
    0x08010148   0x08010148   0x00000006   Code   RO        13082    i.__mathlib_flt_infnan  m_wm.l(funder.o)
    0x0801014e   0x0801014e   0x00000006   Code   RO        13083    i.__mathlib_flt_infnan2  m_wm.l(funder.o)
    0x08010154   0x08010154   0x00000010   Code   RO        13084    i.__mathlib_flt_invalid  m_wm.l(funder.o)
    0x08010164   0x08010164   0x00000010   Code   RO        13087    i.__mathlib_flt_underflow  m_wm.l(funder.o)
    0x08010174   0x08010174   0x0000000e   Code   RO        13169    i.__scatterload_copy  mc_w.l(handlers.o)
    0x08010182   0x08010182   0x00000002   Code   RO        13170    i.__scatterload_null  mc_w.l(handlers.o)
    0x08010184   0x08010184   0x0000000e   Code   RO        13171    i.__scatterload_zeroinit  mc_w.l(handlers.o)
    0x08010192   0x08010192   0x00000006   Code   RO         5184    i.__set_PRIMASK     fifo.o
    0x08010198   0x08010198   0x0000000c   Code   RO        13143    i.__set_errno       mc_w.l(errno.o)
    0x080101a4   0x080101a4   0x00000184   Code   RO        12994    i._fp_digits        mc_w.l(printfa.o)
    0x08010328   0x08010328   0x000006b4   Code   RO        12995    i._printf_core      mc_w.l(printfa.o)
    0x080109dc   0x080109dc   0x00000024   Code   RO        12996    i._printf_post_padding  mc_w.l(printfa.o)
    0x08010a00   0x08010a00   0x0000002e   Code   RO        12997    i._printf_pre_padding  mc_w.l(printfa.o)
    0x08010a2e   0x08010a2e   0x0000000a   Code   RO        12999    i._sputc            mc_w.l(printfa.o)
    0x08010a38   0x08010a38   0x00000068   Code   RO         2289    i.aRGB_led_show     bsp_led.o
    0x08010aa0   0x08010aa0   0x0000003c   Code   RO         1766    i.adcx_get_chx_value  bsp_adc.o
    0x08010adc   0x08010adc   0x00000030   Code   RO         5122    i.append_CRC16_check_sum  crc8_crc16.o
    0x08010b0c   0x08010b0c   0x00000012   Code   RO         3900    i.assign_solve_trajectory_param  vision_task.o
    0x08010b1e   0x08010b1e   0x00000010   Code   RO        12827    i.atan              m_wm.l(atan.o)
    0x08010b2e   0x08010b2e   0x00000002   PAD
    0x08010b30   0x08010b30   0x00000044   Code   RO         3739    i.battery_voltage_task  voltage_task.o
    0x08010b74   0x08010b74   0x0000016c   Code   RO         4374    i.bmi088_accel_init  bmi088driver.o
    0x08010ce0   0x08010ce0   0x00000130   Code   RO         4375    i.bmi088_gyro_init  bmi088driver.o
    0x08010e10   0x08010e10   0x0000013c   Code   RO         2190    i.bsp_I2C_check_ack  bsp_i2c.o
    0x08010f4c   0x08010f4c   0x0000004c   Code   RO         2191    i.bsp_I2C_master_transmit  bsp_i2c.o
    0x08010f98   0x08010f98   0x0000004c   Code   RO         2192    i.bsp_I2C_reset     bsp_i2c.o
    0x08010fe4   0x08010fe4   0x00000010   Code   RO         1916    i.buzzer_off        bsp_buzzer.o
    0x08010ff4   0x08010ff4   0x00000014   Code   RO         1917    i.buzzer_on         bsp_buzzer.o
    0x08011008   0x08011008   0x0000007c   Code   RO         3609    i.buzzer_warn_error  test_task.o
    0x08011084   0x08011084   0x000000e8   Code   RO         3740    i.calc_battery_percentage  voltage_task.o
    0x0801116c   0x0801116c   0x00000528   Code   RO         3901    i.calc_bullet_drop_in_complete_air  vision_task.o
    0x08011694   0x08011694   0x0000006c   Code   RO         3902    i.calc_current_bullet_speed  vision_task.o
    0x08011700   0x08011700   0x00000026   Code   RO         3903    i.calc_robot_gimbal_aim_vector  vision_task.o
    0x08011726   0x08011726   0x00000002   PAD
    0x08011728   0x08011728   0x000000f8   Code   RO         3904    i.calc_target_position_pitch_angle  vision_task.o
    0x08011820   0x08011820   0x0000005c   Code   RO         1950    i.can_filter_init   bsp_can.o
    0x0801187c   0x0801187c   0x00000034   Code   RO         2609    i.chassis_auto_follow_target_control  chassis_behaviour.o
    0x080118b0   0x080118b0   0x00000074   Code   RO         2886    i.chassis_auto_move_controller_calc  chassis_task.o
    0x08011924   0x08011924   0x0000000e   Code   RO         2887    i.chassis_auto_move_controller_init  chassis_task.o
    0x08011932   0x08011932   0x00000002   PAD
    0x08011934   0x08011934   0x000000cc   Code   RO         2610    i.chassis_behaviour_control_set  chassis_behaviour.o
    0x08011a00   0x08011a00   0x0000014c   Code   RO         2611    i.chassis_behaviour_mode_set  chassis_behaviour.o
    0x08011b4c   0x08011b4c   0x000003f4   Code   RO         2888    i.chassis_control_loop  chassis_task.o
    0x08011f40   0x08011f40   0x00000060   Code   RO         2612    i.chassis_engineer_follow_chassis_yaw_control  chassis_behaviour.o
    0x08011fa0   0x08011fa0   0x00000164   Code   RO         2889    i.chassis_feedback_update  chassis_task.o
    0x08012104   0x08012104   0x00000034   Code   RO         2613    i.chassis_infantry_follow_gimbal_yaw_control  chassis_behaviour.o
    0x08012138   0x08012138   0x0000012c   Code   RO         2890    i.chassis_init      chassis_task.o
    0x08012264   0x08012264   0x00000084   Code   RO         2891    i.chassis_mode_change_control_transit  chassis_task.o
    0x080122e8   0x080122e8   0x00000044   Code   RO         2614    i.chassis_no_follow_yaw_control  chassis_behaviour.o
    0x0801232c   0x0801232c   0x0000002c   Code   RO         2615    i.chassis_no_move_control  chassis_behaviour.o
    0x08012358   0x08012358   0x0000005c   Code   RO         2616    i.chassis_open_set_control  chassis_behaviour.o
    0x080123b4   0x080123b4   0x00000280   Code   RO         2892    i.chassis_rc_to_control_vector  chassis_task.o
    0x08012634   0x08012634   0x000003ec   Code   RO         2893    i.chassis_set_contorl  chassis_task.o
    0x08012a20   0x08012a20   0x00000012   Code   RO         2894    i.chassis_set_mode  chassis_task.o
    0x08012a32   0x08012a32   0x00000002   PAD
    0x08012a34   0x08012a34   0x00000110   Code   RO         2895    i.chassis_task      chassis_task.o
    0x08012b44   0x08012b44   0x00000050   Code   RO         2896    i.chassis_vector_to_mecanum_wheel_speed  chassis_task.o
    0x08012b94   0x08012b94   0x000000ec   Code   RO         2897    i.chassis_vision_to_control_vector  chassis_task.o
    0x08012c80   0x08012c80   0x0000002c   Code   RO         2617    i.chassis_zero_force_control  chassis_behaviour.o
    0x08012cac   0x08012cac   0x00000030   Code   RO         2019    i.delay_init        bsp_delay.o
    0x08012cdc   0x08012cdc   0x00000124   Code   RO         2977    i.detect_hook       detect_task.o
    0x08012e00   0x08012e00   0x00000180   Code   RO         2978    i.detect_init       detect_task.o
    0x08012f80   0x08012f80   0x00000288   Code   RO         2979    i.detect_task       detect_task.o
    0x08013208   0x08013208   0x000000f0   Code   RO         5638    i.f_Changing_Integration_Rate  controller.o
    0x080132f8   0x080132f8   0x00000056   Code   RO         5639    i.f_Derivative_Filter  controller.o
    0x0801334e   0x0801334e   0x000000f4   Code   RO         5640    i.f_Derivative_On_Measurement  controller.o
    0x08013442   0x08013442   0x00000002   PAD
    0x08013444   0x08013444   0x000000f0   Code   RO         5641    i.f_Integral_Limit  controller.o
    0x08013534   0x08013534   0x00000056   Code   RO         5642    i.f_Output_Filter   controller.o
    0x0801358a   0x0801358a   0x00000046   Code   RO         5643    i.f_Output_Limit    controller.o
    0x080135d0   0x080135d0   0x000000b4   Code   RO         5644    i.f_PID_ErrorHandle  controller.o
    0x08013684   0x08013684   0x00000046   Code   RO         5645    i.f_Proportion_Limit  controller.o
    0x080136ca   0x080136ca   0x00000080   Code   RO         5646    i.f_Trapezoid_Intergral  controller.o
    0x0801374a   0x0801374a   0x00000018   Code   RO        12891    i.fabs              m_wm.l(fabs.o)
    0x08013762   0x08013762   0x0000003a   Code   RO         5202    i.fifo_s_get        fifo.o
    0x0801379c   0x0801379c   0x00000016   Code   RO         5205    i.fifo_s_init       fifo.o
    0x080137b2   0x080137b2   0x000000a0   Code   RO         5211    i.fifo_s_puts       fifo.o
    0x08013852   0x08013852   0x00000006   Code   RO         5213    i.fifo_s_used       fifo.o
    0x08013858   0x08013858   0x00000054   Code   RO         4827    i.first_order_filter_cali  user_lib.o
    0x080138ac   0x080138ac   0x00000024   Code   RO         4828    i.first_order_filter_init  user_lib.o
    0x080138d0   0x080138d0   0x0000002a   Code   RO         4829    i.fp32_constrain    user_lib.o
    0x080138fa   0x080138fa   0x00000002   PAD
    0x080138fc   0x080138fc   0x00000048   Code   RO         4831    i.fp32_rounding     user_lib.o
    0x08013944   0x08013944   0x00000050   Code   RO        13014    i.free              mc_w.l(malloc.o)
    0x08013994   0x08013994   0x00000068   Code   RO         3818    i.fric_control_loop  shoot_task.o
    0x080139fc   0x080139fc   0x00000034   Code   RO         5124    i.get_CRC16_check_sum  crc8_crc16.o
    0x08013a30   0x08013a30   0x00000024   Code   RO         5125    i.get_CRC8_check_sum  crc8_crc16.o
    0x08013a54   0x08013a54   0x00000008   Code   RO         4143    i.get_INS_point     ins_task.o
    0x08013a5c   0x08013a5c   0x00000024   Code   RO         3741    i.get_battery_percentage  voltage_task.o
    0x08013a80   0x08013a80   0x00000048   Code   RO         1767    i.get_battery_voltage  bsp_adc.o
    0x08013ac8   0x08013ac8   0x00000018   Code   RO         3652    i.get_chassis_motor_measure_point  can_receive.o
    0x08013ae0   0x08013ae0   0x00000008   Code   RO         2980    i.get_error_list_point  detect_task.o
    0x08013ae8   0x08013ae8   0x00000008   Code   RO         3397    i.get_game_robot_status_point  referee.o
    0x08013af0   0x08013af0   0x00000008   Code   RO         3653    i.get_pitch_gimbal_motor_measure_point  can_receive.o
    0x08013af8   0x08013af8   0x00000008   Code   RO         3151    i.get_pitch_motor_point  gimbal_task.o
    0x08013b00   0x08013b00   0x00000008   Code   RO         3540    i.get_remote_control_point  remote_control.o
    0x08013b08   0x08013b08   0x00000008   Code   RO         3398    i.get_robot_command_point  referee.o
    0x08013b10   0x08013b10   0x00000008   Code   RO         3399    i.get_robot_hurt_point  referee.o
    0x08013b18   0x08013b18   0x00000008   Code   RO         3401    i.get_shoot_data_point  referee.o
    0x08013b20   0x08013b20   0x00000018   Code   RO         3654    i.get_shoot_motor_measure_point  can_receive.o
    0x08013b38   0x08013b38   0x00000008   Code   RO         3655    i.get_trigger_motor_measure_point  can_receive.o
    0x08013b40   0x08013b40   0x00000008   Code   RO         3905    i.get_vision_chassis_point  vision_task.o
    0x08013b48   0x08013b48   0x00000008   Code   RO         3906    i.get_vision_gimbal_point  vision_task.o
    0x08013b50   0x08013b50   0x00000008   Code   RO         3907    i.get_vision_receive_point  vision_task.o
    0x08013b58   0x08013b58   0x00000008   Code   RO         3908    i.get_vision_shoot_point  vision_task.o
    0x08013b60   0x08013b60   0x00000008   Code   RO         3656    i.get_yaw_gimbal_motor_measure_point  can_receive.o
    0x08013b68   0x08013b68   0x00000008   Code   RO         3152    i.get_yaw_motor_point  gimbal_task.o
    0x08013b70   0x08013b70   0x00000098   Code   RO         3054    i.gimbal_RC_control  gimbal_behaviour.o
    0x08013c08   0x08013c08   0x00000148   Code   RO         3153    i.gimbal_absolute_angle_limit  gimbal_task.o
    0x08013d50   0x08013d50   0x0000007c   Code   RO         3055    i.gimbal_auto_attack_control  gimbal_behaviour.o
    0x08013dcc   0x08013dcc   0x00000104   Code   RO         3056    i.gimbal_auto_scan_control  gimbal_behaviour.o
    0x08013ed0   0x08013ed0   0x00000074   Code   RO         3057    i.gimbal_behaviour_control_set  gimbal_behaviour.o
    0x08013f44   0x08013f44   0x00000054   Code   RO         3058    i.gimbal_behaviour_mode_set  gimbal_behaviour.o
    0x08013f98   0x08013f98   0x000001a8   Code   RO         3059    i.gimbal_behavour_set  gimbal_behaviour.o
    0x08014140   0x08014140   0x00000024   Code   RO         3060    i.gimbal_cmd_to_chassis_stop  gimbal_behaviour.o
    0x08014164   0x08014164   0x0000001c   Code   RO         3061    i.gimbal_cmd_to_shoot_stop  gimbal_behaviour.o
    0x08014180   0x08014180   0x00000070   Code   RO         3154    i.gimbal_control_loop  gimbal_task.o
    0x080141f0   0x080141f0   0x0000000c   Code   RO         3062    i.gimbal_control_vision_task  gimbal_behaviour.o
    0x080141fc   0x080141fc   0x0000008a   Code   RO         3155    i.gimbal_feedback_update  gimbal_task.o
    0x08014286   0x08014286   0x00000002   PAD
    0x08014288   0x08014288   0x00000170   Code   RO         3156    i.gimbal_init       gimbal_task.o
    0x080143f8   0x080143f8   0x000000e4   Code   RO         3063    i.gimbal_init_control  gimbal_behaviour.o
    0x080144dc   0x080144dc   0x000000c0   Code   RO         3157    i.gimbal_mode_change_control_transit  gimbal_task.o
    0x0801459c   0x0801459c   0x00000020   Code   RO         3064    i.gimbal_motionless_control  gimbal_behaviour.o
    0x080145bc   0x080145bc   0x00000052   Code   RO         3158    i.gimbal_motor_absolute_angle_control  gimbal_task.o
    0x0801460e   0x0801460e   0x00000022   Code   RO         3159    i.gimbal_motor_raw_angle_control  gimbal_task.o
    0x08014630   0x08014630   0x0000005c   Code   RO         3160    i.gimbal_motor_relative_angle_control  gimbal_task.o
    0x0801468c   0x0801468c   0x000000c4   Code   RO         3161    i.gimbal_motor_second_order_linear_controller_calc  gimbal_task.o
    0x08014750   0x08014750   0x00000016   Code   RO         3162    i.gimbal_motor_second_order_linear_controller_init  gimbal_task.o
    0x08014766   0x08014766   0x00000002   PAD
    0x08014768   0x08014768   0x000000cc   Code   RO         3163    i.gimbal_relative_angle_limit  gimbal_task.o
    0x08014834   0x08014834   0x000000a0   Code   RO         3164    i.gimbal_set_control  gimbal_task.o
    0x080148d4   0x080148d4   0x00000012   Code   RO         3165    i.gimbal_set_mode   gimbal_task.o
    0x080148e6   0x080148e6   0x00000002   PAD
    0x080148e8   0x080148e8   0x0000009c   Code   RO         3166    i.gimbal_task       gimbal_task.o
    0x08014984   0x08014984   0x00000020   Code   RO         3065    i.gimbal_zero_force_control  gimbal_behaviour.o
    0x080149a4   0x080149a4   0x000000cc   Code   RO         3403    i.init_referee_struct_data  referee.o
    0x08014a70   0x08014a70   0x00000040   Code   RO         1770    i.init_vrefint_reciprocal  bsp_adc.o
    0x08014ab0   0x08014ab0   0x0000003c   Code   RO         4983    i.invSqrt           quaternionekf.o
    0x08014aec   0x08014aec   0x00000014   Code   RO         3909    i.judge_vision_appear_target  vision_task.o
    0x08014b00   0x08014b00   0x000001b0   Code   RO         3783    i.led_RGB_flow_task  led_flow_task.o
    0x08014cb0   0x08014cb0   0x00000060   Code   RO         4835    i.loop_fp32_constrain  user_lib.o
    0x08014d10   0x08014d10   0x00000098   Code   RO           15    i.main              main.o
    0x08014da8   0x08014da8   0x0000000c   Code   RO        11594    i.makeFreeRtosPriority  cmsis_os.o
    0x08014db4   0x08014db4   0x0000006c   Code   RO        13015    i.malloc            mc_w.l(malloc.o)
    0x08014e20   0x08014e20   0x00000060   Code   RO         3167    i.motor_ecd_to_angle_change  gimbal_task.o
    0x08014e80   0x08014e80   0x00000214   Code   RO         3267    i.oled_task         oled_task.o
    0x08015094   0x08015094   0x00000030   Code   RO         4247    i.oled_write_byte   oled.o
    0x080150c4   0x080150c4   0x00000010   Code   RO        11596    i.osDelay           cmsis_os.o
    0x080150d4   0x080150d4   0x0000000a   Code   RO        11599    i.osKernelStart     cmsis_os.o
    0x080150de   0x080150de   0x0000005c   Code   RO        11633    i.osThreadCreate    cmsis_os.o
    0x0801513a   0x0801513a   0x000002d0   Code   RO         5647    i.pid_calculate     controller.o
    0x0801540a   0x0801540a   0x00000002   PAD
    0x0801540c   0x0801540c   0x000000bc   Code   RO         5648    i.pid_init          controller.o
    0x080154c8   0x080154c8   0x00000080   Code   RO        11092    i.prvAddCurrentTaskToDelayedList  tasks.o
    0x08015548   0x08015548   0x00000088   Code   RO        11093    i.prvAddNewTaskToReadyList  tasks.o
    0x080155d0   0x080155d0   0x0000005c   Code   RO        11441    i.prvCheckForValidListAndQueue  timers.o
    0x0801562c   0x0801562c   0x00000040   Code   RO        11094    i.prvCheckTasksWaitingTermination  tasks.o
    0x0801566c   0x0801566c   0x00000024   Code   RO        10754    i.prvCopyDataFromQueue  queue.o
    0x08015690   0x08015690   0x0000006e   Code   RO        10755    i.prvCopyDataToQueue  queue.o
    0x080156fe   0x080156fe   0x00000040   Code   RO        11095    i.prvDeleteTCB      tasks.o
    0x0801573e   0x0801573e   0x00000002   PAD
    0x08015740   0x08015740   0x00000024   Code   RO        11442    i.prvGetNextExpireTime  timers.o
    0x08015764   0x08015764   0x00000050   Code   RO        11973    i.prvHeapInit       heap_4.o
    0x080157b4   0x080157b4   0x00000028   Code   RO        11096    i.prvIdleTask       tasks.o
    0x080157dc   0x080157dc   0x00000018   Code   RO        10758    i.prvInitialiseNewQueue  queue.o
    0x080157f4   0x080157f4   0x00000090   Code   RO        11097    i.prvInitialiseNewTask  tasks.o
    0x08015884   0x08015884   0x00000060   Code   RO        11098    i.prvInitialiseTaskLists  tasks.o
    0x080158e4   0x080158e4   0x0000005c   Code   RO        11974    i.prvInsertBlockIntoFreeList  heap_4.o
    0x08015940   0x08015940   0x00000048   Code   RO        11444    i.prvInsertTimerInActiveList  timers.o
    0x08015988   0x08015988   0x0000001a   Code   RO        10759    i.prvIsQueueEmpty   queue.o
    0x080159a2   0x080159a2   0x0000001e   Code   RO        10760    i.prvIsQueueFull    queue.o
    0x080159c0   0x080159c0   0x0000005c   Code   RO        11445    i.prvProcessExpiredTimer  timers.o
    0x08015a1c   0x08015a1c   0x000000d8   Code   RO        11446    i.prvProcessReceivedCommands  timers.o
    0x08015af4   0x08015af4   0x0000006c   Code   RO        11447    i.prvProcessTimerOrBlockTask  timers.o
    0x08015b60   0x08015b60   0x00000024   Code   RO        11099    i.prvResetNextTaskUnblockTime  tasks.o
    0x08015b84   0x08015b84   0x0000002c   Code   RO        11448    i.prvSampleTimeNow  timers.o
    0x08015bb0   0x08015bb0   0x00000074   Code   RO        11449    i.prvSwitchTimerLists  timers.o
    0x08015c24   0x08015c24   0x00000018   Code   RO        11101    i.prvTaskCheckFreeStackSpace  tasks.o
    0x08015c3c   0x08015c3c   0x00000030   Code   RO        12023    i.prvTaskExitError  port.o
    0x08015c6c   0x08015c6c   0x00000014   Code   RO        11450    i.prvTimerTask      timers.o
    0x08015c80   0x08015c80   0x00000068   Code   RO        10761    i.prvUnlockQueue    queue.o
    0x08015ce8   0x08015ce8   0x000000e4   Code   RO        11975    i.pvPortMalloc      heap_4.o
    0x08015dcc   0x08015dcc   0x0000002c   Code   RO        12024    i.pxPortInitialiseStack  port.o
    0x08015df8   0x08015df8   0x0000007c   Code   RO         3910    i.queue_append_data  vision_task.o
    0x08015e74   0x08015e74   0x0000002e   Code   RO         3911    i.queue_create      vision_task.o
    0x08015ea2   0x08015ea2   0x00000002   PAD
    0x08015ea4   0x08015ea4   0x00000054   Code   RO         3912    i.queue_data_calc_average  vision_task.o
    0x08015ef8   0x08015ef8   0x0000008c   Code   RO         3914    i.receive_decode    vision_task.o
    0x08015f84   0x08015f84   0x000001bc   Code   RO         3404    i.referee_data_solve  referee.o
    0x08016140   0x08016140   0x0000014c   Code   RO         3482    i.referee_unpack_fifo_data  referee_usart_task.o
    0x0801628c   0x0801628c   0x00000038   Code   RO         3483    i.referee_usart_task  referee_usart_task.o
    0x080162c4   0x080162c4   0x00000014   Code   RO         3541    i.remote_control_init  remote_control.o
    0x080162d8   0x080162d8   0x000000da   Code   RO         3542    i.sbus_to_rc        remote_control.o
    0x080163b2   0x080163b2   0x000000d6   Code   RO         3066    i.scan_control_set  gimbal_behaviour.o
    0x08016488   0x08016488   0x00000224   Code   RO         3915    i.select_optimal_target  vision_task.o
    0x080166ac   0x080166ac   0x00000020   Code   RO         3916    i.send_packet       vision_task.o
    0x080166cc   0x080166cc   0x00000046   Code   RO         3917    i.set_vision_send_packet  vision_task.o
    0x08016712   0x08016712   0x00000002   PAD
    0x08016714   0x08016714   0x00000110   Code   RO         3819    i.shoot_control_loop  shoot_task.o
    0x08016824   0x08016824   0x0000002c   Code   RO         3820    i.shoot_control_vision_task  shoot_task.o
    0x08016850   0x08016850   0x000000a8   Code   RO         3821    i.shoot_init        shoot_task.o
    0x080168f8   0x080168f8   0x0000001c   Code   RO         3822    i.shoot_mode_change_transit  shoot_task.o
    0x08016914   0x08016914   0x000000e8   Code   RO         3823    i.shoot_set_control_mode  shoot_task.o
    0x080169fc   0x080169fc   0x00000070   Code   RO         3824    i.shoot_task        shoot_task.o
    0x08016a6c   0x08016a6c   0x00000022   Code   RO         3918    i.solve_trajectory_param_init  vision_task.o
    0x08016a8e   0x08016a8e   0x0000006e   Code   RO        12949    i.sqrt              m_wm.l(sqrt_full.o)
    0x08016afc   0x08016afc   0x0000003e   Code   RO        12955    i.sqrtf             m_wm.l(sqrtf_full.o)
    0x08016b3a   0x08016b3a   0x00000002   PAD
    0x08016b3c   0x08016b3c   0x00000034   Code   RO         5539    i.stm32_shoot_pid_init  stm32.o
    0x08016b70   0x08016b70   0x00000240   Code   RO         5542    i.stm32_step_shoot_0  stm32.o
    0x08016db0   0x08016db0   0x00000240   Code   RO         5543    i.stm32_step_shoot_1  stm32.o
    0x08016ff0   0x08016ff0   0x00000020   Code   RO         5544    i.stm32_step_shoot_pid_clear  stm32.o
    0x08017010   0x08017010   0x0000008c   Code   RO         3610    i.test_task         test_task.o
    0x0801709c   0x0801709c   0x00000018   Code   RO         2981    i.toe_is_error      detect_task.o
    0x080170b4   0x080170b4   0x00000048   Code   RO         3825    i.trigger_control_loop  shoot_task.o
    0x080170fc   0x080170fc   0x00000138   Code   RO         2429    i.usart6_init       bsp_usart.o
    0x08017234   0x08017234   0x00000026   Code   RO        10714    i.uxListRemove      list.o
    0x0801725a   0x0801725a   0x00000002   PAD
    0x0801725c   0x0801725c   0x00000014   Code   RO        11106    i.uxTaskGetStackHighWaterMark  tasks.o
    0x08017270   0x08017270   0x00000018   Code   RO          551    i.vApplicationGetIdleTaskMemory  freertos.o
    0x08017288   0x08017288   0x00000018   Code   RO          552    i.vApplicationGetTimerTaskMemory  freertos.o
    0x080172a0   0x080172a0   0x00000016   Code   RO        10715    i.vListInitialise   list.o
    0x080172b6   0x080172b6   0x00000006   Code   RO        10716    i.vListInitialiseItem  list.o
    0x080172bc   0x080172bc   0x00000036   Code   RO        10717    i.vListInsert       list.o
    0x080172f2   0x080172f2   0x00000018   Code   RO        10718    i.vListInsertEnd    list.o
    0x0801730a   0x0801730a   0x00000002   PAD
    0x0801730c   0x0801730c   0x00000040   Code   RO        12026    i.vPortEnterCritical  port.o
    0x0801734c   0x0801734c   0x0000002c   Code   RO        12027    i.vPortExitCritical  port.o
    0x08017378   0x08017378   0x0000005c   Code   RO        11976    i.vPortFree         heap_4.o
    0x080173d4   0x080173d4   0x00000024   Code   RO        12028    i.vPortSetupTimerInterrupt  port.o
    0x080173f8   0x080173f8   0x00000054   Code   RO        12029    i.vPortValidateInterruptPriority  port.o
    0x0801744c   0x0801744c   0x00000028   Code   RO        10765    i.vQueueAddToRegistry  queue.o
    0x08017474   0x08017474   0x0000004a   Code   RO        10768    i.vQueueWaitForMessageRestricted  queue.o
    0x080174be   0x080174be   0x00000002   PAD
    0x080174c0   0x080174c0   0x00000050   Code   RO        11110    i.vTaskDelay        tasks.o
    0x08017510   0x08017510   0x00000010   Code   RO        11114    i.vTaskInternalSetTimeOutState  tasks.o
    0x08017520   0x08017520   0x0000000c   Code   RO        11115    i.vTaskMissedYield  tasks.o
    0x0801752c   0x0801752c   0x00000034   Code   RO        11117    i.vTaskPlaceOnEventList  tasks.o
    0x08017560   0x08017560   0x0000003c   Code   RO        11118    i.vTaskPlaceOnEventListRestricted  tasks.o
    0x0801759c   0x0801759c   0x00000090   Code   RO        11125    i.vTaskStartScheduler  tasks.o
    0x0801762c   0x0801762c   0x00000010   Code   RO        11127    i.vTaskSuspendAll   tasks.o
    0x0801763c   0x0801763c   0x00000060   Code   RO        11128    i.vTaskSwitchContext  tasks.o
    0x0801769c   0x0801769c   0x00000040   Code   RO         5126    i.verify_CRC16_check_sum  crc8_crc16.o
    0x080176dc   0x080176dc   0x0000002e   Code   RO         5127    i.verify_CRC8_check_sum  crc8_crc16.o
    0x0801770a   0x0801770a   0x00000002   PAD
    0x0801770c   0x0801770c   0x000002e0   Code   RO         3919    i.vision_data_process  vision_task.o
    0x080179ec   0x080179ec   0x0000017c   Code   RO         3920    i.vision_judge_appear_target  vision_task.o
    0x08017b68   0x08017b68   0x0000005e   Code   RO         3921    i.vision_set_robot_mode  vision_task.o
    0x08017bc6   0x08017bc6   0x00000044   Code   RO         3922    i.vision_set_target_armor_color  vision_task.o
    0x08017c0a   0x08017c0a   0x0000004e   Code   RO         3923    i.vision_set_target_armor_num  vision_task.o
    0x08017c58   0x08017c58   0x000000c4   Code   RO         3924    i.vision_shoot_judge  vision_task.o
    0x08017d1c   0x08017d1c   0x00000064   Code   RO         3925    i.vision_task       vision_task.o
    0x08017d80   0x08017d80   0x0000009c   Code   RO         3926    i.vision_task_feedback_update  vision_task.o
    0x08017e1c   0x08017e1c   0x00000084   Code   RO         3927    i.vision_task_init  vision_task.o
    0x08017ea0   0x08017ea0   0x00000104   Code   RO        12030    i.xPortStartScheduler  port.o
    0x08017fa4   0x08017fa4   0x0000002c   Code   RO        12031    i.xPortSysTickHandler  port.o
    0x08017fd0   0x08017fd0   0x00000070   Code   RO        10772    i.xQueueGenericCreateStatic  queue.o
    0x08018040   0x08018040   0x00000090   Code   RO        10773    i.xQueueGenericReset  queue.o
    0x080180d0   0x080180d0   0x00000170   Code   RO        10774    i.xQueueGenericSend  queue.o
    0x08018240   0x08018240   0x000000bc   Code   RO        10775    i.xQueueGenericSendFromISR  queue.o
    0x080182fc   0x080182fc   0x00000148   Code   RO        10783    i.xQueueReceive     queue.o
    0x08018444   0x08018444   0x00000098   Code   RO        11130    i.xTaskCheckForTimeOut  tasks.o
    0x080184dc   0x080184dc   0x0000006c   Code   RO        11131    i.xTaskCreate       tasks.o
    0x08018548   0x08018548   0x00000060   Code   RO        11132    i.xTaskCreateStatic  tasks.o
    0x080185a8   0x080185a8   0x0000001c   Code   RO        11137    i.xTaskGetSchedulerState  tasks.o
    0x080185c4   0x080185c4   0x0000000c   Code   RO        11138    i.xTaskGetTickCount  tasks.o
    0x080185d0   0x080185d0   0x000000d0   Code   RO        11140    i.xTaskIncrementTick  tasks.o
    0x080186a0   0x080186a0   0x0000009c   Code   RO        11143    i.xTaskPriorityDisinherit  tasks.o
    0x0801873c   0x0801873c   0x00000078   Code   RO        11145    i.xTaskRemoveFromEventList  tasks.o
    0x080187b4   0x080187b4   0x000000cc   Code   RO        11146    i.xTaskResumeAll    tasks.o
    0x08018880   0x08018880   0x00000068   Code   RO        11455    i.xTimerCreateTimerTask  timers.o
    0x080188e8   0x080188e8   0x00000074   Code   RO        11456    i.xTimerGenericCommand  timers.o
    0x0801895c   0x0801895c   0x00000134   Data   RO          554    .constdata          freertos.o
    0x08018a90   0x08018a90   0x00000018   Data   RO         1731    .constdata          system_stm32f4xx.o
    0x08018aa8   0x08018aa8   0x00000020   Data   RO         2899    .constdata          chassis_task.o
    0x08018ac8   0x08018ac8   0x00000060   Data   RO         2983    .constdata          detect_task.o
    0x08018b28   0x08018b28   0x00001164   Data   RO         3268    .constdata          oled_task.o
    0x08019c8c   0x08019c8c   0x00000020   Data   RO         3827    .constdata          shoot_task.o
    0x08019cac   0x08019cac   0x00000030   Data   RO         4145    .constdata          ins_task.o
    0x08019cdc   0x08019cdc   0x0000115c   Data   RO         4249    .constdata          oled.o
    0x0801ae38   0x0801ae38   0x00000090   Data   RO         4985    .constdata          quaternionekf.o
    0x0801aec8   0x0801aec8   0x00000302   Data   RO         5128    .constdata          crc8_crc16.o
    0x0801b1ca   0x0801b1ca   0x00000008   Data   RO         6850    .constdata          stm32f4xx_hal_dma.o
    0x0801b1d2   0x0801b1d2   0x00000002   PAD
    0x0801b1d4   0x0801b1d4   0x00000804   Data   RO        12778    .constdata          arm_cortexM4lf_math.lib(arm_common_tables.o)
    0x0801b9d8   0x0801b9d8   0x00000098   Data   RO        12828    .constdata          m_wm.l(atan.o)
    0x0801ba70   0x0801ba70   0x00000058   Data   RO        12878    .constdata          m_wm.l(exp.o)
    0x0801bac8   0x0801bac8   0x00000038   Data   RO        12898    .constdata          m_wm.l(log.o)
    0x0801bb00   0x0801bb00   0x00000088   Data   RO        12912    .constdata          m_wm.l(pow.o)
    0x0801bb88   0x0801bb88   0x00000030   Data   RO        13061    .constdata          m_wm.l(cos_i.o)
    0x0801bbb8   0x0801bbb8   0x00000008   Data   RO        13097    .constdata          m_wm.l(qnan.o)
    0x0801bbc0   0x0801bbc0   0x000000c8   Data   RO        13100    .constdata          m_wm.l(rred.o)
    0x0801bc88   0x0801bc88   0x00000028   Data   RO        13107    .constdata          m_wm.l(sin_i.o)
    0x0801bcb0   0x0801bcb0   0x00000061   Data   RO          555    .conststring        freertos.o
    0x0801bd11   0x0801bd11   0x00000003   PAD
    0x0801bd14   0x0801bd14   0x00000020   Data   RO        13167    Region$$Table       anon$$obj.o


    Execution Region RW_IRAM1 (Exec base: 0x20000000, Load base: 0x0801bd34, Size: 0x0000eda8, Max: 0x00020000, ABSOLUTE, COMPRESSED[0x000001b4])

    Exec Addr    Load Addr    Size         Type   Attr      Idx    E Section Name        Object

    0x20000000   COMPRESSED   0x0000002c   Data   RW          556    .data               freertos.o
    0x2000002c   COMPRESSED   0x00000004   Data   RW          666    .data               can.o
    0x20000030   COMPRESSED   0x00000008   Data   RW          713    .data               crc.o
    0x20000038   COMPRESSED   0x0000004e   Data   RW         1359    .data               usbd_desc.o
    0x20000086   COMPRESSED   0x00000002   PAD
    0x20000088   COMPRESSED   0x00000010   Data   RW         1445    .data               usbd_cdc_if.o
    0x20000098   COMPRESSED   0x00000004   Data   RW         1732    .data               system_stm32f4xx.o
    0x2000009c   COMPRESSED   0x00000004   Data   RW         1772    .data               bsp_adc.o
    0x200000a0   COMPRESSED   0x00000008   Data   RW         2022    .data               bsp_delay.o
    0x200000a8   COMPRESSED   0x00000008   Data   RW         2290    .data               bsp_led.o
    0x200000b0   COMPRESSED   0x00000040   Data   RW         2510    .data               bsp_dwt.o
    0x200000f0   COMPRESSED   0x00000004   Data   RW         2619    .data               chassis_behaviour.o
    0x200000f4   COMPRESSED   0x00000024   Data   RW         2900    .data               chassis_task.o
    0x20000118   COMPRESSED   0x00000009   Data   RW         2984    .data               detect_task.o
    0x20000121   COMPRESSED   0x00000003   PAD
    0x20000124   COMPRESSED   0x00000018   Data   RW         3068    .data               gimbal_behaviour.o
    0x2000013c   COMPRESSED   0x00000010   Data   RW         3169    .data               gimbal_task.o
    0x2000014c   COMPRESSED   0x00000017   Data   RW         3269    .data               oled_task.o
    0x20000163   COMPRESSED   0x0000002c   Data   RW         3406    .data               referee.o
    0x2000018f   COMPRESSED   0x00000001   PAD
    0x20000190   COMPRESSED   0x00000002   Data   RW         3485    .data               referee_usart_task.o
    0x20000192   COMPRESSED   0x00000002   Data   RW         3546    .data               remote_control.o
    0x20000194   COMPRESSED   0x0000000a   Data   RW         3611    .data               test_task.o
    0x2000019e   COMPRESSED   0x00000019   Data   RW         3658    .data               can_receive.o
    0x200001b7   COMPRESSED   0x00000001   PAD
    0x200001b8   COMPRESSED   0x00000008   Data   RW         3742    .data               voltage_task.o
    0x200001c0   COMPRESSED   0x0000001c   Data   RW         3784    .data               led_flow_task.o
    0x200001dc   COMPRESSED   0x00000020   Data   RW         3828    .data               shoot_task.o
    0x200001fc   COMPRESSED   0x00000048   Data   RW         4146    .data               ins_task.o
    0x20000244   COMPRESSED   0x00000008   Data   RW         4250    .data               oled.o
    0x2000024c   COMPRESSED   0x00000048   Data   RW         4377    .data               bmi088driver.o
    0x20000294   COMPRESSED   0x00000004   Data   RW         4454    .data               bmi088middleware.o
    0x20000298   COMPRESSED   0x00000014   Data   RW         4840    .data               user_lib.o
    0x200002ac   COMPRESSED   0x000000d4   Data   RW         4986    .data               quaternionekf.o
    0x20000380   COMPRESSED   0x00000004   Data   RW         5054    .data               kalman_filter.o
    0x20000384   COMPRESSED   0x00000002   Data   RW         5129    .data               crc8_crc16.o
    0x20000386   COMPRESSED   0x00000002   PAD
    0x20000388   COMPRESSED   0x00000008   Data   RW         5474    .data               pid.o
    0x20000390   COMPRESSED   0x00000270   Data   RW         5649    .data               controller.o
    0x20000600   COMPRESSED   0x0000000c   Data   RW         7272    .data               stm32f4xx_hal.o
    0x2000060c   COMPRESSED   0x0000003c   Data   RW        11149    .data               tasks.o
    0x20000648   COMPRESSED   0x00000014   Data   RW        11464    .data               timers.o
    0x2000065c   COMPRESSED   0x00000018   Data   RW        11981    .data               heap_4.o
    0x20000674   COMPRESSED   0x0000000c   Data   RW        12032    .data               port.o
    0x20000680   COMPRESSED   0x00000001   Data   RW        12254    .data               usbd_ctlreq.o
    0x20000681   COMPRESSED   0x00000003   PAD
    0x20000684   COMPRESSED   0x000000d7   Data   RW        12410    .data               usbd_cdc.o
    0x2000075b   COMPRESSED   0x00000001   PAD
    0x2000075c   COMPRESSED   0x00000038   Data   RW        12411    .data               usbd_cdc.o
    0x20000794   COMPRESSED   0x00000004   Data   RW        13139    .data               mc_w.l(mvars.o)
    0x20000798   COMPRESSED   0x00000004   Data   RW        13140    .data               mc_w.l(mvars.o)
    0x2000079c   COMPRESSED   0x00000004   Data   RW        13144    .data               mc_w.l(errno.o)
    0x200007a0        -       0x000006a8   Zero   RW          553    .bss                freertos.o
    0x20000e48        -       0x00000090   Zero   RW          617    .bss                adc.o
    0x20000ed8        -       0x00000050   Zero   RW          665    .bss                can.o
    0x20000f28        -       0x0000015c   Zero   RW          784    .bss                i2c.o
    0x20001084        -       0x00000010   Zero   RW          836    .bss                rng.o
    0x20001094        -       0x00000020   Zero   RW          878    .bss                rtc.o
    0x200010b4        -       0x00000170   Zero   RW          921    .bss                spi.o
    0x20001224        -       0x00000180   Zero   RW          974    .bss                tim.o
    0x200013a4        -       0x000002a0   Zero   RW         1048    .bss                usart.o
    0x20001644        -       0x0000029c   Zero   RW         1098    .bss                usb_device.o
    0x200018e0        -       0x00000408   Zero   RW         1183    .bss                usbd_conf.o
    0x20001ce8        -       0x00000200   Zero   RW         1358    .bss                usbd_desc.o
    0x20001ee8        -       0x00001000   Zero   RW         1444    .bss                usbd_cdc_if.o
    0x20002ee8        -       0x00000010   Zero   RW         1771    .bss                bsp_adc.o
    0x20002ef8        -       0x000002ac   Zero   RW         2898    .bss                chassis_task.o
    0x200031a4        -       0x00000264   Zero   RW         2982    .bss                detect_task.o
    0x20003408        -       0x00000104   Zero   RW         3168    .bss                gimbal_task.o
    0x2000350c        -       0x00000081   Zero   RW         3405    .bss                referee.o
    0x2000358d   COMPRESSED   0x00000003   PAD
    0x20003590        -       0x000008a1   Zero   RW         3484    .bss                referee_usart_task.o
    0x20003e31        -       0x0000005e   Zero   RW         3545    .bss                remote_control.o
    0x20003e8f   COMPRESSED   0x00000001   PAD
    0x20003e90        -       0x000000ac   Zero   RW         3657    .bss                can_receive.o
    0x20003f3c        -       0x00000150   Zero   RW         3826    .bss                shoot_task.o
    0x2000408c        -       0x0000015c   Zero   RW         3928    .bss                vision_task.o
    0x200041e8        -       0x00000146   Zero   RW         4144    .bss                ins_task.o
    0x2000432e        -       0x00000417   Zero   RW         4248    .bss                oled.o
    0x20004745   COMPRESSED   0x00000003   PAD
    0x20004748        -       0x00000040   Zero   RW         4376    .bss                bmi088driver.o
    0x20004788        -       0x00000270   Zero   RW         4984    .bss                quaternionekf.o
    0x200049f8        -       0x00000170   Zero   RW         5546    .bss                stm32.o
    0x20004b68        -       0x00000040   Zero   RW        10786    .bss                queue.o
    0x20004ba8        -       0x000000f0   Zero   RW        11148    .bss                tasks.o
    0x20004c98        -       0x00000110   Zero   RW        11463    .bss                timers.o
    0x20004da8        -       0x00006000   Zero   RW        11980    .bss                heap_4.o
    0x2000ada8        -       0x00002000   Zero   RW            2    HEAP                startup_stm32f407xx.o
    0x2000cda8        -       0x00002000   Zero   RW            1    STACK               startup_stm32f407xx.o


==============================================================================

Image component sizes


      Code (inc. data)   RO Data    RW Data    ZI Data      Debug   Object Name

       396         42          0          0        144       2502   adc.o
         0          0          0          0          0        392   ahrs_middleware.o
      2882        174          0         72         64      10633   bmi088driver.o
       116         30          0          4          0       3560   bmi088middleware.o
       196         28          0          4         16     617761   bsp_adc.o
        36         12          0          0          0       1065   bsp_buzzer.o
        92          8          0          0          0        626   bsp_can.o
        48         16          0          8          0        737   bsp_delay.o
       580        112          0         64          0       4862   bsp_dwt.o
      1260        100          0          0          0       6189   bsp_i2c.o
       104         22          0          8          0        628   bsp_led.o
        58          0          0          0          0        962   bsp_pwm.o
       156         14          0          0          0       1090   bsp_rc.o
       312         26          0          0          0       1326   bsp_usart.o
       488         44          0          4         80       2578   can.o
      1116         94          0         25        172       8281   can_receive.o
       984         50          0          4          0      34200   chassis_behaviour.o
      4540        210         32         36        684      12775   chassis_task.o
       130          0          0          0          0      22395   cmsis_os.o
      2252         38          0        624          0      11862   controller.o
        84         18          0          8          0       1615   crc.o
       246         20        770          2          0       4694   crc8_crc16.o
      1356         48         96          9        612       5845   detect_task.o
       200          6          0          0          0        918   dma.o
         0          0          0          0          0      17992   event_groups.o
       258          0          0          0          0      10479   fifo.o
       386         70        405         44       1704       4573   freertos.o
      1742        144          0         24          0      11009   gimbal_behaviour.o
      2214        142          0         16        260      17487   gimbal_task.o
       596         30          0          0          0     748851   gpio.o
       492         32          0         24      24576       5167   heap_4.o
       700         80          0          0        348       3284   i2c.o
      2572        196         48         72        326      10700   ins_task.o
      3160         26          0          4          0       9519   kalman_filter.o
       432         10          0         28          0       1773   led_flow_task.o
       144          0          0          0          0       3822   list.o
       366         18          0          0          0     102248   main.o
      1092         56       4444          8       1047      12127   oled.o
       532         42       4452         23          0     595162   oled_task.o
      1718         24          0          8          0       6187   pid.o
       814         92          0         12          0      12477   port.o
      4156        234        144        212        624      10811   quaternionekf.o
      1584         24          0          0         64      15612   queue.o
       680        170          0         44        129      11331   referee.o
       684         50          0          2       2209       4196   referee_usart_task.o
       550         36          0          2         94       4999   remote_control.o
        84         18          0          0         16       1615   rng.o
        76         16          0          0         32       1563   rtc.o
      1616        204         32         32        336       8024   shoot_task.o
       604         54          0          0        368       2744   spi.o
        36          8        392          0      16384        876   startup_stm32f407xx.o
      1236         92          0          0        368       6536   stm32.o
       188         30          0         12          0       4857   stm32f4xx_hal.o
      1234         44          0          0          0       5570   stm32f4xx_hal_adc.o
      2004          6          0          0          0      15771   stm32f4xx_hal_can.o
       208         16          0          0          0      33863   stm32f4xx_hal_cortex.o
        40          0          0          0          0       1139   stm32f4xx_hal_crc.o
       906         18          8          0          0       4496   stm32f4xx_hal_dma.o
       594         28          0          0          0       4659   stm32f4xx_hal_gpio.o
      1544         34          0          0          0       8961   stm32f4xx_hal_i2c.o
        84          6          0          0          0        914   stm32f4xx_hal_msp.o
      2534         18          0          0          0      14101   stm32f4xx_hal_pcd.o
        84          0          0          0          0       2717   stm32f4xx_hal_pcd_ex.o
      1638        100          0          0          0       6688   stm32f4xx_hal_rcc.o
       380         34          0          0          0       1604   stm32f4xx_hal_rcc_ex.o
        52          0          0          0          0       1167   stm32f4xx_hal_rng.o
       312          0          0          0          0       2864   stm32f4xx_hal_rtc.o
       900          8          0          0          0       4825   stm32f4xx_hal_spi.o
      1450         46          0          0          0      13851   stm32f4xx_hal_tim.o
       180          0          0          0          0       2364   stm32f4xx_hal_tim_ex.o
       932         14          0          0          0       1988   stm32f4xx_hal_uart.o
       192         42          0          0          0      24325   stm32f4xx_it.o
      2762        110          0          0          0      24570   stm32f4xx_ll_usb.o
       100         18         24          4          0       1275   system_stm32f4xx.o
      2312        200          0         60        240      27480   tasks.o
       264         28          0         10          0       2156   test_task.o
      2108        160          0          0        384       7163   tim.o
      1016         96          0         20        272      28043   timers.o
      1016         94          0          0        672       3763   usart.o
        76         16          0          0        668       7179   usb_device.o
       836         16          0        271          0      14386   usbd_cdc.o
       200         22          0         16       4096      19460   usbd_cdc_if.o
       990         18          0          0       1032      16716   usbd_conf.o
       736          0          0          0          0      13705   usbd_core.o
      1648         30          0          1          0      12364   usbd_ctlreq.o
       386        122          0         78        512       7053   usbd_desc.o
       132          0          0          0          0       4800   usbd_ioreq.o
      1006         30          0         20          0       9097   user_lib.o
      4802        170          0          0        348      30198   vision_task.o
       336         72          0          8          0       2213   voltage_task.o

    ----------------------------------------------------------------------
     82422       4626      10884       1940      58888    2787005   Object Totals
         0          0         32          0          0          0   (incl. Generated)
        84          0          5         13          7          0   (incl. Padding)

    ----------------------------------------------------------------------

      Code (inc. data)   RO Data    RW Data    ZI Data      Debug   Library Member Name

         0          0       2052          0          0       4636   arm_common_tables.o
       120         12          0          0          0      16970   arm_cos_f32.o
       264          0          0          0          0       1482   arm_mat_add_f32.o
         8          0          0          0          0        843   arm_mat_init_f32.o
      1328          4          0          0          0       2718   arm_mat_inverse_f32.o
       316          4          0          0          0       1627   arm_mat_mult_f32.o
       264          0          0          0          0       1482   arm_mat_sub_f32.o
       276          0          0          0          0       1516   arm_mat_trans_f32.o
       116         12          0          0          0        658   arm_sin_f32.o
       280         46          0          0          0        176   acosf.o
       300         42          0          0          0        176   asinf.o
       744        106        152          0          0        352   atan.o
       512         64          0          0          0        208   atan2.o
       684         90          0          0          0        208   atan2f.o
       200         20          0          0          0        164   cos.o
       368         46         48          0          0        200   cos_i.o
       184         44          0          0          0        744   dunder.o
       856        142         88          0          0        288   exp.o
        44          0          0          0          0        248   fabs.o
        48          0          0          0          0        124   fpclassify.o
        38          0          0          0          0        116   fpclassifyf.o
        44         12          0          0          0        464   funder.o
       964         92         56          0          0        316   log.o
       248          0          0          0          0        152   poly.o
      3152        296        136          0          0        352   pow.o
         0          0          8          0          0          0   qnan.o
      1080        142        200          0          0        188   rred.o
       200         20          0          0          0        164   sin.o
       304         24         40          0          0        208   sin_i.o
       232          0          0          0          0        296   sqrt_full.o
       120          0          0          0          0        272   sqrtf_full.o
        86          0          0          0          0          0   __dczerorl2.o
         0          0          0          0          0          0   entry.o
         0          0          0          0          0          0   entry10a.o
         0          0          0          0          0          0   entry11a.o
         4          0          0          0          0          0   entry12b.o
         8          4          0          0          0          0   entry2.o
         4          0          0          0          0          0   entry5.o
         0          0          0          0          0          0   entry7b.o
         0          0          0          0          0          0   entry8b.o
         8          4          0          0          0          0   entry9a.o
        12          6          0          4          0         68   errno.o
        30          0          0          0          0          0   handlers.o
        36          8          0          0          0         68   init.o
         0          0          0          0          0          0   iusefp.o
        30          0          0          0          0         68   llshl.o
        36          0          0          0          0         68   llsshr.o
        32          0          0          0          0         68   llushr.o
       188         20          0          0          0        160   malloc.o
        36          0          0          0          0         68   memcpya.o
        36          0          0          0          0        108   memseta.o
         0          0          0          8          0          0   mvars.o
      2232         86          0          0          0        528   printfa.o
        44          0          0          0          0         80   uidiv.o
        98          0          0          0          0         92   uldiv.o
        48          0          0          0          0         68   cdcmple.o
        48          0          0          0          0         68   cdrcmple.o
        56          0          0          0          0         88   d2f.o
       334          0          0          0          0        148   dadd.o
       222          0          0          0          0        100   ddiv.o
       186          0          0          0          0        176   depilogue.o
        62          0          0          0          0         80   dfixi.o
        48          0          0          0          0         68   dfixul.o
        34          0          0          0          0         76   dflti.o
        26          0          0          0          0         76   dfltui.o
       228          0          0          0          0         96   dmul.o
        46          0          0          0          0         80   dscalb.o
       162          0          0          0          0        100   dsqrt.o
        38          0          0          0          0         68   f2d.o
       110          0          0          0          0        168   fepilogue.o

    ----------------------------------------------------------------------
     17886       1358       2780         12          0      40184   Library Totals
        24         12          0          0          0          0   (incl. Padding)

    ----------------------------------------------------------------------

      Code (inc. data)   RO Data    RW Data    ZI Data      Debug   Library Name

      2692         32       2052          0          0      31932   arm_cortexM4lf_math.lib
     10602       1186        728          0          0       5416   m_wm.l
      2920        128          0         12          0       1376   mc_w.l
      1648          0          0          0          0       1460   mf_w.l

    ----------------------------------------------------------------------
     17886       1358       2780         12          0      40184   Library Totals

    ----------------------------------------------------------------------

==============================================================================


      Code (inc. data)   RO Data    RW Data    ZI Data      Debug   

    100308       5984      13664       1952      58888    2764565   Grand Totals
    100308       5984      13664        436      58888    2764565   ELF Image Totals (compressed)
    100308       5984      13664        436          0          0   ROM Totals

==============================================================================

    Total RO  Size (Code + RO Data)               113972 ( 111.30kB)
    Total RW  Size (RW Data + ZI Data)             60840 (  59.41kB)
    Total ROM Size (Code + RO Data + RW Data)     114408 ( 111.73kB)

==============================================================================

