<html>
<body>
<pre>
<h1>µVision Build Log</h1>
<h2>Tool Versions:</h2>
IDE-Version: ¦ÌVision V5.37.0.0
Copyright (C) 2022 ARM Ltd and ARM Germany GmbH. All rights reserved.
License Information: yuan luochen, qiqi, LIC=PE7DL-0T0L2-BS4YX-H6NBG-APN1Y-Q4ZVJ
 
Tool Versions:
Toolchain:       MDK-ARM Plus  Version: 5.37.0.0
Toolchain Path:  C:\Keil_v5\ARM\Ac506u7\Bin
C Compiler:      Armcc.exe V5.06 update 7 (build 960)
Assembler:       Armasm.exe V5.06 update 7 (build 960)
Linker/Locator:  ArmLink.exe V5.06 update 7 (build 960)
Library Manager: ArmAr.exe V5.06 update 7 (build 960)
Hex Converter:   FromElf.exe V5.06 update 7 (build 960)
CPU DLL:         SARMCM3.DLL V5.37.0.0
Dialog DLL:      DCM.DLL V1.17.5.0
Target DLL:      STLink\ST-LINKIII-KEIL_SWO.dll V3.0.9.0
Dialog DLL:      TCM.DLL V1.56.1.0
 
<h2>Project:</h2>
C:\Users\discipline\developer_workspace\code\Wheat3.1\MDK-ARM\standard_robot.uvprojx
Project File Date:  01/27/2023

<h2>Output:</h2>
*** Using Compiler 'V5.06 update 7 (build 960)', folder: 'C:\Keil_v5\ARM\Ac506u7\Bin'
Build target 'standard_robot'
compiling chassis_task.c...
..\application\chassis_task.c(321): warning:  #177-D: variable "vx_channel"  was declared but never referenced
      int16_t vx_channel, vy_channel;
..\application\chassis_task.c(321): warning:  #177-D: variable "vy_channel"  was declared but never referenced
      int16_t vx_channel, vy_channel;
..\application\chassis_task.c(322): warning:  #177-D: variable "vx_set_channel"  was declared but never referenced
      fp32 vx_set_channel, vy_set_channel;
..\application\chassis_task.c(322): warning:  #177-D: variable "vy_set_channel"  was declared but never referenced
      fp32 vx_set_channel, vy_set_channel;
..\application\chassis_task.c(424): warning:  #177-D: variable "relative_angle"  was declared but never referenced
  		fp32 relative_angle=0.0f;
..\application\chassis_task.c: 5 warnings, 0 errors
linking...
Program Size: Code=105800 RO-data=13712 RW-data=1316 ZI-data=59748  
FromELF: creating hex file...
"standard_tpye_c\standard_tpye_c.axf" - 0 Error(s), 5 Warning(s).

<h2>Software Packages used:</h2>

Package Vendor: ARM
                http://www.keil.com/pack/ARM.CMSIS.5.9.0.pack
                ARM.CMSIS.5.9.0
                CMSIS (Common Microcontroller Software Interface Standard)
   * Component: CORE Version: 5.6.0

Package Vendor: Keil
                http://www.keil.com/pack/Keil.STM32F4xx_DFP.2.16.0.pack
                Keil.STM32F4xx_DFP.2.16.0
                STMicroelectronics STM32F4 Series Device Support, Drivers and Examples

<h2>Collection of Component include folders:</h2>
  ./RTE/_standard_robot
  C:/Users/discipline/AppData/Local/arm/packs/ARM/CMSIS/5.9.0/CMSIS/Core/Include
  C:/Users/discipline/AppData/Local/arm/packs/Keil/STM32F4xx_DFP/2.16.0/Drivers/CMSIS/Device/ST/STM32F4xx/Include

<h2>Collection of Component Files used:</h2>

   * Component: ARM::CMSIS:CORE:5.6.0
Build Time Elapsed:  00:00:04
</pre>
</body>
</html>
